Archive member included to satisfy reference by file (symbol)

/usr/lib/gcc/arm-none-eabi/9.2.1/../../../arm-none-eabi/lib/thumb/v7e-m+fp/hard/libc_nano.a(lib_a-atexit.o)
                              /usr/lib/gcc/arm-none-eabi/9.2.1/../../../arm-none-eabi/lib/thumb/v7e-m+fp/hard/crt0.o (atexit)
/usr/lib/gcc/arm-none-eabi/9.2.1/../../../arm-none-eabi/lib/thumb/v7e-m+fp/hard/libc_nano.a(lib_a-exit.o)
                              /usr/lib/gcc/arm-none-eabi/9.2.1/../../../arm-none-eabi/lib/thumb/v7e-m+fp/hard/crt0.o (exit)
/usr/lib/gcc/arm-none-eabi/9.2.1/../../../arm-none-eabi/lib/thumb/v7e-m+fp/hard/libc_nano.a(lib_a-fini.o)
                              /usr/lib/gcc/arm-none-eabi/9.2.1/../../../arm-none-eabi/lib/thumb/v7e-m+fp/hard/crt0.o (__libc_fini_array)
/usr/lib/gcc/arm-none-eabi/9.2.1/../../../arm-none-eabi/lib/thumb/v7e-m+fp/hard/libc_nano.a(lib_a-impure.o)
                              /usr/lib/gcc/arm-none-eabi/9.2.1/../../../arm-none-eabi/lib/thumb/v7e-m+fp/hard/libc_nano.a(lib_a-exit.o) (_global_impure_ptr)
/usr/lib/gcc/arm-none-eabi/9.2.1/../../../arm-none-eabi/lib/thumb/v7e-m+fp/hard/libc_nano.a(lib_a-init.o)
                              /usr/lib/gcc/arm-none-eabi/9.2.1/../../../arm-none-eabi/lib/thumb/v7e-m+fp/hard/crt0.o (__libc_init_array)
/usr/lib/gcc/arm-none-eabi/9.2.1/../../../arm-none-eabi/lib/thumb/v7e-m+fp/hard/libc_nano.a(lib_a-memcpy.o)
                              build/queue.o (memcpy)
/usr/lib/gcc/arm-none-eabi/9.2.1/../../../arm-none-eabi/lib/thumb/v7e-m+fp/hard/libc_nano.a(lib_a-memset.o)
                              /usr/lib/gcc/arm-none-eabi/9.2.1/../../../arm-none-eabi/lib/thumb/v7e-m+fp/hard/crt0.o (memset)
/usr/lib/gcc/arm-none-eabi/9.2.1/../../../arm-none-eabi/lib/thumb/v7e-m+fp/hard/libc_nano.a(lib_a-__atexit.o)
                              /usr/lib/gcc/arm-none-eabi/9.2.1/../../../arm-none-eabi/lib/thumb/v7e-m+fp/hard/libc_nano.a(lib_a-atexit.o) (__register_exitproc)
/usr/lib/gcc/arm-none-eabi/9.2.1/../../../arm-none-eabi/lib/thumb/v7e-m+fp/hard/libc_nano.a(lib_a-__call_atexit.o)
                              /usr/lib/gcc/arm-none-eabi/9.2.1/../../../arm-none-eabi/lib/thumb/v7e-m+fp/hard/libc_nano.a(lib_a-__atexit.o) (__call_exitprocs)
/usr/lib/gcc/arm-none-eabi/9.2.1/../../../arm-none-eabi/lib/thumb/v7e-m+fp/hard/libnosys.a(_exit.o)
                              /usr/lib/gcc/arm-none-eabi/9.2.1/../../../arm-none-eabi/lib/thumb/v7e-m+fp/hard/libc_nano.a(lib_a-exit.o) (_exit)
/usr/lib/gcc/arm-none-eabi/9.2.1/thumb/v7e-m+fp/hard/libgcc.a(_aeabi_uldivmod.o)
                              build/stm32f4xx_hal_rcc.o (__aeabi_uldivmod)
/usr/lib/gcc/arm-none-eabi/9.2.1/thumb/v7e-m+fp/hard/libgcc.a(_udivmoddi4.o)
                              /usr/lib/gcc/arm-none-eabi/9.2.1/thumb/v7e-m+fp/hard/libgcc.a(_aeabi_uldivmod.o) (__udivmoddi4)
/usr/lib/gcc/arm-none-eabi/9.2.1/thumb/v7e-m+fp/hard/libgcc.a(_dvmd_tls.o)
                              /usr/lib/gcc/arm-none-eabi/9.2.1/thumb/v7e-m+fp/hard/libgcc.a(_aeabi_uldivmod.o) (__aeabi_ldiv0)

Allocating common symbols
Common symbol       size              file

hdma_sdio_rx        0x60              build/main.o
retSD               0x1               build/fatfs.o
defaultTaskHandle   0x4               build/main.o
byteswritten        0x4               build/main.o
uwTick              0x4               build/stm32f4xx_hal.o
xQueueRegistry      0x40              build/queue.o
pFlash              0x20              build/stm32f4xx_hal_flash.o
bytesread           0x4               build/main.o
SDPath              0x4               build/fatfs.o
hdma_sdio_tx        0x60              build/main.o
htim6               0x40              build/stm32f4xx_hal_timebase_tim.o
rtext               0x64              build/main.o
hsd                 0x84              build/main.o
SDFile              0x1030            build/fatfs.o
res                 0x1               build/main.o
SDFatFS             0x1038            build/fatfs.o

Discarded input sections

 .text          0x0000000000000000        0x0 /usr/lib/gcc/arm-none-eabi/9.2.1/thumb/v7e-m+fp/hard/crti.o
 .data          0x0000000000000000        0x0 /usr/lib/gcc/arm-none-eabi/9.2.1/thumb/v7e-m+fp/hard/crti.o
 .bss           0x0000000000000000        0x0 /usr/lib/gcc/arm-none-eabi/9.2.1/thumb/v7e-m+fp/hard/crti.o
 .data          0x0000000000000000        0x4 /usr/lib/gcc/arm-none-eabi/9.2.1/thumb/v7e-m+fp/hard/crtbegin.o
 .text          0x0000000000000000       0x70 /usr/lib/gcc/arm-none-eabi/9.2.1/../../../arm-none-eabi/lib/thumb/v7e-m+fp/hard/crt0.o
 .data          0x0000000000000000        0x0 /usr/lib/gcc/arm-none-eabi/9.2.1/../../../arm-none-eabi/lib/thumb/v7e-m+fp/hard/crt0.o
 .bss           0x0000000000000000        0x0 /usr/lib/gcc/arm-none-eabi/9.2.1/../../../arm-none-eabi/lib/thumb/v7e-m+fp/hard/crt0.o
 .ARM.extab     0x0000000000000000        0x0 /usr/lib/gcc/arm-none-eabi/9.2.1/../../../arm-none-eabi/lib/thumb/v7e-m+fp/hard/crt0.o
[...]
Memory Configuration

Name             Origin             Length             Attributes
RAM              0x0000000020000000 0x0000000000020000 xrw
CCMRAM           0x0000000010000000 0x0000000000010000 rw
FLASH            0x0000000008000000 0x0000000000100000 xr
*default*        0x0000000000000000 0xffffffffffffffff

Linker script and memory map

LOAD /usr/lib/gcc/arm-none-eabi/9.2.1/thumb/v7e-m+fp/hard/crti.o
LOAD /usr/lib/gcc/arm-none-eabi/9.2.1/thumb/v7e-m+fp/hard/crtbegin.o
LOAD /usr/lib/gcc/arm-none-eabi/9.2.1/../../../arm-none-eabi/lib/thumb/v7e-m+fp/hard/crt0.o
LOAD build/stm32f4xx_ll_sdmmc.o
LOAD build/stm32f4xx_hal_sd.o
LOAD build/stm32f4xx_hal_tim.o
LOAD build/stm32f4xx_hal_tim_ex.o
LOAD build/stm32f4xx_hal_rcc.o
LOAD build/stm32f4xx_hal_rcc_ex.o
LOAD build/stm32f4xx_hal_flash.o
LOAD build/stm32f4xx_hal_flash_ex.o
LOAD build/stm32f4xx_hal_flash_ramfunc.o
LOAD build/stm32f4xx_hal_gpio.o
LOAD build/stm32f4xx_hal_dma_ex.o
LOAD build/stm32f4xx_hal_dma.o
LOAD build/stm32f4xx_hal_pwr.o
LOAD build/stm32f4xx_hal_pwr_ex.o
LOAD build/stm32f4xx_hal_cortex.o
LOAD build/stm32f4xx_hal.o
LOAD build/stm32f4xx_hal_exti.o
LOAD build/diskio.o
LOAD build/ff.o
LOAD build/ff_gen_drv.o
LOAD build/syscall.o
LOAD build/main.o
LOAD build/bsp_driver_sd.o
LOAD build/sd_diskio.o
LOAD build/fatfs.o
LOAD build/freertos.o
LOAD build/stm32f4xx_it.o
LOAD build/stm32f4xx_hal_msp.o
LOAD build/stm32f4xx_hal_timebase_tim.o
LOAD build/system_stm32f4xx.o
LOAD build/croutine.o
LOAD build/event_groups.o
LOAD build/list.o
LOAD build/queue.o
LOAD build/stream_buffer.o
LOAD build/tasks.o
LOAD build/timers.o
LOAD build/cmsis_os2.o
LOAD build/heap_4.o
LOAD build/port.o
LOAD build/startup_stm32f407xx.o
LOAD /usr/lib/gcc/arm-none-eabi/9.2.1/../../../arm-none-eabi/lib/thumb/v7e-m+fp/hard/libc_nano.a
LOAD /usr/lib/gcc/arm-none-eabi/9.2.1/../../../arm-none-eabi/lib/thumb/v7e-m+fp/hard/libm.a
LOAD /usr/lib/gcc/arm-none-eabi/9.2.1/../../../arm-none-eabi/lib/thumb/v7e-m+fp/hard/libnosys.a
START GROUP
LOAD /usr/lib/gcc/arm-none-eabi/9.2.1/thumb/v7e-m+fp/hard/libgcc.a
LOAD /usr/lib/gcc/arm-none-eabi/9.2.1/../../../arm-none-eabi/lib/thumb/v7e-m+fp/hard/libc_nano.a
END GROUP
START GROUP
LOAD /usr/lib/gcc/arm-none-eabi/9.2.1/thumb/v7e-m+fp/hard/libgcc.a
LOAD /usr/lib/gcc/arm-none-eabi/9.2.1/../../../arm-none-eabi/lib/thumb/v7e-m+fp/hard/libc_nano.a
END GROUP
LOAD /usr/lib/gcc/arm-none-eabi/9.2.1/thumb/v7e-m+fp/hard/crtend.o
LOAD /usr/lib/gcc/arm-none-eabi/9.2.1/thumb/v7e-m+fp/hard/crtn.o
                0x0000000020020000                _estack = 0x20020000
                0x0000000000002000                _Min_Heap_Size = 0x2000
                0x0000000000004000                _Min_Stack_Size = 0x4000

.isr_vector     0x0000000008000000      0x188
                0x0000000008000000                . = ALIGN (0x4)
 *(.isr_vector)
 .isr_vector    0x0000000008000000      0x188 build/startup_stm32f407xx.o
                0x0000000008000000                g_pfnVectors
                0x0000000008000188                . = ALIGN (0x4)

.text           0x0000000008000190     0x6e30
                0x0000000008000190                . = ALIGN (0x4)
 *(.text)
 .text          0x0000000008000190       0x88 /usr/lib/gcc/arm-none-eabi/9.2.1/thumb/v7e-m+fp/hard/crtbegin.o
 .text          0x0000000008000218       0x48 /usr/lib/gcc/arm-none-eabi/9.2.1/../../../arm-none-eabi/lib/thumb/v7e-m+fp/hard/libc_nano.a(lib_a-init.o)
                0x0000000008000218                __libc_init_array
 .text          0x0000000008000260      0x134 /usr/lib/gcc/arm-none-eabi/9.2.1/../../../arm-none-eabi/lib/thumb/v7e-m+fp/hard/libc_nano.a(lib_a-memcpy.o)
                0x0000000008000260                memcpy
 .text          0x0000000008000394       0xa0 /usr/lib/gcc/arm-none-eabi/9.2.1/../../../arm-none-eabi/lib/thumb/v7e-m+fp/hard/libc_nano.a(lib_a-memset.o)
                0x0000000008000394                memset
 .text          0x0000000008000434       0x30 /usr/lib/gcc/arm-none-eabi/9.2.1/thumb/v7e-m+fp/hard/libgcc.a(_aeabi_uldivmod.o)
                0x0000000008000434                __aeabi_uldivmod
 .text          0x0000000008000464      0x2c4 /usr/lib/gcc/arm-none-eabi/9.2.1/thumb/v7e-m+fp/hard/libgcc.a(_udivmoddi4.o)
                0x0000000008000464                __udivmoddi4
 .text          0x0000000008000728        0x4 /usr/lib/gcc/arm-none-eabi/9.2.1/thumb/v7e-m+fp/hard/libgcc.a(_dvmd_tls.o)
                0x0000000008000728                __aeabi_ldiv0
                0x0000000008000728                __aeabi_idiv0
 *(.text*)
 .text.SDMMC_GetCmdError
                0x000000000800072c       0x38 build/stm32f4xx_ll_sdmmc.o
 .text.SDMMC_GetCmdResp2
                0x0000000008000764       0x5c build/stm32f4xx_ll_sdmmc.o
 .text.SDMMC_GetCmdResp3
                0x00000000080007c0       0x4c build/stm32f4xx_ll_sdmmc.o
 .text.SDMMC_GetCmdResp7
                0x000000000800080c       0x64 build/stm32f4xx_ll_sdmmc.o
 .text.SDIO_Init
                0x0000000008000870       0x38 build/stm32f4xx_ll_sdmmc.o
                0x0000000008000870                SDIO_Init
 .text.SDIO_ReadFIFO
                0x00000000080008a8        0x6 build/stm32f4xx_ll_sdmmc.o
                0x00000000080008a8                SDIO_ReadFIFO
 .text.SDIO_WriteFIFO
                0x00000000080008ae        0xa build/stm32f4xx_ll_sdmmc.o
                0x00000000080008ae                SDIO_WriteFIFO
 .text.SDIO_PowerState_ON
                0x00000000080008b8       0x10 build/stm32f4xx_ll_sdmmc.o
                0x00000000080008b8                SDIO_PowerState_ON
 .text.SDIO_GetPowerState
                0x00000000080008c8        0x8 build/stm32f4xx_ll_sdmmc.o
                0x00000000080008c8                SDIO_GetPowerState
 .text.SDIO_SendCommand
                0x00000000080008d0       0x24 build/stm32f4xx_ll_sdmmc.o
                0x00000000080008d0                SDIO_SendCommand
 .text.SDIO_GetCommandResponse
                0x00000000080008f4        0x6 build/stm32f4xx_ll_sdmmc.o
                0x00000000080008f4                SDIO_GetCommandResponse
 .text.SDIO_GetResponse
                0x00000000080008fa        0x6 build/stm32f4xx_ll_sdmmc.o
                0x00000000080008fa                SDIO_GetResponse
 .text.SDMMC_GetCmdResp1
                0x0000000008000900      0x154 build/stm32f4xx_ll_sdmmc.o
 .text.SDMMC_GetCmdResp6
                0x0000000008000a54       0xa0 build/stm32f4xx_ll_sdmmc.o
 .text.SDIO_ConfigData
                0x0000000008000af4       0x24 build/stm32f4xx_ll_sdmmc.o
                0x0000000008000af4                SDIO_ConfigData
 .text.SDMMC_CmdBlockLength
                0x0000000008000b18       0x30 build/stm32f4xx_ll_sdmmc.o
                0x0000000008000b18                SDMMC_CmdBlockLength
 .text.SDMMC_CmdReadSingleBlock
                0x0000000008000b48       0x30 build/stm32f4xx_ll_sdmmc.o
                0x0000000008000b48                SDMMC_CmdReadSingleBlock
 .text.SDMMC_CmdReadMultiBlock
                0x0000000008000b78       0x30 build/stm32f4xx_ll_sdmmc.o
                0x0000000008000b78                SDMMC_CmdReadMultiBlock
 .text.SDMMC_CmdWriteSingleBlock
                0x0000000008000ba8       0x30 build/stm32f4xx_ll_sdmmc.o
                0x0000000008000ba8                SDMMC_CmdWriteSingleBlock
 .text.SDMMC_CmdWriteMultiBlock
                0x0000000008000bd8       0x30 build/stm32f4xx_ll_sdmmc.o
                0x0000000008000bd8                SDMMC_CmdWriteMultiBlock
 .text.SDMMC_CmdStopTransfer
                0x0000000008000c08       0x34 build/stm32f4xx_ll_sdmmc.o
                0x0000000008000c08                SDMMC_CmdStopTransfer
 .text.SDMMC_CmdSelDesel
                0x0000000008000c3c       0x30 build/stm32f4xx_ll_sdmmc.o
                0x0000000008000c3c                SDMMC_CmdSelDesel
 .text.SDMMC_CmdGoIdleState
                0x0000000008000c6c       0x26 build/stm32f4xx_ll_sdmmc.o
                0x0000000008000c6c                SDMMC_CmdGoIdleState
 .text.SDMMC_CmdOperCond
                0x0000000008000c92       0x2e build/stm32f4xx_ll_sdmmc.o
                0x0000000008000c92                SDMMC_CmdOperCond
 .text.SDMMC_CmdAppCommand
                0x0000000008000cc0       0x30 build/stm32f4xx_ll_sdmmc.o
                0x0000000008000cc0                SDMMC_CmdAppCommand
 .text.SDMMC_CmdAppOperCommand
                0x0000000008000cf0       0x32 build/stm32f4xx_ll_sdmmc.o
                0x0000000008000cf0                SDMMC_CmdAppOperCommand
 .text.SDMMC_CmdSendCID
                0x0000000008000d22       0x2a build/stm32f4xx_ll_sdmmc.o
                0x0000000008000d22                SDMMC_CmdSendCID
 .text.SDMMC_CmdSendCSD
                0x0000000008000d4c       0x2a build/stm32f4xx_ll_sdmmc.o
                0x0000000008000d4c                SDMMC_CmdSendCSD
 .text.SDMMC_CmdSetRelAdd
                0x0000000008000d76       0x30 build/stm32f4xx_ll_sdmmc.o
                0x0000000008000d76                SDMMC_CmdSetRelAdd
 .text.SDMMC_CmdSendStatus
                0x0000000008000da6       0x30 build/stm32f4xx_ll_sdmmc.o
                0x0000000008000da6                SDMMC_CmdSendStatus
 .text.SD_DMATransmitCplt
                0x0000000008000dd6        0xe build/stm32f4xx_hal_sd.o
 .text.SD_PowerON
                0x0000000008000de4       0xc0 build/stm32f4xx_hal_sd.o
 .text.SD_Read_IT
                0x0000000008000ea4       0x36 build/stm32f4xx_hal_sd.o
 .text.SD_Write_IT
                0x0000000008000eda       0x46 build/stm32f4xx_hal_sd.o
 .text.SD_SendStatus
                0x0000000008000f20       0x2c build/stm32f4xx_hal_sd.o
 .text.HAL_SD_ReadBlocks_DMA
                0x0000000008000f4c      0x144 build/stm32f4xx_hal_sd.o
                0x0000000008000f4c                HAL_SD_ReadBlocks_DMA
 .text.HAL_SD_WriteBlocks_DMA
                0x0000000008001090      0x148 build/stm32f4xx_hal_sd.o
                0x0000000008001090                HAL_SD_WriteBlocks_DMA
 .text.HAL_SD_ErrorCallback
                0x00000000080011d8        0x2 build/stm32f4xx_hal_sd.o
                0x00000000080011d8                HAL_SD_ErrorCallback
 .text.SD_DMAReceiveCplt
                0x00000000080011da       0x48 build/stm32f4xx_hal_sd.o
 *fill*         0x0000000008001222        0x2 
 .text.HAL_SD_GetCardCSD
                0x0000000008001224      0x1bc build/stm32f4xx_hal_sd.o
                0x0000000008001224                HAL_SD_GetCardCSD
 .text.SD_InitCard
                0x00000000080013e0      0x100 build/stm32f4xx_hal_sd.o
 .text.HAL_SD_InitCard
                0x00000000080014e0       0x78 build/stm32f4xx_hal_sd.o
                0x00000000080014e0                HAL_SD_InitCard
 .text.HAL_SD_Init
                0x0000000008001558       0x36 build/stm32f4xx_hal_sd.o
                0x0000000008001558                HAL_SD_Init
 .text.HAL_SD_GetCardInfo
                0x000000000800158e       0x24 build/stm32f4xx_hal_sd.o
                0x000000000800158e                HAL_SD_GetCardInfo
 .text.HAL_SD_GetCardState
                0x00000000080015b2       0x22 build/stm32f4xx_hal_sd.o
                0x00000000080015b2                HAL_SD_GetCardState
 .text.SD_DMAError
                0x00000000080015d4       0x68 build/stm32f4xx_hal_sd.o
 .text.SD_DMATxAbort
                0x000000000800163c       0x44 build/stm32f4xx_hal_sd.o
 .text.SD_DMARxAbort
                0x0000000008001680       0x44 build/stm32f4xx_hal_sd.o
 .text.HAL_SD_IRQHandler
                0x00000000080016c4      0x1e0 build/stm32f4xx_hal_sd.o
                0x00000000080016c4                HAL_SD_IRQHandler
 .text.HAL_TIM_Base_MspInit
                0x00000000080018a4        0x2 build/stm32f4xx_hal_tim.o
                0x00000000080018a4                HAL_TIM_Base_MspInit
 .text.HAL_TIM_Base_Start_IT
                0x00000000080018a6       0x22 build/stm32f4xx_hal_tim.o
                0x00000000080018a6                HAL_TIM_Base_Start_IT
 .text.HAL_TIM_OC_DelayElapsedCallback
                0x00000000080018c8        0x2 build/stm32f4xx_hal_tim.o
                0x00000000080018c8                HAL_TIM_OC_DelayElapsedCallback
 .text.HAL_TIM_IC_CaptureCallback
                0x00000000080018ca        0x2 build/stm32f4xx_hal_tim.o
                0x00000000080018ca                HAL_TIM_IC_CaptureCallback
 .text.HAL_TIM_PWM_PulseFinishedCallback
                0x00000000080018cc        0x2 build/stm32f4xx_hal_tim.o
                0x00000000080018cc                HAL_TIM_PWM_PulseFinishedCallback
 .text.HAL_TIM_TriggerCallback
                0x00000000080018ce        0x2 build/stm32f4xx_hal_tim.o
                0x00000000080018ce                HAL_TIM_TriggerCallback
 .text.HAL_TIM_IRQHandler
                0x00000000080018d0      0x17a build/stm32f4xx_hal_tim.o
                0x00000000080018d0                HAL_TIM_IRQHandler
 *fill*         0x0000000008001a4a        0x2 
 .text.TIM_Base_SetConfig
                0x0000000008001a4c       0xc8 build/stm32f4xx_hal_tim.o
                0x0000000008001a4c                TIM_Base_SetConfig
 .text.HAL_TIM_Base_Init
                0x0000000008001b14       0x34 build/stm32f4xx_hal_tim.o
                0x0000000008001b14                HAL_TIM_Base_Init
 .text.HAL_TIMEx_CommutCallback
                0x0000000008001b48        0x2 build/stm32f4xx_hal_tim_ex.o
                0x0000000008001b48                HAL_TIMEx_CommutCallback
 .text.HAL_TIMEx_BreakCallback
                0x0000000008001b4a        0x2 build/stm32f4xx_hal_tim_ex.o
                0x0000000008001b4a                HAL_TIMEx_BreakCallback
 .text.HAL_RCC_OscConfig
                0x0000000008001b4c      0x3ec build/stm32f4xx_hal_rcc.o
                0x0000000008001b4c                HAL_RCC_OscConfig
 .text.HAL_RCC_GetSysClockFreq
                0x0000000008001f38       0xcc build/stm32f4xx_hal_rcc.o
                0x0000000008001f38                HAL_RCC_GetSysClockFreq
 .text.HAL_RCC_ClockConfig
                0x0000000008002004      0x160 build/stm32f4xx_hal_rcc.o
                0x0000000008002004                HAL_RCC_ClockConfig
 .text.HAL_RCC_GetHCLKFreq
                0x0000000008002164        0xc build/stm32f4xx_hal_rcc.o
                0x0000000008002164                HAL_RCC_GetHCLKFreq
 .text.HAL_RCC_GetPCLK1Freq
                0x0000000008002170       0x20 build/stm32f4xx_hal_rcc.o
                0x0000000008002170                HAL_RCC_GetPCLK1Freq
 .text.HAL_RCC_GetClockConfig
                0x0000000008002190       0x3c build/stm32f4xx_hal_rcc.o
                0x0000000008002190                HAL_RCC_GetClockConfig
 .text.HAL_GPIO_Init
                0x00000000080021cc      0x1cc build/stm32f4xx_hal_gpio.o
                0x00000000080021cc                HAL_GPIO_Init
 .text.HAL_GPIO_WritePin
                0x0000000008002398        0xc build/stm32f4xx_hal_gpio.o
                0x0000000008002398                HAL_GPIO_WritePin
 .text.HAL_GPIO_TogglePin
                0x00000000080023a4       0x12 build/stm32f4xx_hal_gpio.o
                0x00000000080023a4                HAL_GPIO_TogglePin
 .text.DMA_SetConfig
                0x00000000080023b6       0x2c build/stm32f4xx_hal_dma.o
 *fill*         0x00000000080023e2        0x2 
 .text.DMA_CalcBaseAndBitshift
                0x00000000080023e4       0x44 build/stm32f4xx_hal_dma.o
 .text.DMA_CheckFifoParam
                0x0000000008002428       0x8e build/stm32f4xx_hal_dma.o
 *fill*         0x00000000080024b6        0x2 
 .text.HAL_DMA_Init
                0x00000000080024b8       0xcc build/stm32f4xx_hal_dma.o
                0x00000000080024b8                HAL_DMA_Init
 .text.HAL_DMA_Start_IT
                0x0000000008002584       0x6a build/stm32f4xx_hal_dma.o
                0x0000000008002584                HAL_DMA_Start_IT
 .text.HAL_DMA_Abort_IT
                0x00000000080025ee       0x26 build/stm32f4xx_hal_dma.o
                0x00000000080025ee                HAL_DMA_Abort_IT
 .text.HAL_DMA_IRQHandler
                0x0000000008002614      0x1dc build/stm32f4xx_hal_dma.o
                0x0000000008002614                HAL_DMA_IRQHandler
 .text.HAL_DMA_GetError
                0x00000000080027f0        0x4 build/stm32f4xx_hal_dma.o
                0x00000000080027f0                HAL_DMA_GetError
 .text.HAL_NVIC_SetPriorityGrouping
                0x00000000080027f4       0x24 build/stm32f4xx_hal_cortex.o
                0x00000000080027f4                HAL_NVIC_SetPriorityGrouping
 .text.HAL_NVIC_SetPriority
                0x0000000008002818       0x68 build/stm32f4xx_hal_cortex.o
                0x0000000008002818                HAL_NVIC_SetPriority
 .text.HAL_NVIC_EnableIRQ
                0x0000000008002880       0x1c build/stm32f4xx_hal_cortex.o
                0x0000000008002880                HAL_NVIC_EnableIRQ
 .text.HAL_Init
                0x000000000800289c       0x34 build/stm32f4xx_hal.o
                0x000000000800289c                HAL_Init
 .text.HAL_IncTick
                0x00000000080028d0       0x18 build/stm32f4xx_hal.o
                0x00000000080028d0                HAL_IncTick
 .text.HAL_GetTick
                0x00000000080028e8        0xc build/stm32f4xx_hal.o
                0x00000000080028e8                HAL_GetTick
 .text.HAL_Delay
                0x00000000080028f4       0x28 build/stm32f4xx_hal.o
                0x00000000080028f4                HAL_Delay
 .text.disk_status
                0x000000000800291c       0x18 build/diskio.o
                0x000000000800291c                disk_status
 .text.disk_initialize
                0x0000000008002934       0x28 build/diskio.o
                0x0000000008002934                disk_initialize
 .text.disk_read
                0x000000000800295c       0x18 build/diskio.o
                0x000000000800295c                disk_read
 .text.disk_write
                0x0000000008002974       0x18 build/diskio.o
                0x0000000008002974                disk_write
 .text.disk_ioctl
                0x000000000800298c       0x18 build/diskio.o
                0x000000000800298c                disk_ioctl
 .text.ld_word  0x00000000080029a4        0xa build/ff.o
 .text.ld_dword
                0x00000000080029ae       0x16 build/ff.o
 .text.st_word  0x00000000080029c4        0x8 build/ff.o
 .text.st_dword
                0x00000000080029cc       0x14 build/ff.o
 .text.mem_cpy  0x00000000080029e0       0x18 build/ff.o
 .text.mem_set  0x00000000080029f8        0xa build/ff.o
 .text.mem_cmp  0x0000000008002a02       0x1c build/ff.o
 .text.chk_chr  0x0000000008002a1e       0x10 build/ff.o
 *fill*         0x0000000008002a2e        0x2 
 .text.chk_lock
                0x0000000008002a30       0x74 build/ff.o
 .text.enq_lock
                0x0000000008002aa4       0x20 build/ff.o
 .text.inc_lock
                0x0000000008002ac4       0xa4 build/ff.o
 .text.dec_lock
                0x0000000008002b68       0x40 build/ff.o
 .text.clear_lock
                0x0000000008002ba8       0x3c build/ff.o
 .text.clust2sect
                0x0000000008002be4       0x18 build/ff.o
 .text.clmt_clust
                0x0000000008002bfc       0x26 build/ff.o
 .text.ld_clust
                0x0000000008002c22       0x26 build/ff.o
 .text.st_clust
                0x0000000008002c48       0x26 build/ff.o
 *fill*         0x0000000008002c6e        0x2 
 .text.create_name
                0x0000000008002c70       0xcc build/ff.o
 .text.get_ldnumber
                0x0000000008002d3c       0x54 build/ff.o
 .text.lock_fs  0x0000000008002d90       0x14 build/ff.o
 .text.sync_window
                0x0000000008002da4       0x52 build/ff.o
 .text.move_window
                0x0000000008002df6       0x36 build/ff.o
 .text.check_fs
                0x0000000008002e2c       0x78 build/ff.o
 .text.find_volume
                0x0000000008002ea4      0x35c build/ff.o
 .text.put_fat  0x0000000008003200      0x13e build/ff.o
 .text.get_fat  0x000000000800333e       0xfc build/ff.o
 .text.dir_sdi  0x000000000800343a       0xc0 build/ff.o
 .text.create_chain
                0x00000000080034fa       0xcc build/ff.o
 .text.remove_chain
                0x00000000080035c6       0x7e build/ff.o
 .text.dir_next
                0x0000000008003644      0x118 build/ff.o
 .text.dir_find
                0x000000000800375c       0x5a build/ff.o
 .text.follow_path
                0x00000000080037b6       0x94 build/ff.o
 .text.dir_alloc
                0x000000000800384a       0x50 build/ff.o
 .text.dir_register
                0x000000000800389a       0x3e build/ff.o
 .text.sync_fs  0x00000000080038d8       0x88 build/ff.o
 .text.unlock_fs
                0x0000000008003960       0x1c build/ff.o
 .text.validate
                0x000000000800397c       0x5c build/ff.o
 .text.f_mount  0x00000000080039d8       0x84 build/ff.o
                0x00000000080039d8                f_mount
 .text.f_open   0x0000000008003a5c      0x23c build/ff.o
                0x0000000008003a5c                f_open
 .text.f_write  0x0000000008003c98      0x23a build/ff.o
                0x0000000008003c98                f_write
 .text.f_sync   0x0000000008003ed2       0xb0 build/ff.o
                0x0000000008003ed2                f_sync
 .text.f_close  0x0000000008003f82       0x3a build/ff.o
                0x0000000008003f82                f_close
 .text.FATFS_LinkDriverEx
                0x0000000008003fbc       0x48 build/ff_gen_drv.o
                0x0000000008003fbc                FATFS_LinkDriverEx
 .text.FATFS_LinkDriver
                0x0000000008004004        0xa build/ff_gen_drv.o
                0x0000000008004004                FATFS_LinkDriver
 .text.ff_cre_syncobj
                0x000000000800400e       0x18 build/syscall.o
                0x000000000800400e                ff_cre_syncobj
 .text.ff_del_syncobj
                0x0000000008004026        0xa build/syscall.o
                0x0000000008004026                ff_del_syncobj
 .text.ff_req_grant
                0x0000000008004030       0x14 build/syscall.o
                0x0000000008004030                ff_req_grant
 .text.ff_rel_grant
                0x0000000008004044        0x8 build/syscall.o
                0x0000000008004044                ff_rel_grant
 .text.MX_SDIO_SD_Init
                0x000000000800404c       0x20 build/main.o
 .text.MX_GPIO_Init
                0x000000000800406c       0x80 build/main.o
 .text.MX_DMA_Init
                0x00000000080040ec       0x44 build/main.o
 .text.StartDefaultTask
                0x0000000008004130       0xdc build/main.o
                0x0000000008004130                StartDefaultTask
 .text.SystemClock_Config
                0x000000000800420c       0x94 build/main.o
                0x000000000800420c                SystemClock_Config
 .text.main     0x00000000080042a0       0x40 build/main.o
                0x00000000080042a0                main
 .text.HAL_TIM_PeriodElapsedCallback
                0x00000000080042e0       0x18 build/main.o
                0x00000000080042e0                HAL_TIM_PeriodElapsedCallback
 .text.Error_Handler
                0x00000000080042f8        0x2 build/main.o
                0x00000000080042f8                Error_Handler
 *fill*         0x00000000080042fa        0x2 
 .text.BSP_SD_ReadBlocks_DMA
                0x00000000080042fc       0x18 build/bsp_driver_sd.o
                0x00000000080042fc                BSP_SD_ReadBlocks_DMA
 .text.BSP_SD_WriteBlocks_DMA
                0x0000000008004314       0x18 build/bsp_driver_sd.o
                0x0000000008004314                BSP_SD_WriteBlocks_DMA
 .text.BSP_SD_GetCardState
                0x000000000800432c       0x14 build/bsp_driver_sd.o
                0x000000000800432c                BSP_SD_GetCardState
 .text.BSP_SD_GetCardInfo
                0x0000000008004340       0x10 build/bsp_driver_sd.o
                0x0000000008004340                BSP_SD_GetCardInfo
 .text.BSP_SD_AbortCallback
                0x0000000008004350        0x2 build/bsp_driver_sd.o
                0x0000000008004350                BSP_SD_AbortCallback
 .text.HAL_SD_AbortCallback
                0x0000000008004352        0x8 build/bsp_driver_sd.o
                0x0000000008004352                HAL_SD_AbortCallback
 .text.HAL_SD_TxCpltCallback
                0x000000000800435a        0x8 build/bsp_driver_sd.o
                0x000000000800435a                HAL_SD_TxCpltCallback
 .text.HAL_SD_RxCpltCallback
                0x0000000008004362        0x8 build/bsp_driver_sd.o
                0x0000000008004362                HAL_SD_RxCpltCallback
 .text.BSP_SD_IsDetected
                0x000000000800436a       0x10 build/bsp_driver_sd.o
                0x000000000800436a                BSP_SD_IsDetected
 *fill*         0x000000000800437a        0x2 
 .text.BSP_SD_Init
                0x000000000800437c       0x1c build/bsp_driver_sd.o
                0x000000000800437c                BSP_SD_Init
 .text.SD_CheckStatus
                0x0000000008004398       0x24 build/sd_diskio.o
 .text.SD_initialize
                0x00000000080043bc       0x68 build/sd_diskio.o
                0x00000000080043bc                SD_initialize
 .text.SD_status
                0x0000000008004424        0x8 build/sd_diskio.o
                0x0000000008004424                SD_status
 .text.SD_CheckStatusWithTimeout
                0x000000000800442c       0x26 build/sd_diskio.o
 *fill*         0x0000000008004452        0x2 
 .text.SD_read  0x0000000008004454       0x78 build/sd_diskio.o
                0x0000000008004454                SD_read
 .text.SD_write
                0x00000000080044cc       0x78 build/sd_diskio.o
                0x00000000080044cc                SD_write
 .text.SD_ioctl
                0x0000000008004544       0x58 build/sd_diskio.o
                0x0000000008004544                SD_ioctl
 .text.BSP_SD_WriteCpltCallback
                0x000000000800459c       0x24 build/sd_diskio.o
                0x000000000800459c                BSP_SD_WriteCpltCallback
 .text.BSP_SD_ReadCpltCallback
                0x00000000080045c0       0x24 build/sd_diskio.o
                0x00000000080045c0                BSP_SD_ReadCpltCallback
 .text.MX_FATFS_Init
                0x00000000080045e4       0x1c build/fatfs.o
                0x00000000080045e4                MX_FATFS_Init
 .text.get_fattime
                0x0000000008004600        0x4 build/fatfs.o
                0x0000000008004600                get_fattime
 .text.NMI_Handler
                0x0000000008004604        0x2 build/stm32f4xx_it.o
                0x0000000008004604                NMI_Handler
 .text.HardFault_Handler
                0x0000000008004606        0x2 build/stm32f4xx_it.o
                0x0000000008004606                HardFault_Handler
 .text.MemManage_Handler
                0x0000000008004608        0x2 build/stm32f4xx_it.o
                0x0000000008004608                MemManage_Handler
 .text.BusFault_Handler
                0x000000000800460a        0x2 build/stm32f4xx_it.o
                0x000000000800460a                BusFault_Handler
 .text.UsageFault_Handler
                0x000000000800460c        0x2 build/stm32f4xx_it.o
                0x000000000800460c                UsageFault_Handler
 .text.DebugMon_Handler
                0x000000000800460e        0x2 build/stm32f4xx_it.o
                0x000000000800460e                DebugMon_Handler
 .text.SDIO_IRQHandler
                0x0000000008004610       0x10 build/stm32f4xx_it.o
                0x0000000008004610                SDIO_IRQHandler
 .text.TIM6_DAC_IRQHandler
                0x0000000008004620       0x10 build/stm32f4xx_it.o
                0x0000000008004620                TIM6_DAC_IRQHandler
 .text.DMA2_Stream3_IRQHandler
                0x0000000008004630       0x10 build/stm32f4xx_it.o
                0x0000000008004630                DMA2_Stream3_IRQHandler
 .text.DMA2_Stream6_IRQHandler
                0x0000000008004640       0x10 build/stm32f4xx_it.o
                0x0000000008004640                DMA2_Stream6_IRQHandler
 .text.HAL_MspInit
                0x0000000008004650       0x44 build/stm32f4xx_hal_msp.o
                0x0000000008004650                HAL_MspInit
 .text.HAL_SD_MspInit
                0x0000000008004694      0x170 build/stm32f4xx_hal_msp.o
                0x0000000008004694                HAL_SD_MspInit
 .text.HAL_InitTick
                0x0000000008004804       0x7c build/stm32f4xx_hal_timebase_tim.o
                0x0000000008004804                HAL_InitTick
 .text.SystemInit
                0x0000000008004880       0x1c build/system_stm32f4xx.o
                0x0000000008004880                SystemInit
 .text.vListInitialise
                0x000000000800489c       0x16 build/list.o
                0x000000000800489c                vListInitialise
 .text.vListInitialiseItem
                0x00000000080048b2        0x6 build/list.o
                0x00000000080048b2                vListInitialiseItem
 .text.vListInsertEnd
                0x00000000080048b8       0x16 build/list.o
                0x00000000080048b8                vListInsertEnd
 .text.vListInsert
                0x00000000080048ce       0x32 build/list.o
                0x00000000080048ce                vListInsert
 .text.uxListRemove
                0x0000000008004900       0x26 build/list.o
                0x0000000008004900                uxListRemove
 .text.prvGetDisinheritPriorityAfterTimeout
                0x0000000008004926       0x10 build/queue.o
 .text.prvIsQueueFull
                0x0000000008004936       0x1e build/queue.o
 .text.prvIsQueueEmpty
                0x0000000008004954       0x1a build/queue.o
 .text.prvCopyDataToQueue
                0x000000000800496e       0x76 build/queue.o
 .text.prvCopyDataFromQueue
                0x00000000080049e4       0x24 build/queue.o
 .text.prvUnlockQueue
                0x0000000008004a08       0x6e build/queue.o
 *fill*         0x0000000008004a76        0x2 
 .text.xQueueGenericReset
                0x0000000008004a78       0x84 build/queue.o
                0x0000000008004a78                xQueueGenericReset
 .text.prvInitialiseNewQueue
                0x0000000008004afc       0x22 build/queue.o
 .text.xQueueGenericCreateStatic
                0x0000000008004b1e       0x94 build/queue.o
                0x0000000008004b1e                xQueueGenericCreateStatic
 .text.xQueueGenericCreate
                0x0000000008004bb2       0x4e build/queue.o
                0x0000000008004bb2                xQueueGenericCreate
 .text.xQueueCreateCountingSemaphoreStatic
                0x0000000008004c00       0x4a build/queue.o
                0x0000000008004c00                xQueueCreateCountingSemaphoreStatic
 .text.xQueueCreateCountingSemaphore
                0x0000000008004c4a       0x40 build/queue.o
                0x0000000008004c4a                xQueueCreateCountingSemaphore
 *fill*         0x0000000008004c8a        0x2 
 .text.xQueueGenericSend
                0x0000000008004c8c      0x180 build/queue.o
                0x0000000008004c8c                xQueueGenericSend
 .text.xQueueGenericSendFromISR
                0x0000000008004e0c       0xce build/queue.o
                0x0000000008004e0c                xQueueGenericSendFromISR
 .text.xQueueGiveFromISR
                0x0000000008004eda       0xb2 build/queue.o
                0x0000000008004eda                xQueueGiveFromISR
 .text.xQueueReceive
                0x0000000008004f8c      0x15c build/queue.o
                0x0000000008004f8c                xQueueReceive
 .text.xQueueSemaphoreTake
                0x00000000080050e8      0x1a4 build/queue.o
                0x00000000080050e8                xQueueSemaphoreTake
 .text.xQueueReceiveFromISR
                0x000000000800528c       0xac build/queue.o
                0x000000000800528c                xQueueReceiveFromISR
 .text.vQueueAddToRegistry
                0x0000000008005338       0x28 build/queue.o
                0x0000000008005338                vQueueAddToRegistry
 .text.vQueueUnregisterQueue
                0x0000000008005360       0x2c build/queue.o
                0x0000000008005360                vQueueUnregisterQueue
 .text.vQueueDelete
                0x000000000800538c       0x2c build/queue.o
                0x000000000800538c                vQueueDelete
 .text.vQueueWaitForMessageRestricted
                0x00000000080053b8       0x52 build/queue.o
                0x00000000080053b8                vQueueWaitForMessageRestricted
 *fill*         0x000000000800540a        0x2 
 .text.prvResetNextTaskUnblockTime
                0x000000000800540c       0x2c build/tasks.o
 .text.prvInitialiseNewTask
                0x0000000008005438       0x9a build/tasks.o
 *fill*         0x00000000080054d2        0x2 
 .text.prvInitialiseTaskLists
                0x00000000080054d4       0x68 build/tasks.o
 .text.prvAddNewTaskToReadyList
                0x000000000800553c       0xac build/tasks.o
 .text.prvDeleteTCB
                0x00000000080055e8       0x38 build/tasks.o
 .text.prvCheckTasksWaitingTermination
                0x0000000008005620       0x4c build/tasks.o
 .text.prvIdleTask
                0x000000000800566c       0x28 build/tasks.o
 .text.prvAddCurrentTaskToDelayedList
                0x0000000008005694       0x7c build/tasks.o
 .text.xTaskCreateStatic
                0x0000000008005710       0x74 build/tasks.o
                0x0000000008005710                xTaskCreateStatic
 .text.xTaskCreate
                0x0000000008005784       0x68 build/tasks.o
                0x0000000008005784                xTaskCreate
 .text.vTaskStartScheduler
                0x00000000080057ec       0x94 build/tasks.o
                0x00000000080057ec                vTaskStartScheduler
 .text.vTaskSuspendAll
                0x0000000008005880       0x10 build/tasks.o
                0x0000000008005880                vTaskSuspendAll
 .text.xTaskGetTickCount
                0x0000000008005890        0xc build/tasks.o
                0x0000000008005890                xTaskGetTickCount
 .text.xTaskGetTickCountFromISR
                0x000000000800589c       0x10 build/tasks.o
                0x000000000800589c                xTaskGetTickCountFromISR
 .text.xTaskIncrementTick
                0x00000000080058ac      0x118 build/tasks.o
                0x00000000080058ac                xTaskIncrementTick
 .text.xTaskResumeAll
                0x00000000080059c4       0xf8 build/tasks.o
                0x00000000080059c4                xTaskResumeAll
 .text.vTaskDelay
                0x0000000008005abc       0x4c build/tasks.o
                0x0000000008005abc                vTaskDelay
 .text.vTaskSwitchContext
                0x0000000008005b08       0x98 build/tasks.o
                0x0000000008005b08                vTaskSwitchContext
 .text.vTaskPlaceOnEventList
                0x0000000008005ba0       0x30 build/tasks.o
                0x0000000008005ba0                vTaskPlaceOnEventList
 .text.vTaskPlaceOnEventListRestricted
                0x0000000008005bd0       0x38 build/tasks.o
                0x0000000008005bd0                vTaskPlaceOnEventListRestricted
 .text.xTaskRemoveFromEventList
                0x0000000008005c08       0x8c build/tasks.o
                0x0000000008005c08                xTaskRemoveFromEventList
 .text.vTaskInternalSetTimeOutState
                0x0000000008005c94       0x18 build/tasks.o
                0x0000000008005c94                vTaskInternalSetTimeOutState
 .text.xTaskCheckForTimeOut
                0x0000000008005cac       0x84 build/tasks.o
                0x0000000008005cac                xTaskCheckForTimeOut
 .text.vTaskMissedYield
                0x0000000008005d30        0xc build/tasks.o
                0x0000000008005d30                vTaskMissedYield
 .text.xTaskGetSchedulerState
                0x0000000008005d3c       0x20 build/tasks.o
                0x0000000008005d3c                xTaskGetSchedulerState
 .text.xTaskPriorityInherit
                0x0000000008005d5c       0x98 build/tasks.o
                0x0000000008005d5c                xTaskPriorityInherit
 .text.xTaskPriorityDisinherit
                0x0000000008005df4       0x90 build/tasks.o
                0x0000000008005df4                xTaskPriorityDisinherit
 .text.vTaskPriorityDisinheritAfterTimeout
                0x0000000008005e84       0xa4 build/tasks.o
                0x0000000008005e84                vTaskPriorityDisinheritAfterTimeout
 .text.pvTaskIncrementMutexHeldCount
                0x0000000008005f28       0x1c build/tasks.o
                0x0000000008005f28                pvTaskIncrementMutexHeldCount
 .text.prvGetNextExpireTime
                0x0000000008005f44       0x20 build/timers.o
 .text.prvInsertTimerInActiveList
                0x0000000008005f64       0x48 build/timers.o
 .text.prvCheckForValidListAndQueue
                0x0000000008005fac       0x70 build/timers.o
 .text.xTimerCreateTimerTask
                0x000000000800601c       0x64 build/timers.o
                0x000000000800601c                xTimerCreateTimerTask
 .text.xTimerGenericCommand
                0x0000000008006080       0x6c build/timers.o
                0x0000000008006080                xTimerGenericCommand
 .text.prvSwitchTimerLists
                0x00000000080060ec       0x7c build/timers.o
 .text.prvSampleTimeNow
                0x0000000008006168       0x2c build/timers.o
 .text.prvProcessExpiredTimer
                0x0000000008006194       0x6c build/timers.o
 .text.prvProcessTimerOrBlockTask
                0x0000000008006200       0x74 build/timers.o
 .text.prvProcessReceivedCommands
                0x0000000008006274      0x10c build/timers.o
 .text.prvTimerTask
                0x0000000008006380       0x16 build/timers.o
 *fill*         0x0000000008006396        0x2 
 .text.osKernelInitialize
                0x0000000008006398       0x3c build/cmsis_os2.o
                0x0000000008006398                osKernelInitialize
 .text.osKernelGetState
                0x00000000080063d4       0x24 build/cmsis_os2.o
                0x00000000080063d4                osKernelGetState
 .text.osKernelStart
                0x00000000080063f8       0x48 build/cmsis_os2.o
                0x00000000080063f8                osKernelStart
 .text.osKernelGetTickCount
                0x0000000008006440       0x2c build/cmsis_os2.o
                0x0000000008006440                osKernelGetTickCount
 .text.osThreadNew
                0x000000000800646c       0xd8 build/cmsis_os2.o
                0x000000000800646c                osThreadNew
 .text.osDelay  0x0000000008006544       0x3c build/cmsis_os2.o
                0x0000000008006544                osDelay
 .text.osSemaphoreNew
                0x0000000008006580       0xd0 build/cmsis_os2.o
                0x0000000008006580                osSemaphoreNew
 .text.osSemaphoreAcquire
                0x0000000008006650       0x88 build/cmsis_os2.o
                0x0000000008006650                osSemaphoreAcquire
 .text.osSemaphoreRelease
                0x00000000080066d8       0x7c build/cmsis_os2.o
                0x00000000080066d8                osSemaphoreRelease
 .text.osSemaphoreDelete
                0x0000000008006754       0x48 build/cmsis_os2.o
                0x0000000008006754                osSemaphoreDelete
 .text.osMessageQueueNew
                0x000000000800679c       0xb4 build/cmsis_os2.o
                0x000000000800679c                osMessageQueueNew
 .text.osMessageQueuePut
                0x0000000008006850       0x9c build/cmsis_os2.o
                0x0000000008006850                osMessageQueuePut
 .text.osMessageQueueGet
                0x00000000080068ec       0x9c build/cmsis_os2.o
                0x00000000080068ec                osMessageQueueGet
 .text.vApplicationGetIdleTaskMemory
                0x0000000008006988       0x18 build/cmsis_os2.o
                0x0000000008006988                vApplicationGetIdleTaskMemory
 .text.vApplicationGetTimerTaskMemory
                0x00000000080069a0       0x18 build/cmsis_os2.o
                0x00000000080069a0                vApplicationGetTimerTaskMemory
 .text.prvHeapInit
                0x00000000080069b8       0x64 build/heap_4.o
 .text.prvInsertBlockIntoFreeList
                0x0000000008006a1c       0x58 build/heap_4.o
 .text.pvPortMalloc
                0x0000000008006a74       0xf0 build/heap_4.o
                0x0000000008006a74                pvPortMalloc
 .text.vPortFree
                0x0000000008006b64       0x70 build/heap_4.o
                0x0000000008006b64                vPortFree
 .text.prvTaskExitError
                0x0000000008006bd4       0x40 build/port.o
 .text.prvPortStartFirstTask
                0x0000000008006c14       0x28 build/port.o
 .text.vPortEnableVFP
                0x0000000008006c3c       0x14 build/port.o
 .text.pxPortInitialiseStack
                0x0000000008006c50       0x2c build/port.o
                0x0000000008006c50                pxPortInitialiseStack
 *fill*         0x0000000008006c7c        0x4 
 .text.SVC_Handler
                0x0000000008006c80       0x24 build/port.o
                0x0000000008006c80                SVC_Handler
 .text.vPortEnterCritical
                0x0000000008006ca4       0x44 build/port.o
                0x0000000008006ca4                vPortEnterCritical
 .text.vPortExitCritical
                0x0000000008006ce8       0x2c build/port.o
                0x0000000008006ce8                vPortExitCritical
 *fill*         0x0000000008006d14        0xc 
 .text.PendSV_Handler
                0x0000000008006d20       0x64 build/port.o
                0x0000000008006d20                PendSV_Handler
 .text.SysTick_Handler
                0x0000000008006d84       0x2c build/port.o
                0x0000000008006d84                SysTick_Handler
 .text.vPortSetupTimerInterrupt
                0x0000000008006db0       0x38 build/port.o
                0x0000000008006db0                vPortSetupTimerInterrupt
 .text.xPortStartScheduler
                0x0000000008006de8      0x110 build/port.o
                0x0000000008006de8                xPortStartScheduler
 .text.vPortValidateInterruptPriority
                0x0000000008006ef8       0x5c build/port.o
                0x0000000008006ef8                vPortValidateInterruptPriority
 .text.Reset_Handler
                0x0000000008006f54       0x50 build/startup_stm32f407xx.o
                0x0000000008006f54                Reset_Handler
 .text.Default_Handler
                0x0000000008006fa4        0x2 build/startup_stm32f407xx.o
                0x0000000008006fa4                RTC_Alarm_IRQHandler
                0x0000000008006fa4                HASH_RNG_IRQHandler
                0x0000000008006fa4                EXTI2_IRQHandler
                0x0000000008006fa4                TIM8_CC_IRQHandler
                0x0000000008006fa4                TIM1_CC_IRQHandler
                0x0000000008006fa4                DMA2_Stream5_IRQHandler
                0x0000000008006fa4                DMA1_Stream5_IRQHandler
                0x0000000008006fa4                PVD_IRQHandler
                0x0000000008006fa4                TAMP_STAMP_IRQHandler
                0x0000000008006fa4                CAN2_RX1_IRQHandler
                0x0000000008006fa4                EXTI3_IRQHandler
                0x0000000008006fa4                TIM8_TRG_COM_TIM14_IRQHandler
                0x0000000008006fa4                TIM1_UP_TIM10_IRQHandler
                0x0000000008006fa4                TIM8_UP_TIM13_IRQHandler
                0x0000000008006fa4                I2C3_ER_IRQHandler
                0x0000000008006fa4                EXTI0_IRQHandler
                0x0000000008006fa4                I2C2_EV_IRQHandler
                0x0000000008006fa4                DMA1_Stream2_IRQHandler
                0x0000000008006fa4                CAN1_RX0_IRQHandler
                0x0000000008006fa4                FPU_IRQHandler
                0x0000000008006fa4                OTG_HS_WKUP_IRQHandler
                0x0000000008006fa4                CAN2_SCE_IRQHandler
                0x0000000008006fa4                DMA2_Stream2_IRQHandler
                0x0000000008006fa4                SPI1_IRQHandler
                0x0000000008006fa4                TIM1_BRK_TIM9_IRQHandler
                0x0000000008006fa4                DCMI_IRQHandler
                0x0000000008006fa4                CAN2_RX0_IRQHandler
                0x0000000008006fa4                USART6_IRQHandler
                0x0000000008006fa4                USART3_IRQHandler
                0x0000000008006fa4                CAN1_RX1_IRQHandler
                0x0000000008006fa4                UART5_IRQHandler
                0x0000000008006fa4                DMA2_Stream0_IRQHandler
                0x0000000008006fa4                TIM4_IRQHandler
                0x0000000008006fa4                I2C1_EV_IRQHandler
                0x0000000008006fa4                DMA1_Stream6_IRQHandler
                0x0000000008006fa4                DMA1_Stream1_IRQHandler
                0x0000000008006fa4                UART4_IRQHandler
                0x0000000008006fa4                TIM3_IRQHandler
                0x0000000008006fa4                RCC_IRQHandler
                0x0000000008006fa4                TIM8_BRK_TIM12_IRQHandler
                0x0000000008006fa4                Default_Handler
                0x0000000008006fa4                EXTI15_10_IRQHandler
                0x0000000008006fa4                ADC_IRQHandler
                0x0000000008006fa4                DMA1_Stream7_IRQHandler
                0x0000000008006fa4                TIM7_IRQHandler
                0x0000000008006fa4                CAN2_TX_IRQHandler
                0x0000000008006fa4                TIM5_IRQHandler
                0x0000000008006fa4                DMA2_Stream7_IRQHandler
                0x0000000008006fa4                I2C3_EV_IRQHandler
                0x0000000008006fa4                EXTI9_5_IRQHandler
                0x0000000008006fa4                RTC_WKUP_IRQHandler
                0x0000000008006fa4                ETH_WKUP_IRQHandler
                0x0000000008006fa4                SPI2_IRQHandler
                0x0000000008006fa4                OTG_HS_EP1_IN_IRQHandler
                0x0000000008006fa4                DMA1_Stream0_IRQHandler
                0x0000000008006fa4                CAN1_TX_IRQHandler
                0x0000000008006fa4                EXTI4_IRQHandler
                0x0000000008006fa4                FSMC_IRQHandler
                0x0000000008006fa4                ETH_IRQHandler
                0x0000000008006fa4                OTG_HS_EP1_OUT_IRQHandler
                0x0000000008006fa4                WWDG_IRQHandler
                0x0000000008006fa4                TIM2_IRQHandler
                0x0000000008006fa4                OTG_FS_WKUP_IRQHandler
                0x0000000008006fa4                TIM1_TRG_COM_TIM11_IRQHandler
                0x0000000008006fa4                OTG_HS_IRQHandler
                0x0000000008006fa4                EXTI1_IRQHandler
                0x0000000008006fa4                USART2_IRQHandler
                0x0000000008006fa4                I2C2_ER_IRQHandler
                0x0000000008006fa4                DMA2_Stream1_IRQHandler
                0x0000000008006fa4                CAN1_SCE_IRQHandler
                0x0000000008006fa4                FLASH_IRQHandler
                0x0000000008006fa4                DMA2_Stream4_IRQHandler
                0x0000000008006fa4                USART1_IRQHandler
                0x0000000008006fa4                OTG_FS_IRQHandler
                0x0000000008006fa4                SPI3_IRQHandler
                0x0000000008006fa4                DMA1_Stream4_IRQHandler
                0x0000000008006fa4                I2C1_ER_IRQHandler
                0x0000000008006fa4                DMA1_Stream3_IRQHandler
 *(.glue_7)
 .glue_7        0x0000000008006fa6        0x0 linker stubs
 *(.glue_7t)
 .glue_7t       0x0000000008006fa6        0x0 linker stubs
 *(.eh_frame)
 *fill*         0x0000000008006fa6        0x2 
 .eh_frame      0x0000000008006fa8        0x0 /usr/lib/gcc/arm-none-eabi/9.2.1/thumb/v7e-m+fp/hard/crtbegin.o
 *(.init)
 .init          0x0000000008006fa8        0x4 /usr/lib/gcc/arm-none-eabi/9.2.1/thumb/v7e-m+fp/hard/crti.o
                0x0000000008006fa8                _init
 .init          0x0000000008006fac        0x8 /usr/lib/gcc/arm-none-eabi/9.2.1/thumb/v7e-m+fp/hard/crtn.o
 *(.fini)
 .fini          0x0000000008006fb4        0x4 /usr/lib/gcc/arm-none-eabi/9.2.1/thumb/v7e-m+fp/hard/crti.o
                0x0000000008006fb4                _fini
 .fini          0x0000000008006fb8        0x8 /usr/lib/gcc/arm-none-eabi/9.2.1/thumb/v7e-m+fp/hard/crtn.o
                0x0000000008006fc0                . = ALIGN (0x4)
                0x0000000008006fc0                _etext = .

.vfp11_veneer   0x0000000008006fc0        0x0
 .vfp11_veneer  0x0000000008006fc0        0x0 linker stubs

.v4_bx          0x0000000008006fc0        0x0
 .v4_bx         0x0000000008006fc0        0x0 linker stubs

.iplt           0x0000000008006fc0        0x0
 .iplt          0x0000000008006fc0        0x0 /usr/lib/gcc/arm-none-eabi/9.2.1/thumb/v7e-m+fp/hard/crtbegin.o

.rodata         0x0000000008006fc0      0x118
                0x0000000008006fc0                . = ALIGN (0x4)
 *(.rodata)
 *(.rodata*)
 .rodata.flagBitshiftOffset.8407
                0x0000000008006fc0        0x8 build/stm32f4xx_hal_dma.o
 .rodata.create_name.str1.4
                0x0000000008006fc8        0xf build/ff.o
 *fill*         0x0000000008006fd7        0x1 
 .rodata.ExCvt  0x0000000008006fd8       0x80 build/ff.o
 .rodata.StartDefaultTask.str1.4
                0x0000000008007058        0x9 build/main.o
 *fill*         0x0000000008007061        0x3 
 .rodata.str1.4
                0x0000000008007064        0xc build/main.o
 .rodata.defaultTask_attributes
                0x0000000008007070       0x24 build/main.o
                0x0000000008007070                defaultTask_attributes
 .rodata.SD_Driver
                0x0000000008007094       0x14 build/sd_diskio.o
                0x0000000008007094                SD_Driver
 .rodata.AHBPrescTable
                0x00000000080070a8       0x10 build/system_stm32f4xx.o
                0x00000000080070a8                AHBPrescTable
 .rodata.APBPrescTable
                0x00000000080070b8        0x8 build/system_stm32f4xx.o
                0x00000000080070b8                APBPrescTable
 .rodata.vTaskStartScheduler.str1.4
                0x00000000080070c0        0x5 build/tasks.o
 *fill*         0x00000000080070c5        0x3 
 .rodata.prvCheckForValidListAndQueue.str1.4
                0x00000000080070c8        0x5 build/timers.o
 *fill*         0x00000000080070cd        0x3 
 .rodata.xTimerCreateTimerTask.str1.4
                0x00000000080070d0        0x8 build/timers.o
                0x00000000080070d8                . = ALIGN (0x4)

.ARM.extab
 *(.ARM.extab* .gnu.linkonce.armextab.*)

.ARM            0x00000000080070d8        0x8
                0x00000000080070d8                __exidx_start = .
 *(.ARM.exidx*)
 .ARM.exidx     0x00000000080070d8        0x8 /usr/lib/gcc/arm-none-eabi/9.2.1/thumb/v7e-m+fp/hard/libgcc.a(_udivmoddi4.o)
                0x00000000080070e0                __exidx_end = .

.rel.dyn        0x00000000080070e0        0x0
 .rel.iplt      0x00000000080070e0        0x0 /usr/lib/gcc/arm-none-eabi/9.2.1/thumb/v7e-m+fp/hard/crtbegin.o

.preinit_array  0x00000000080070e0        0x0
                0x00000000080070e0                PROVIDE (__preinit_array_start = .)
 *(.preinit_array*)
                0x00000000080070e0                PROVIDE (__preinit_array_end = .)

.init_array     0x00000000080070e0        0x4
                0x00000000080070e0                PROVIDE (__init_array_start = .)
 *(SORT_BY_NAME(.init_array.*))
 *(.init_array*)
 .init_array    0x00000000080070e0        0x4 /usr/lib/gcc/arm-none-eabi/9.2.1/thumb/v7e-m+fp/hard/crtbegin.o
                0x00000000080070e4                PROVIDE (__init_array_end = .)

.fini_array     0x00000000080070e4        0x4
                0x00000000080070e4                PROVIDE (__fini_array_start = .)
 *(SORT_BY_NAME(.fini_array.*))
 *(.fini_array*)
 .fini_array    0x00000000080070e4        0x4 /usr/lib/gcc/arm-none-eabi/9.2.1/thumb/v7e-m+fp/hard/crtbegin.o
                0x00000000080070e8                PROVIDE (__fini_array_end = .)
                0x00000000080070e8                _sidata = LOADADDR (.data)

.data           0x0000000020000000       0x20 load address 0x00000000080070e8
                0x0000000020000000                . = ALIGN (0x4)
                0x0000000020000000                _sdata = .
 *(.data)
 *(.data*)
 .data.uwTickFreq
                0x0000000020000000        0x1 build/stm32f4xx_hal.o
                0x0000000020000000                uwTickFreq
 *fill*         0x0000000020000001        0x3 
 .data.uwTickPrio
                0x0000000020000004        0x4 build/stm32f4xx_hal.o
                0x0000000020000004                uwTickPrio
 .data.wtext    0x0000000020000008        0xf build/main.o
                0x0000000020000008                wtext
 .data.Stat     0x0000000020000017        0x1 build/sd_diskio.o
 .data.SystemCoreClock
                0x0000000020000018        0x4 build/system_stm32f4xx.o
                0x0000000020000018                SystemCoreClock
 .data.uxCriticalNesting
                0x000000002000001c        0x4 build/port.o
                0x0000000020000020                . = ALIGN (0x4)
                0x0000000020000020                _edata = .
                0x0000000008007108                _siccmram = LOADADDR (.ccmram)

.tm_clone_table
                0x0000000020000020        0x0 load address 0x0000000008007108
 .tm_clone_table
                0x0000000020000020        0x0 /usr/lib/gcc/arm-none-eabi/9.2.1/thumb/v7e-m+fp/hard/crtbegin.o
 .tm_clone_table
                0x0000000020000020        0x0 /usr/lib/gcc/arm-none-eabi/9.2.1/thumb/v7e-m+fp/hard/crtend.o

.igot.plt       0x0000000020000020        0x0 load address 0x0000000008007108
 .igot.plt      0x0000000020000020        0x0 /usr/lib/gcc/arm-none-eabi/9.2.1/thumb/v7e-m+fp/hard/crtbegin.o

.ccmram         0x0000000010000000        0x0 load address 0x0000000008007108
                0x0000000010000000                . = ALIGN (0x4)
                0x0000000010000000                _sccmram = .
 *(.ccmram)
 *(.ccmram*)
                0x0000000010000000                . = ALIGN (0x4)
                0x0000000010000000                _eccmram = .
                0x0000000010000000                . = ALIGN (0x4)

.bss            0x0000000020000020     0x6c04
                0x0000000020000020                _sbss = .
                0x0000000020000020                __bss_start__ = _sbss
 *(.bss)
 .bss           0x0000000020000020       0x1c /usr/lib/gcc/arm-none-eabi/9.2.1/thumb/v7e-m+fp/hard/crtbegin.o
 *(.bss*)
 .bss.FatFs     0x000000002000003c        0x4 build/ff.o
 .bss.Files     0x0000000020000040       0x20 build/ff.o
 .bss.Fsid      0x0000000020000060        0x2 build/ff.o
 *fill*         0x0000000020000062        0x2 
 .bss.disk      0x0000000020000064        0xc build/ff_gen_drv.o
                0x0000000020000064                disk
 .bss.SDQueueID
                0x0000000020000070        0x4 build/sd_diskio.o
 .bss.pxCurrentTCB
                0x0000000020000074        0x4 build/tasks.o
                0x0000000020000074                pxCurrentTCB
 .bss.pxDelayedTaskList
                0x0000000020000078        0x4 build/tasks.o
 .bss.pxOverflowDelayedTaskList
                0x000000002000007c        0x4 build/tasks.o
 .bss.pxReadyTasksLists
                0x0000000020000080      0x460 build/tasks.o
 .bss.uxCurrentNumberOfTasks
                0x00000000200004e0        0x4 build/tasks.o
 .bss.uxDeletedTasksWaitingCleanUp
                0x00000000200004e4        0x4 build/tasks.o
 .bss.uxPendedTicks
                0x00000000200004e8        0x4 build/tasks.o
 .bss.uxSchedulerSuspended
                0x00000000200004ec        0x4 build/tasks.o
 .bss.uxTaskNumber
                0x00000000200004f0        0x4 build/tasks.o
 .bss.uxTopReadyPriority
                0x00000000200004f4        0x4 build/tasks.o
 .bss.xDelayedTaskList1
                0x00000000200004f8       0x14 build/tasks.o
 .bss.xDelayedTaskList2
                0x000000002000050c       0x14 build/tasks.o
 .bss.xNextTaskUnblockTime
                0x0000000020000520        0x4 build/tasks.o
 .bss.xNumOfOverflows
                0x0000000020000524        0x4 build/tasks.o
 .bss.xPendingReadyList
                0x0000000020000528       0x14 build/tasks.o
 .bss.xSchedulerRunning
                0x000000002000053c        0x4 build/tasks.o
 .bss.xSuspendedTaskList
                0x0000000020000540       0x14 build/tasks.o
 .bss.xTasksWaitingTermination
                0x0000000020000554       0x14 build/tasks.o
 .bss.xTickCount
                0x0000000020000568        0x4 build/tasks.o
 .bss.xYieldPending
                0x000000002000056c        0x4 build/tasks.o
 .bss.pxCurrentTimerList
                0x0000000020000570        0x4 build/timers.o
 .bss.pxOverflowTimerList
                0x0000000020000574        0x4 build/timers.o
 .bss.ucStaticTimerQueueStorage.6914
                0x0000000020000578       0xa0 build/timers.o
 .bss.xActiveTimerList1
                0x0000000020000618       0x14 build/timers.o
 .bss.xActiveTimerList2
                0x000000002000062c       0x14 build/timers.o
 .bss.xLastTime.6863
                0x0000000020000640        0x4 build/timers.o
 .bss.xStaticTimerQueue.6913
                0x0000000020000644       0x50 build/timers.o
 .bss.xTimerQueue
                0x0000000020000694        0x4 build/timers.o
 .bss.xTimerTaskHandle
                0x0000000020000698        0x4 build/timers.o
 .bss.Idle_Stack
                0x000000002000069c      0x200 build/cmsis_os2.o
 .bss.Idle_TCB  0x000000002000089c       0x5c build/cmsis_os2.o
 .bss.KernelState
                0x00000000200008f8        0x4 build/cmsis_os2.o
 .bss.Timer_Stack
                0x00000000200008fc      0x400 build/cmsis_os2.o
 .bss.Timer_TCB
                0x0000000020000cfc       0x5c build/cmsis_os2.o
 .bss.pxEnd     0x0000000020000d58        0x4 build/heap_4.o
 .bss.ucHeap    0x0000000020000d5c     0x3c00 build/heap_4.o
 .bss.xBlockAllocatedBit
                0x000000002000495c        0x4 build/heap_4.o
 .bss.xFreeBytesRemaining
                0x0000000020004960        0x4 build/heap_4.o
 .bss.xMinimumEverFreeBytesRemaining
                0x0000000020004964        0x4 build/heap_4.o
 .bss.xStart    0x0000000020004968        0x8 build/heap_4.o
 .bss.ucMaxSysCallPriority
                0x0000000020004970        0x1 build/port.o
 *fill*         0x0000000020004971        0x3 
 .bss.ulMaxPRIGROUPValue
                0x0000000020004974        0x4 build/port.o
 *(COMMON)
 COMMON         0x0000000020004978        0x4 build/stm32f4xx_hal.o
                0x0000000020004978                uwTick
 COMMON         0x000000002000497c      0x1b5 build/main.o
                0x000000002000497c                hdma_sdio_rx
                0x00000000200049dc                defaultTaskHandle
                0x00000000200049e0                byteswritten
                0x00000000200049e4                bytesread
                0x00000000200049e8                hdma_sdio_tx
                0x0000000020004a48                rtext
                0x0000000020004aac                hsd
                0x0000000020004b30                res
 *fill*         0x0000000020004b31        0x3 
 COMMON         0x0000000020004b34     0x2070 build/fatfs.o
                0x0000000020004b34                retSD
                0x0000000020004b38                SDPath
                0x0000000020004b3c                SDFile
                0x0000000020005b6c                SDFatFS
 COMMON         0x0000000020006ba4       0x40 build/stm32f4xx_hal_timebase_tim.o
                0x0000000020006ba4                htim6
 COMMON         0x0000000020006be4       0x40 build/queue.o
                0x0000000020006be4                xQueueRegistry
                0x0000000020006c24                . = ALIGN (0x4)
                0x0000000020006c24                _ebss = .
                0x0000000020006c24                __bss_end__ = _ebss

._user_heap_stack
                0x0000000020006c24     0x6004
                0x0000000020006c28                . = ALIGN (0x8)
 *fill*         0x0000000020006c24        0x4 
                [!provide]                        PROVIDE (end = .)
                [!provide]                        PROVIDE (_end = .)
                0x0000000020008c28                . = (. + _Min_Heap_Size)
 *fill*         0x0000000020006c28     0x2000 
                0x000000002000cc28                . = (. + _Min_Stack_Size)
 *fill*         0x0000000020008c28     0x4000 
                0x000000002000cc28                . = ALIGN (0x8)

/DISCARD/
 libc.a(*)
 libm.a(*)
 libgcc.a(*)

.ARM.attributes
                0x0000000000000000       0x30
 *(.ARM.attributes)
 .ARM.attributes
                0x0000000000000000       0x1e /usr/lib/gcc/arm-none-eabi/9.2.1/thumb/v7e-m+fp/hard/crti.o
 .ARM.attributes
                0x000000000000001e       0x34 /usr/lib/gcc/arm-none-eabi/9.2.1/thumb/v7e-m+fp/hard/crtbegin.o
 .ARM.attributes
                0x0000000000000052       0x34 build/stm32f4xx_ll_sdmmc.o
 .ARM.attributes
                0x0000000000000086       0x34 build/stm32f4xx_hal_sd.o
 .ARM.attributes
                0x00000000000000ba       0x34 build/stm32f4xx_hal_tim.o
 .ARM.attributes
                0x00000000000000ee       0x34 build/stm32f4xx_hal_tim_ex.o
 .ARM.attributes
                0x0000000000000122       0x34 build/stm32f4xx_hal_rcc.o
 .ARM.attributes
                0x0000000000000156       0x34 build/stm32f4xx_hal_gpio.o
 .ARM.attributes
                0x000000000000018a       0x34 build/stm32f4xx_hal_dma.o
 .ARM.attributes
                0x00000000000001be       0x34 build/stm32f4xx_hal_cortex.o
 .ARM.attributes
                0x00000000000001f2       0x34 build/stm32f4xx_hal.o
 .ARM.attributes
                0x0000000000000226       0x34 build/diskio.o
 .ARM.attributes
                0x000000000000025a       0x34 build/ff.o
 .ARM.attributes
                0x000000000000028e       0x34 build/ff_gen_drv.o
 .ARM.attributes
                0x00000000000002c2       0x34 build/syscall.o
 .ARM.attributes
                0x00000000000002f6       0x34 build/main.o
 .ARM.attributes
                0x000000000000032a       0x34 build/bsp_driver_sd.o
 .ARM.attributes
                0x000000000000035e       0x34 build/sd_diskio.o
 .ARM.attributes
                0x0000000000000392       0x34 build/fatfs.o
 .ARM.attributes
                0x00000000000003c6       0x34 build/stm32f4xx_it.o
 .ARM.attributes
                0x00000000000003fa       0x34 build/stm32f4xx_hal_msp.o
 .ARM.attributes
                0x000000000000042e       0x34 build/stm32f4xx_hal_timebase_tim.o
 .ARM.attributes
                0x0000000000000462       0x34 build/system_stm32f4xx.o
 .ARM.attributes
                0x0000000000000496       0x34 build/list.o
 .ARM.attributes
                0x00000000000004ca       0x34 build/queue.o
 .ARM.attributes
                0x00000000000004fe       0x34 build/tasks.o
 .ARM.attributes
                0x0000000000000532       0x34 build/timers.o
 .ARM.attributes
                0x0000000000000566       0x34 build/cmsis_os2.o
 .ARM.attributes
                0x000000000000059a       0x34 build/heap_4.o
 .ARM.attributes
                0x00000000000005ce       0x34 build/port.o
 .ARM.attributes
                0x0000000000000602       0x21 build/startup_stm32f407xx.o
 .ARM.attributes
                0x0000000000000623       0x34 /usr/lib/gcc/arm-none-eabi/9.2.1/../../../arm-none-eabi/lib/thumb/v7e-m+fp/hard/libc_nano.a(lib_a-init.o)
 .ARM.attributes
                0x0000000000000657       0x1c /usr/lib/gcc/arm-none-eabi/9.2.1/../../../arm-none-eabi/lib/thumb/v7e-m+fp/hard/libc_nano.a(lib_a-memcpy.o)
 .ARM.attributes
                0x0000000000000673       0x34 /usr/lib/gcc/arm-none-eabi/9.2.1/../../../arm-none-eabi/lib/thumb/v7e-m+fp/hard/libc_nano.a(lib_a-memset.o)
 .ARM.attributes
                0x00000000000006a7       0x1e /usr/lib/gcc/arm-none-eabi/9.2.1/thumb/v7e-m+fp/hard/libgcc.a(_aeabi_uldivmod.o)
 .ARM.attributes
                0x00000000000006c5       0x34 /usr/lib/gcc/arm-none-eabi/9.2.1/thumb/v7e-m+fp/hard/libgcc.a(_udivmoddi4.o)
 .ARM.attributes
                0x00000000000006f9       0x1e /usr/lib/gcc/arm-none-eabi/9.2.1/thumb/v7e-m+fp/hard/libgcc.a(_dvmd_tls.o)
 .ARM.attributes
                0x0000000000000717       0x32 /usr/lib/gcc/arm-none-eabi/9.2.1/thumb/v7e-m+fp/hard/crtend.o
 .ARM.attributes
                0x0000000000000749       0x1e /usr/lib/gcc/arm-none-eabi/9.2.1/thumb/v7e-m+fp/hard/crtn.o
OUTPUT(build/bootloader.elf elf32-littlearm)
LOAD linker stubs
LOAD /usr/lib/gcc/arm-none-eabi/9.2.1/../../../arm-none-eabi/lib/thumb/v7e-m+fp/hard/libc.a
LOAD /usr/lib/gcc/arm-none-eabi/9.2.1/../../../arm-none-eabi/lib/thumb/v7e-m+fp/hard/libm.a
LOAD /usr/lib/gcc/arm-none-eabi/9.2.1/thumb/v7e-m+fp/hard/libgcc.a

.comment        0x0000000000000000       0xa7
 .comment       0x0000000000000000       0x59 /usr/lib/gcc/arm-none-eabi/9.2.1/thumb/v7e-m+fp/hard/crtbegin.o
                                         0x5a (size before relaxing)
 .comment       0x0000000000000059       0x5a build/stm32f4xx_ll_sdmmc.o
 .comment       0x0000000000000059       0x5a build/stm32f4xx_hal_sd.o
 .comment       0x0000000000000059       0x5a build/stm32f4xx_hal_tim.o
 .comment       0x0000000000000059       0x5a build/stm32f4xx_hal_tim_ex.o
 .comment       0x0000000000000059       0x5a build/stm32f4xx_hal_rcc.o
 .comment       0x0000000000000059       0x5a build/stm32f4xx_hal_gpio.o
 .comment       0x0000000000000059       0x5a build/stm32f4xx_hal_dma.o
 .comment       0x0000000000000059       0x5a build/stm32f4xx_hal_cortex.o
 .comment       0x0000000000000059       0x5a build/stm32f4xx_hal.o
 .comment       0x0000000000000059       0x5a build/diskio.o
 .comment       0x0000000000000059       0x5a build/ff.o
 .comment       0x0000000000000059       0x5a build/ff_gen_drv.o
 .comment       0x0000000000000059       0x5a build/syscall.o
 .comment       0x0000000000000059       0x5a build/main.o
 .comment       0x0000000000000059       0x5a build/bsp_driver_sd.o
 .comment       0x0000000000000059       0x5a build/sd_diskio.o
 .comment       0x0000000000000059       0x5a build/fatfs.o
 .comment       0x0000000000000059       0x5a build/stm32f4xx_it.o
 .comment       0x0000000000000059       0x5a build/stm32f4xx_hal_msp.o
 .comment       0x0000000000000059       0x5a build/stm32f4xx_hal_timebase_tim.o
 .comment       0x0000000000000059       0x5a build/system_stm32f4xx.o
 .comment       0x0000000000000059       0x5a build/list.o
 .comment       0x0000000000000059       0x5a build/queue.o
 .comment       0x0000000000000059       0x5a build/tasks.o
 .comment       0x0000000000000059       0x5a build/timers.o
 .comment       0x0000000000000059       0x5a build/cmsis_os2.o
 .comment       0x0000000000000059       0x5a build/heap_4.o
 .comment       0x0000000000000059       0x5a build/port.o
 .comment       0x0000000000000059       0x4e /usr/lib/gcc/arm-none-eabi/9.2.1/../../../arm-none-eabi/lib/thumb/v7e-m+fp/hard/libc_nano.a(lib_a-init.o)
                                         0x4f (size before relaxing)
 .comment       0x00000000000000a7       0x4f /usr/lib/gcc/arm-none-eabi/9.2.1/../../../arm-none-eabi/lib/thumb/v7e-m+fp/hard/libc_nano.a(lib_a-memset.o)
 .comment       0x00000000000000a7       0x5a /usr/lib/gcc/arm-none-eabi/9.2.1/thumb/v7e-m+fp/hard/libgcc.a(_udivmoddi4.o)
 .comment       0x00000000000000a7       0x5a /usr/lib/gcc/arm-none-eabi/9.2.1/thumb/v7e-m+fp/hard/crtend.o

.debug_info     0x0000000000000000    0x2ce71
 .debug_info    0x0000000000000000     0x1a6d build/stm32f4xx_ll_sdmmc.o
 .debug_info    0x0000000000001a6d     0x293e build/stm32f4xx_hal_sd.o
 .debug_info    0x00000000000043ab     0x3983 build/stm32f4xx_hal_tim.o
 .debug_info    0x0000000000007d2e     0x184c build/stm32f4xx_hal_tim_ex.o
 .debug_info    0x000000000000957a      0xc08 build/stm32f4xx_hal_rcc.o
 .debug_info    0x000000000000a182      0x8e5 build/stm32f4xx_hal_gpio.o
 .debug_info    0x000000000000aa67      0xc67 build/stm32f4xx_hal_dma.o
 .debug_info    0x000000000000b6ce     0x121a build/stm32f4xx_hal_cortex.o
 .debug_info    0x000000000000c8e8      0xb3a build/stm32f4xx_hal.o
 .debug_info    0x000000000000d422      0x5c8 build/diskio.o
 .debug_info    0x000000000000d9ea     0x4c98 build/ff.o
 .debug_info    0x0000000000012682      0x51b build/ff_gen_drv.o
 .debug_info    0x0000000000012b9d      0x36a build/syscall.o
 .debug_info    0x0000000000012f07     0x1ff6 build/main.o
 .debug_info    0x0000000000014efd      0xdb4 build/bsp_driver_sd.o
 .debug_info    0x0000000000015cb1     0x1366 build/sd_diskio.o
 .debug_info    0x0000000000017017      0x665 build/fatfs.o
 .debug_info    0x000000000001767c      0xc6a build/stm32f4xx_it.o
 .debug_info    0x00000000000182e6     0x103c build/stm32f4xx_hal_msp.o
 .debug_info    0x0000000000019322      0xd7a build/stm32f4xx_hal_timebase_tim.o
 .debug_info    0x000000000001a09c      0x618 build/system_stm32f4xx.o
 .debug_info    0x000000000001a6b4      0xc8c build/list.o
 .debug_info    0x000000000001b340     0x3293 build/queue.o
 .debug_info    0x000000000001e5d3     0x3b7c build/tasks.o
 .debug_info    0x000000000002214f     0x2491 build/timers.o
 .debug_info    0x00000000000245e0     0x568a build/cmsis_os2.o
 .debug_info    0x0000000000029c6a      0xe0c build/heap_4.o
 .debug_info    0x000000000002aa76      0x5b0 build/port.o
 .debug_info    0x000000000002b026       0x22 build/startup_stm32f407xx.o
 .debug_info    0x000000000002b048      0x11a /usr/lib/gcc/arm-none-eabi/9.2.1/../../../arm-none-eabi/lib/thumb/v7e-m+fp/hard/libc_nano.a(lib_a-init.o)
 .debug_info    0x000000000002b162       0x26 /usr/lib/gcc/arm-none-eabi/9.2.1/../../../arm-none-eabi/lib/thumb/v7e-m+fp/hard/libc_nano.a(lib_a-memcpy.o)
 .debug_info    0x000000000002b188      0xf21 /usr/lib/gcc/arm-none-eabi/9.2.1/../../../arm-none-eabi/lib/thumb/v7e-m+fp/hard/libc_nano.a(lib_a-memset.o)
 .debug_info    0x000000000002c0a9       0x26 /usr/lib/gcc/arm-none-eabi/9.2.1/thumb/v7e-m+fp/hard/libgcc.a(_aeabi_uldivmod.o)
 .debug_info    0x000000000002c0cf      0xd7c /usr/lib/gcc/arm-none-eabi/9.2.1/thumb/v7e-m+fp/hard/libgcc.a(_udivmoddi4.o)
 .debug_info    0x000000000002ce4b       0x26 /usr/lib/gcc/arm-none-eabi/9.2.1/thumb/v7e-m+fp/hard/libgcc.a(_dvmd_tls.o)

.debug_abbrev   0x0000000000000000     0x50f9
 .debug_abbrev  0x0000000000000000      0x267 build/stm32f4xx_ll_sdmmc.o
 .debug_abbrev  0x0000000000000267      0x2f7 build/stm32f4xx_hal_sd.o
 .debug_abbrev  0x000000000000055e      0x2af build/stm32f4xx_hal_tim.o
 .debug_abbrev  0x000000000000080d      0x2ab build/stm32f4xx_hal_tim_ex.o
 .debug_abbrev  0x0000000000000ab8      0x2cd build/stm32f4xx_hal_rcc.o
 .debug_abbrev  0x0000000000000d85      0x258 build/stm32f4xx_hal_gpio.o
 .debug_abbrev  0x0000000000000fdd      0x312 build/stm32f4xx_hal_dma.o
 .debug_abbrev  0x00000000000012ef      0x3a8 build/stm32f4xx_hal_cortex.o
 .debug_abbrev  0x0000000000001697      0x21c build/stm32f4xx_hal.o
 .debug_abbrev  0x00000000000018b3      0x1cc build/diskio.o
 .debug_abbrev  0x0000000000001a7f      0x300 build/ff.o
 .debug_abbrev  0x0000000000001d7f      0x1ef build/ff_gen_drv.o
 .debug_abbrev  0x0000000000001f6e      0x160 build/syscall.o
 .debug_abbrev  0x00000000000020ce      0x336 build/main.o
 .debug_abbrev  0x0000000000002404      0x27d build/bsp_driver_sd.o
 .debug_abbrev  0x0000000000002681      0x377 build/sd_diskio.o
 .debug_abbrev  0x00000000000029f8      0x189 build/fatfs.o
 .debug_abbrev  0x0000000000002b81      0x1ba build/stm32f4xx_it.o
 .debug_abbrev  0x0000000000002d3b      0x1eb build/stm32f4xx_hal_msp.o
 .debug_abbrev  0x0000000000002f26      0x21c build/stm32f4xx_hal_timebase_tim.o
 .debug_abbrev  0x0000000000003142      0x14a build/system_stm32f4xx.o
 .debug_abbrev  0x000000000000328c      0x245 build/list.o
 .debug_abbrev  0x00000000000034d1      0x44c build/queue.o
 .debug_abbrev  0x000000000000391d      0x464 build/tasks.o
 .debug_abbrev  0x0000000000003d81      0x3de build/timers.o
 .debug_abbrev  0x000000000000415f      0x4ee build/cmsis_os2.o
 .debug_abbrev  0x000000000000464d      0x36d build/heap_4.o
 .debug_abbrev  0x00000000000049ba      0x28a build/port.o
 .debug_abbrev  0x0000000000004c44       0x12 build/startup_stm32f407xx.o
 .debug_abbrev  0x0000000000004c56       0xcc /usr/lib/gcc/arm-none-eabi/9.2.1/../../../arm-none-eabi/lib/thumb/v7e-m+fp/hard/libc_nano.a(lib_a-init.o)
 .debug_abbrev  0x0000000000004d22       0x14 /usr/lib/gcc/arm-none-eabi/9.2.1/../../../arm-none-eabi/lib/thumb/v7e-m+fp/hard/libc_nano.a(lib_a-memcpy.o)
 .debug_abbrev  0x0000000000004d36      0x1d9 /usr/lib/gcc/arm-none-eabi/9.2.1/../../../arm-none-eabi/lib/thumb/v7e-m+fp/hard/libc_nano.a(lib_a-memset.o)
 .debug_abbrev  0x0000000000004f0f       0x14 /usr/lib/gcc/arm-none-eabi/9.2.1/thumb/v7e-m+fp/hard/libgcc.a(_aeabi_uldivmod.o)
 .debug_abbrev  0x0000000000004f23      0x1c2 /usr/lib/gcc/arm-none-eabi/9.2.1/thumb/v7e-m+fp/hard/libgcc.a(_udivmoddi4.o)
 .debug_abbrev  0x00000000000050e5       0x14 /usr/lib/gcc/arm-none-eabi/9.2.1/thumb/v7e-m+fp/hard/libgcc.a(_dvmd_tls.o)

.debug_loc      0x0000000000000000    0x20b9f
 .debug_loc     0x0000000000000000     0x162f build/stm32f4xx_ll_sdmmc.o
 .debug_loc     0x000000000000162f     0x2780 build/stm32f4xx_hal_sd.o
 .debug_loc     0x0000000000003daf     0x457e build/stm32f4xx_hal_tim.o
 .debug_loc     0x000000000000832d     0x15b0 build/stm32f4xx_hal_tim_ex.o
 .debug_loc     0x00000000000098dd      0x6c7 build/stm32f4xx_hal_rcc.o
 .debug_loc     0x0000000000009fa4      0x5c7 build/stm32f4xx_hal_gpio.o
 .debug_loc     0x000000000000a56b      0xd6d build/stm32f4xx_hal_dma.o
 .debug_loc     0x000000000000b2d8      0x7d4 build/stm32f4xx_hal_cortex.o
 .debug_loc     0x000000000000baac      0x1e1 build/stm32f4xx_hal.o
 .debug_loc     0x000000000000bc8d      0x323 build/diskio.o
 .debug_loc     0x000000000000bfb0     0x5f22 build/ff.o
 .debug_loc     0x0000000000011ed2      0x311 build/ff_gen_drv.o
 .debug_loc     0x00000000000121e3      0x193 build/syscall.o
 .debug_loc     0x0000000000012376      0x1b4 build/main.o
 .debug_loc     0x000000000001252a      0x65f build/bsp_driver_sd.o
 .debug_loc     0x0000000000012b89      0x6bc build/sd_diskio.o
 .debug_loc     0x0000000000013245       0x20 build/fatfs.o
 .debug_loc     0x0000000000013265       0x80 build/stm32f4xx_it.o
 .debug_loc     0x00000000000132e5      0x10f build/stm32f4xx_hal_msp.o
 .debug_loc     0x00000000000133f4       0xbc build/stm32f4xx_hal_timebase_tim.o
 .debug_loc     0x00000000000134b0      0x16c build/system_stm32f4xx.o
 .debug_loc     0x000000000001361c       0xe5 build/list.o
 .debug_loc     0x0000000000013701     0x200d build/queue.o
 .debug_loc     0x000000000001570e     0x2bf3 build/tasks.o
 .debug_loc     0x0000000000018301     0x13fd build/timers.o
 .debug_loc     0x00000000000196fe     0x5c9f build/cmsis_os2.o
 .debug_loc     0x000000000001f39d      0x3b5 build/heap_4.o
 .debug_loc     0x000000000001f752      0x1c0 build/port.o
 .debug_loc     0x000000000001f912       0xba /usr/lib/gcc/arm-none-eabi/9.2.1/../../../arm-none-eabi/lib/thumb/v7e-m+fp/hard/libc_nano.a(lib_a-init.o)
 .debug_loc     0x000000000001f9cc      0x231 /usr/lib/gcc/arm-none-eabi/9.2.1/../../../arm-none-eabi/lib/thumb/v7e-m+fp/hard/libc_nano.a(lib_a-memset.o)
 .debug_loc     0x000000000001fbfd      0xfa2 /usr/lib/gcc/arm-none-eabi/9.2.1/thumb/v7e-m+fp/hard/libgcc.a(_udivmoddi4.o)

.debug_aranges  0x0000000000000000     0x1878
 .debug_aranges
                0x0000000000000000      0x178 build/stm32f4xx_ll_sdmmc.o
 .debug_aranges
                0x0000000000000178      0x168 build/stm32f4xx_hal_sd.o
 .debug_aranges
                0x00000000000002e0      0x3a8 build/stm32f4xx_hal_tim.o
 .debug_aranges
                0x0000000000000688      0x150 build/stm32f4xx_hal_tim_ex.o
 .debug_aranges
                0x00000000000007d8       0x88 build/stm32f4xx_hal_rcc.o
 .debug_aranges
                0x0000000000000860       0x58 build/stm32f4xx_hal_gpio.o
 .debug_aranges
                0x00000000000008b8       0x90 build/stm32f4xx_hal_dma.o
 .debug_aranges
                0x0000000000000948       0xa8 build/stm32f4xx_hal_cortex.o
 .debug_aranges
                0x00000000000009f0       0xf0 build/stm32f4xx_hal.o
 .debug_aranges
                0x0000000000000ae0       0x48 build/diskio.o
 .debug_aranges
                0x0000000000000b28      0x218 build/ff.o
 .debug_aranges
                0x0000000000000d40       0x40 build/ff_gen_drv.o
 .debug_aranges
                0x0000000000000d80       0x38 build/syscall.o
 .debug_aranges
                0x0000000000000db8       0x58 build/main.o
 .debug_aranges
                0x0000000000000e10       0xa0 build/bsp_driver_sd.o
 .debug_aranges
                0x0000000000000eb0       0x60 build/sd_diskio.o
 .debug_aranges
                0x0000000000000f10       0x28 build/fatfs.o
 .debug_aranges
                0x0000000000000f38       0x68 build/stm32f4xx_it.o
 .debug_aranges
                0x0000000000000fa0       0x30 build/stm32f4xx_hal_msp.o
 .debug_aranges
                0x0000000000000fd0       0x30 build/stm32f4xx_hal_timebase_tim.o
 .debug_aranges
                0x0000000000001000       0x28 build/system_stm32f4xx.o
 .debug_aranges
                0x0000000000001028       0x40 build/list.o
 .debug_aranges
                0x0000000000001068      0x158 build/queue.o
 .debug_aranges
                0x00000000000011c0      0x1f8 build/tasks.o
 .debug_aranges
                0x00000000000013b8       0xe8 build/timers.o
 .debug_aranges
                0x00000000000014a0      0x220 build/cmsis_os2.o
 .debug_aranges
                0x00000000000016c0       0x50 build/heap_4.o
 .debug_aranges
                0x0000000000001710       0x80 build/port.o
 .debug_aranges
                0x0000000000001790       0x28 build/startup_stm32f407xx.o
 .debug_aranges
                0x00000000000017b8       0x20 /usr/lib/gcc/arm-none-eabi/9.2.1/../../../arm-none-eabi/lib/thumb/v7e-m+fp/hard/libc_nano.a(lib_a-init.o)
 .debug_aranges
                0x00000000000017d8       0x20 /usr/lib/gcc/arm-none-eabi/9.2.1/../../../arm-none-eabi/lib/thumb/v7e-m+fp/hard/libc_nano.a(lib_a-memcpy.o)
 .debug_aranges
                0x00000000000017f8       0x20 /usr/lib/gcc/arm-none-eabi/9.2.1/../../../arm-none-eabi/lib/thumb/v7e-m+fp/hard/libc_nano.a(lib_a-memset.o)
 .debug_aranges
                0x0000000000001818       0x20 /usr/lib/gcc/arm-none-eabi/9.2.1/thumb/v7e-m+fp/hard/libgcc.a(_aeabi_uldivmod.o)
 .debug_aranges
                0x0000000000001838       0x20 /usr/lib/gcc/arm-none-eabi/9.2.1/thumb/v7e-m+fp/hard/libgcc.a(_udivmoddi4.o)
 .debug_aranges
                0x0000000000001858       0x20 /usr/lib/gcc/arm-none-eabi/9.2.1/thumb/v7e-m+fp/hard/libgcc.a(_dvmd_tls.o)

.debug_ranges   0x0000000000000000     0x1958
 .debug_ranges  0x0000000000000000      0x168 build/stm32f4xx_ll_sdmmc.o
 .debug_ranges  0x0000000000000168      0x158 build/stm32f4xx_hal_sd.o
 .debug_ranges  0x00000000000002c0      0x398 build/stm32f4xx_hal_tim.o
 .debug_ranges  0x0000000000000658      0x140 build/stm32f4xx_hal_tim_ex.o
 .debug_ranges  0x0000000000000798       0x90 build/stm32f4xx_hal_rcc.o
 .debug_ranges  0x0000000000000828       0x48 build/stm32f4xx_hal_gpio.o
 .debug_ranges  0x0000000000000870       0x80 build/stm32f4xx_hal_dma.o
 .debug_ranges  0x00000000000008f0       0xf8 build/stm32f4xx_hal_cortex.o
 .debug_ranges  0x00000000000009e8       0xe0 build/stm32f4xx_hal.o
 .debug_ranges  0x0000000000000ac8       0x38 build/diskio.o
 .debug_ranges  0x0000000000000b00      0x208 build/ff.o
 .debug_ranges  0x0000000000000d08       0x30 build/ff_gen_drv.o
 .debug_ranges  0x0000000000000d38       0x28 build/syscall.o
 .debug_ranges  0x0000000000000d60       0x48 build/main.o
 .debug_ranges  0x0000000000000da8       0x90 build/bsp_driver_sd.o
 .debug_ranges  0x0000000000000e38       0x50 build/sd_diskio.o
 .debug_ranges  0x0000000000000e88       0x18 build/fatfs.o
 .debug_ranges  0x0000000000000ea0       0x58 build/stm32f4xx_it.o
 .debug_ranges  0x0000000000000ef8       0x20 build/stm32f4xx_hal_msp.o
 .debug_ranges  0x0000000000000f18       0x20 build/stm32f4xx_hal_timebase_tim.o
 .debug_ranges  0x0000000000000f38       0x18 build/system_stm32f4xx.o
 .debug_ranges  0x0000000000000f50       0x30 build/list.o
 .debug_ranges  0x0000000000000f80      0x218 build/queue.o
 .debug_ranges  0x0000000000001198      0x328 build/tasks.o
 .debug_ranges  0x00000000000014c0       0xd8 build/timers.o
 .debug_ranges  0x0000000000001598      0x210 build/cmsis_os2.o
 .debug_ranges  0x00000000000017a8       0x40 build/heap_4.o
 .debug_ranges  0x00000000000017e8       0x88 build/port.o
 .debug_ranges  0x0000000000001870       0x20 build/startup_stm32f407xx.o
 .debug_ranges  0x0000000000001890       0xc8 /usr/lib/gcc/arm-none-eabi/9.2.1/thumb/v7e-m+fp/hard/libgcc.a(_udivmoddi4.o)

.debug_line     0x0000000000000000    0x1b3d7
 .debug_line    0x0000000000000000      0xfe3 build/stm32f4xx_ll_sdmmc.o
 .debug_line    0x0000000000000fe3     0x2727 build/stm32f4xx_hal_sd.o
 .debug_line    0x000000000000370a     0x363d build/stm32f4xx_hal_tim.o
 .debug_line    0x0000000000006d47     0x1169 build/stm32f4xx_hal_tim_ex.o
 .debug_line    0x0000000000007eb0      0xaae build/stm32f4xx_hal_rcc.o
 .debug_line    0x000000000000895e      0x69f build/stm32f4xx_hal_gpio.o
 .debug_line    0x0000000000008ffd      0xd9d build/stm32f4xx_hal_dma.o
 .debug_line    0x0000000000009d9a      0x718 build/stm32f4xx_hal_cortex.o
 .debug_line    0x000000000000a4b2      0x4db build/stm32f4xx_hal.o
 .debug_line    0x000000000000a98d      0x24b build/diskio.o
 .debug_line    0x000000000000abd8     0x4732 build/ff.o
 .debug_line    0x000000000000f30a      0x28d build/ff_gen_drv.o
 .debug_line    0x000000000000f597      0x23c build/syscall.o
 .debug_line    0x000000000000f7d3      0x599 build/main.o
 .debug_line    0x000000000000fd6c      0x39d build/bsp_driver_sd.o
 .debug_line    0x0000000000010109      0x52b build/sd_diskio.o
 .debug_line    0x0000000000010634      0x1e5 build/fatfs.o
 .debug_line    0x0000000000010819      0x2a2 build/stm32f4xx_it.o
 .debug_line    0x0000000000010abb      0x39e build/stm32f4xx_hal_msp.o
 .debug_line    0x0000000000010e59      0x242 build/stm32f4xx_hal_timebase_tim.o
 .debug_line    0x000000000001109b      0x1ff build/system_stm32f4xx.o
 .debug_line    0x000000000001129a      0x34c build/list.o
 .debug_line    0x00000000000115e6     0x1fc7 build/queue.o
 .debug_line    0x00000000000135ad     0x2be1 build/tasks.o
 .debug_line    0x000000000001618e      0xe2e build/timers.o
 .debug_line    0x0000000000016fbc     0x2c61 build/cmsis_os2.o
 .debug_line    0x0000000000019c1d      0x5ca build/heap_4.o
 .debug_line    0x000000000001a1e7      0x66c build/port.o
 .debug_line    0x000000000001a853       0x74 build/startup_stm32f407xx.o
 .debug_line    0x000000000001a8c7      0x10d /usr/lib/gcc/arm-none-eabi/9.2.1/../../../arm-none-eabi/lib/thumb/v7e-m+fp/hard/libc_nano.a(lib_a-init.o)
 .debug_line    0x000000000001a9d4       0xbe /usr/lib/gcc/arm-none-eabi/9.2.1/../../../arm-none-eabi/lib/thumb/v7e-m+fp/hard/libc_nano.a(lib_a-memcpy.o)
 .debug_line    0x000000000001aa92      0x26b /usr/lib/gcc/arm-none-eabi/9.2.1/../../../arm-none-eabi/lib/thumb/v7e-m+fp/hard/libc_nano.a(lib_a-memset.o)
 .debug_line    0x000000000001acfd       0x60 /usr/lib/gcc/arm-none-eabi/9.2.1/thumb/v7e-m+fp/hard/libgcc.a(_aeabi_uldivmod.o)
 .debug_line    0x000000000001ad5d      0x61a /usr/lib/gcc/arm-none-eabi/9.2.1/thumb/v7e-m+fp/hard/libgcc.a(_udivmoddi4.o)
 .debug_line    0x000000000001b377       0x60 /usr/lib/gcc/arm-none-eabi/9.2.1/thumb/v7e-m+fp/hard/libgcc.a(_dvmd_tls.o)

.debug_str      0x0000000000000000     0x936f
 .debug_str     0x0000000000000000      0x7dc build/stm32f4xx_ll_sdmmc.o
                                        0x873 (size before relaxing)
 .debug_str     0x00000000000007dc      0xad4 build/stm32f4xx_hal_sd.o
                                       0x1182 (size before relaxing)
 .debug_str     0x00000000000012b0      0xfe6 build/stm32f4xx_hal_tim.o
                                       0x156f (size before relaxing)
 .debug_str     0x0000000000002296      0x545 build/stm32f4xx_hal_tim_ex.o
                                        0xd87 (size before relaxing)
 .debug_str     0x00000000000027db      0x45f build/stm32f4xx_hal_rcc.o
                                        0x765 (size before relaxing)
 .debug_str     0x0000000000002c3a      0x163 build/stm32f4xx_hal_gpio.o
                                        0x592 (size before relaxing)
 .debug_str     0x0000000000002d9d      0x2bf build/stm32f4xx_hal_dma.o
                                        0x823 (size before relaxing)
 .debug_str     0x000000000000305c      0x9e9 build/stm32f4xx_hal_cortex.o
                                        0xcd7 (size before relaxing)
 .debug_str     0x0000000000003a45      0x240 build/stm32f4xx_hal.o
                                        0xb98 (size before relaxing)
 .debug_str     0x0000000000003c85      0x106 build/diskio.o
                                        0x379 (size before relaxing)
 .debug_str     0x0000000000003d8b      0x60d build/ff.o
                                        0x966 (size before relaxing)
 .debug_str     0x0000000000004398       0x9f build/ff_gen_drv.o
                                        0x3ca (size before relaxing)
 .debug_str     0x0000000000004437       0xe3 build/syscall.o
                                        0x398 (size before relaxing)
 .debug_str     0x000000000000451a      0x5a8 build/main.o
                                       0x19da (size before relaxing)
 .debug_str     0x0000000000004ac2      0x158 build/bsp_driver_sd.o
                                        0x969 (size before relaxing)
 .debug_str     0x0000000000004c1a      0x4d1 build/sd_diskio.o
                                        0x9f5 (size before relaxing)
 .debug_str     0x00000000000050eb        0xc build/fatfs.o
                                        0x459 (size before relaxing)
 .debug_str     0x00000000000050f7       0xd2 build/stm32f4xx_it.o
                                        0x9f6 (size before relaxing)
 .debug_str     0x00000000000051c9       0x18 build/stm32f4xx_hal_msp.o
                                        0xe50 (size before relaxing)
 .debug_str     0x00000000000051e1       0x47 build/stm32f4xx_hal_timebase_tim.o
                                        0xe08 (size before relaxing)
 .debug_str     0x0000000000005228       0x42 build/system_stm32f4xx.o
                                        0x401 (size before relaxing)
 .debug_str     0x000000000000526a      0x157 build/list.o
                                        0x700 (size before relaxing)
 .debug_str     0x00000000000053c1      0xa07 build/queue.o
                                       0x10e9 (size before relaxing)
 .debug_str     0x0000000000005dc8      0xc50 build/tasks.o
                                       0x168b (size before relaxing)
 .debug_str     0x0000000000006a18      0x5c3 build/timers.o
                                       0x101e (size before relaxing)
 .debug_str     0x0000000000006fdb      0x8af build/cmsis_os2.o
                                       0x1d19 (size before relaxing)
 .debug_str     0x000000000000788a      0x1d5 build/heap_4.o
                                        0x7df (size before relaxing)
 .debug_str     0x0000000000007a5f      0x18d build/port.o
                                        0x479 (size before relaxing)
 .debug_str     0x0000000000007bec       0x22 build/startup_stm32f407xx.o
                                         0x56 (size before relaxing)
 .debug_str     0x0000000000007c0e      0x181 /usr/lib/gcc/arm-none-eabi/9.2.1/../../../arm-none-eabi/lib/thumb/v7e-m+fp/hard/libc_nano.a(lib_a-init.o)
                                        0x229 (size before relaxing)
 .debug_str     0x0000000000007d8f       0xaa /usr/lib/gcc/arm-none-eabi/9.2.1/../../../arm-none-eabi/lib/thumb/v7e-m+fp/hard/libc_nano.a(lib_a-memcpy.o)
                                         0xb6 (size before relaxing)
 .debug_str     0x0000000000007e39      0x38e /usr/lib/gcc/arm-none-eabi/9.2.1/../../../arm-none-eabi/lib/thumb/v7e-m+fp/hard/libc_nano.a(lib_a-memset.o)
                                        0x90f (size before relaxing)
 .debug_str     0x00000000000081c7       0x97 /usr/lib/gcc/arm-none-eabi/9.2.1/thumb/v7e-m+fp/hard/libgcc.a(_aeabi_uldivmod.o)
                                         0xa3 (size before relaxing)
 .debug_str     0x000000000000825e     0x10e1 /usr/lib/gcc/arm-none-eabi/9.2.1/thumb/v7e-m+fp/hard/libgcc.a(_udivmoddi4.o)
                                       0x11e6 (size before relaxing)
 .debug_str     0x000000000000933f       0x30 /usr/lib/gcc/arm-none-eabi/9.2.1/thumb/v7e-m+fp/hard/libgcc.a(_dvmd_tls.o)
                                         0xa7 (size before relaxing)

.debug_frame    0x0000000000000000     0x45f0
 .debug_frame   0x0000000000000000      0x498 build/stm32f4xx_ll_sdmmc.o
 .debug_frame   0x0000000000000498      0x4d4 build/stm32f4xx_hal_sd.o
 .debug_frame   0x000000000000096c      0xa7c build/stm32f4xx_hal_tim.o
 .debug_frame   0x00000000000013e8      0x3b4 build/stm32f4xx_hal_tim_ex.o
 .debug_frame   0x000000000000179c      0x174 build/stm32f4xx_hal_rcc.o
 .debug_frame   0x0000000000001910       0xd8 build/stm32f4xx_hal_gpio.o
 .debug_frame   0x00000000000019e8      0x188 build/stm32f4xx_hal_dma.o
 .debug_frame   0x0000000000001b70      0x15c build/stm32f4xx_hal_cortex.o
 .debug_frame   0x0000000000001ccc      0x1ec build/stm32f4xx_hal.o
 .debug_frame   0x0000000000001eb8       0xa0 build/diskio.o
 .debug_frame   0x0000000000001f58      0x82c build/ff.o
 .debug_frame   0x0000000000002784       0x80 build/ff_gen_drv.o
 .debug_frame   0x0000000000002804       0x70 build/syscall.o
 .debug_frame   0x0000000000002874       0xdc build/main.o
 .debug_frame   0x0000000000002950      0x188 build/bsp_driver_sd.o
 .debug_frame   0x0000000000002ad8      0x114 build/sd_diskio.o
 .debug_frame   0x0000000000002bec       0x38 build/fatfs.o
 .debug_frame   0x0000000000002c24       0xd0 build/stm32f4xx_it.o
 .debug_frame   0x0000000000002cf4       0x70 build/stm32f4xx_hal_msp.o
 .debug_frame   0x0000000000002d64       0x50 build/stm32f4xx_hal_timebase_tim.o
 .debug_frame   0x0000000000002db4       0x30 build/system_stm32f4xx.o
 .debug_frame   0x0000000000002de4       0x70 build/list.o
 .debug_frame   0x0000000000002e54      0x45c build/queue.o
 .debug_frame   0x00000000000032b0      0x648 build/tasks.o
 .debug_frame   0x00000000000038f8      0x2f0 build/timers.o
 .debug_frame   0x0000000000003be8      0x78c build/cmsis_os2.o
 .debug_frame   0x0000000000004374       0xac build/heap_4.o
 .debug_frame   0x0000000000004420      0x10c build/port.o
 .debug_frame   0x000000000000452c       0x2c /usr/lib/gcc/arm-none-eabi/9.2.1/../../../arm-none-eabi/lib/thumb/v7e-m+fp/hard/libc_nano.a(lib_a-init.o)
 .debug_frame   0x0000000000004558       0x38 /usr/lib/gcc/arm-none-eabi/9.2.1/../../../arm-none-eabi/lib/thumb/v7e-m+fp/hard/libc_nano.a(lib_a-memset.o)
 .debug_frame   0x0000000000004590       0x2c /usr/lib/gcc/arm-none-eabi/9.2.1/thumb/v7e-m+fp/hard/libgcc.a(_aeabi_uldivmod.o)
 .debug_frame   0x00000000000045bc       0x34 /usr/lib/gcc/arm-none-eabi/9.2.1/thumb/v7e-m+fp/hard/libgcc.a(_udivmoddi4.o)

Cross Reference Table

Symbol                                            File
ADC_IRQHandler                                    build/startup_stm32f407xx.o
AHBPrescTable                                     build/system_stm32f4xx.o
                                                  build/stm32f4xx_hal_rcc.o
APBPrescTable                                     build/system_stm32f4xx.o
                                                  build/stm32f4xx_hal_rcc.o
BSP_SD_AbortCallback                              build/bsp_driver_sd.o
BSP_SD_DetectIT                                   build/bsp_driver_sd.o
BSP_SD_Erase                                      build/bsp_driver_sd.o
BSP_SD_GetCardInfo                                build/bsp_driver_sd.o
                                                  build/sd_diskio.o
BSP_SD_GetCardState                               build/bsp_driver_sd.o
                                                  build/sd_diskio.o
BSP_SD_ITConfig                                   build/bsp_driver_sd.o
BSP_SD_Init                                       build/bsp_driver_sd.o
                                                  build/sd_diskio.o
BSP_SD_IsDetected                                 build/bsp_driver_sd.o
BSP_SD_ReadBlocks                                 build/bsp_driver_sd.o
BSP_SD_ReadBlocks_DMA                             build/bsp_driver_sd.o
                                                  build/sd_diskio.o
BSP_SD_ReadCpltCallback                           build/sd_diskio.o
                                                  build/bsp_driver_sd.o
BSP_SD_WriteBlocks                                build/bsp_driver_sd.o
BSP_SD_WriteBlocks_DMA                            build/bsp_driver_sd.o
                                                  build/sd_diskio.o
BSP_SD_WriteCpltCallback                          build/sd_diskio.o
                                                  build/bsp_driver_sd.o
BusFault_Handler                                  build/stm32f4xx_it.o
CAN1_RX0_IRQHandler                               build/startup_stm32f407xx.o
CAN1_RX1_IRQHandler                               build/startup_stm32f407xx.o
CAN1_SCE_IRQHandler                               build/startup_stm32f407xx.o
CAN1_TX_IRQHandler                                build/startup_stm32f407xx.o
CAN2_RX0_IRQHandler                               build/startup_stm32f407xx.o