Archive member included to satisfy reference by file (symbol)

/usr/lib/gcc/arm-none-eabi/9.2.1/../../../arm-none-eabi/lib/thumb/v7e-m+fp/hard/libc_nano.a(lib_a-atexit.o)
                              /usr/lib/gcc/arm-none-eabi/9.2.1/../../../arm-none-eabi/lib/thumb/v7e-m+fp/hard/crt0.o (atexit)
/usr/lib/gcc/arm-none-eabi/9.2.1/../../../arm-none-eabi/lib/thumb/v7e-m+fp/hard/libc_nano.a(lib_a-exit.o)
                              /usr/lib/gcc/arm-none-eabi/9.2.1/../../../arm-none-eabi/lib/thumb/v7e-m+fp/hard/crt0.o (exit)
/usr/lib/gcc/arm-none-eabi/9.2.1/../../../arm-none-eabi/lib/thumb/v7e-m+fp/hard/libc_nano.a(lib_a-fini.o)
                              /usr/lib/gcc/arm-none-eabi/9.2.1/../../../arm-none-eabi/lib/thumb/v7e-m+fp/hard/crt0.o (__libc_fini_array)
/usr/lib/gcc/arm-none-eabi/9.2.1/../../../arm-none-eabi/lib/thumb/v7e-m+fp/hard/libc_nano.a(lib_a-impure.o)
                              /usr/lib/gcc/arm-none-eabi/9.2.1/../../../arm-none-eabi/lib/thumb/v7e-m+fp/hard/libc_nano.a(lib_a-exit.o) (_global_impure_ptr)
/usr/lib/gcc/arm-none-eabi/9.2.1/../../../arm-none-eabi/lib/thumb/v7e-m+fp/hard/libc_nano.a(lib_a-init.o)
                              /usr/lib/gcc/arm-none-eabi/9.2.1/../../../arm-none-eabi/lib/thumb/v7e-m+fp/hard/crt0.o (__libc_init_array)
/usr/lib/gcc/arm-none-eabi/9.2.1/../../../arm-none-eabi/lib/thumb/v7e-m+fp/hard/libc_nano.a(lib_a-memset.o)
                              /usr/lib/gcc/arm-none-eabi/9.2.1/../../../arm-none-eabi/lib/thumb/v7e-m+fp/hard/crt0.o (memset)
/usr/lib/gcc/arm-none-eabi/9.2.1/../../../arm-none-eabi/lib/thumb/v7e-m+fp/hard/libc_nano.a(lib_a-__atexit.o)
                              /usr/lib/gcc/arm-none-eabi/9.2.1/../../../arm-none-eabi/lib/thumb/v7e-m+fp/hard/libc_nano.a(lib_a-atexit.o) (__register_exitproc)
/usr/lib/gcc/arm-none-eabi/9.2.1/../../../arm-none-eabi/lib/thumb/v7e-m+fp/hard/libc_nano.a(lib_a-__call_atexit.o)
                              /usr/lib/gcc/arm-none-eabi/9.2.1/../../../arm-none-eabi/lib/thumb/v7e-m+fp/hard/libc_nano.a(lib_a-__atexit.o) (__call_exitprocs)
/usr/lib/gcc/arm-none-eabi/9.2.1/../../../arm-none-eabi/lib/thumb/v7e-m+fp/hard/libnosys.a(_exit.o)
                              /usr/lib/gcc/arm-none-eabi/9.2.1/../../../arm-none-eabi/lib/thumb/v7e-m+fp/hard/libc_nano.a(lib_a-exit.o) (_exit)
/usr/lib/gcc/arm-none-eabi/9.2.1/thumb/v7e-m+fp/hard/libgcc.a(_aeabi_uldivmod.o)
                              build/stm32f4xx_hal_rcc.o (__aeabi_uldivmod)
/usr/lib/gcc/arm-none-eabi/9.2.1/thumb/v7e-m+fp/hard/libgcc.a(_udivmoddi4.o)
                              /usr/lib/gcc/arm-none-eabi/9.2.1/thumb/v7e-m+fp/hard/libgcc.a(_aeabi_uldivmod.o) (__udivmoddi4)
/usr/lib/gcc/arm-none-eabi/9.2.1/thumb/v7e-m+fp/hard/libgcc.a(_dvmd_tls.o)
                              /usr/lib/gcc/arm-none-eabi/9.2.1/thumb/v7e-m+fp/hard/libgcc.a(_aeabi_uldivmod.o) (__aeabi_ldiv0)

Allocating common symbols
Common symbol       size              file

retSD               0x1               build/fatfs.o
uwTick              0x4               build/stm32f4xx_hal.o
pFlash              0x20              build/stm32f4xx_hal_flash.o
htim13              0x40              build/main.o
huart1              0x40              build/main.o
htim11              0x40              build/main.o
SDPath              0x4               build/fatfs.o
hsd                 0x84              build/main.o
SDFile              0x230             build/fatfs.o
htim14              0x40              build/main.o
SDFatFS             0x230             build/fatfs.o

Discarded input sections

 .text          0x0000000000000000        0x0 /usr/lib/gcc/arm-none-eabi/9.2.1/thumb/v7e-m+fp/hard/crti.o
 .data          0x0000000000000000        0x0 /usr/lib/gcc/arm-none-eabi/9.2.1/thumb/v7e-m+fp/hard/crti.o
 .bss           0x0000000000000000        0x0 /usr/lib/gcc/arm-none-eabi/9.2.1/thumb/v7e-m+fp/hard/crti.o
 .data          0x0000000000000000        0x4 /usr/lib/gcc/arm-none-eabi/9.2.1/thumb/v7e-m+fp/hard/crtbegin.o
 .text          0x0000000000000000       0x70 /usr/lib/gcc/arm-none-eabi/9.2.1/../../../arm-none-eabi/lib/thumb/v7e-m+fp/hard/crt0.o
 .data          0x0000000000000000        0x0 /usr/lib/gcc/arm-none-eabi/9.2.1/../../../arm-none-eabi/lib/thumb/v7e-m+fp/hard/crt0.o
 .bss           0x0000000000000000        0x0 /usr/lib/gcc/arm-none-eabi/9.2.1/../../../arm-none-eabi/lib/thumb/v7e-m+fp/hard/crt0.o
 .ARM.extab     0x0000000000000000        0x0 /usr/lib/gcc/arm-none-eabi/9.2.1/../../../arm-none-eabi/lib/thumb/v7e-m+fp/hard/crt0.o
 .ARM.exidx     0x0000000000000000       0x10 /usr/lib/gcc/arm-none-eabi/9.2.1/../../../arm-none-eabi/lib/thumb/v7e-m+fp/hard/crt0.o
 .debug_line    0x0000000000000000       0x87 /usr/lib/gcc/arm-none-eabi/9.2.1/../../../arm-none-eabi/lib/thumb/v7e-m+fp/hard/crt0.o
 .debug_info    0x0000000000000000       0x26 /usr/lib/gcc/arm-none-eabi/9.2.1/../../../arm-none-eabi/lib/thumb/v7e-m+fp/hard/crt0.o
[...]
Memory Configuration

Name             Origin             Length             Attributes
RAM              0x0000000020000000 0x0000000000020000 xrw
CCMRAM           0x0000000010000000 0x0000000000010000 rw
FLASH            0x0000000008000000 0x0000000000100000 xr
*default*        0x0000000000000000 0xffffffffffffffff

Linker script and memory map

LOAD /usr/lib/gcc/arm-none-eabi/9.2.1/thumb/v7e-m+fp/hard/crti.o
LOAD /usr/lib/gcc/arm-none-eabi/9.2.1/thumb/v7e-m+fp/hard/crtbegin.o
LOAD /usr/lib/gcc/arm-none-eabi/9.2.1/../../../arm-none-eabi/lib/thumb/v7e-m+fp/hard/crt0.o
LOAD build/main.o
LOAD build/stm32f4xx_it.o
LOAD build/stm32f4xx_hal_msp.o
LOAD build/bsp_driver_sd.o
LOAD build/sd_diskio.o
LOAD build/fatfs_platform.o
LOAD build/fatfs.o
LOAD build/stm32f4xx_ll_sdmmc.o
LOAD build/stm32f4xx_hal_sd.o
LOAD build/stm32f4xx_hal_tim.o
LOAD build/stm32f4xx_hal_tim_ex.o
LOAD build/stm32f4xx_hal_rcc.o
LOAD build/stm32f4xx_hal_rcc_ex.o
LOAD build/stm32f4xx_hal_flash.o
LOAD build/stm32f4xx_hal_flash_ex.o
LOAD build/stm32f4xx_hal_flash_ramfunc.o
LOAD build/stm32f4xx_hal_gpio.o
LOAD build/stm32f4xx_hal_dma_ex.o
LOAD build/stm32f4xx_hal_dma.o
LOAD build/stm32f4xx_hal_pwr.o
LOAD build/stm32f4xx_hal_pwr_ex.o
LOAD build/stm32f4xx_hal_cortex.o
LOAD build/stm32f4xx_hal.o
LOAD build/stm32f4xx_hal_exti.o
LOAD build/system_stm32f4xx.o
LOAD build/diskio.o
LOAD build/ff.o
LOAD build/ff_gen_drv.o
LOAD build/syscall.o
LOAD build/stm32f4xx_hal_uart.o
LOAD build/startup_stm32f407xx.o
LOAD /usr/lib/gcc/arm-none-eabi/9.2.1/../../../arm-none-eabi/lib/thumb/v7e-m+fp/hard/libc_nano.a
LOAD /usr/lib/gcc/arm-none-eabi/9.2.1/../../../arm-none-eabi/lib/thumb/v7e-m+fp/hard/libm.a
LOAD /usr/lib/gcc/arm-none-eabi/9.2.1/../../../arm-none-eabi/lib/thumb/v7e-m+fp/hard/libnosys.a
START GROUP
LOAD /usr/lib/gcc/arm-none-eabi/9.2.1/thumb/v7e-m+fp/hard/libgcc.a
LOAD /usr/lib/gcc/arm-none-eabi/9.2.1/../../../arm-none-eabi/lib/thumb/v7e-m+fp/hard/libc_nano.a
END GROUP
START GROUP
LOAD /usr/lib/gcc/arm-none-eabi/9.2.1/thumb/v7e-m+fp/hard/libgcc.a
LOAD /usr/lib/gcc/arm-none-eabi/9.2.1/../../../arm-none-eabi/lib/thumb/v7e-m+fp/hard/libc_nano.a
END GROUP
LOAD /usr/lib/gcc/arm-none-eabi/9.2.1/thumb/v7e-m+fp/hard/crtend.o
LOAD /usr/lib/gcc/arm-none-eabi/9.2.1/thumb/v7e-m+fp/hard/crtn.o
                0x0000000020020000                _estack = 0x20020000
                0x0000000000001000                _Min_Heap_Size = 0x1000
                0x0000000000002000                _Min_Stack_Size = 0x2000

.isr_vector     0x0000000008000000      0x188
                0x0000000008000000                . = ALIGN (0x4)
 *(.isr_vector)
 .isr_vector    0x0000000008000000      0x188 build/startup_stm32f407xx.o
                0x0000000008000000                g_pfnVectors
                0x0000000008000188                . = ALIGN (0x4)

.text           0x0000000008000188     0x2eb4
                0x0000000008000188                . = ALIGN (0x4)
 *(.text)
 .text          0x0000000008000188       0x88 /usr/lib/gcc/arm-none-eabi/9.2.1/thumb/v7e-m+fp/hard/crtbegin.o
 .text          0x0000000008000210       0x48 /usr/lib/gcc/arm-none-eabi/9.2.1/../../../arm-none-eabi/lib/thumb/v7e-m+fp/hard/libc_nano.a(lib_a-init.o)
                0x0000000008000210                __libc_init_array
 .text          0x0000000008000258       0xa0 /usr/lib/gcc/arm-none-eabi/9.2.1/../../../arm-none-eabi/lib/thumb/v7e-m+fp/hard/libc_nano.a(lib_a-memset.o)
                0x0000000008000258                memset
 .text          0x00000000080002f8       0x30 /usr/lib/gcc/arm-none-eabi/9.2.1/thumb/v7e-m+fp/hard/libgcc.a(_aeabi_uldivmod.o)
                0x00000000080002f8                __aeabi_uldivmod
 .text          0x0000000008000328      0x2c4 /usr/lib/gcc/arm-none-eabi/9.2.1/thumb/v7e-m+fp/hard/libgcc.a(_udivmoddi4.o)
                0x0000000008000328                __udivmoddi4
 .text          0x00000000080005ec        0x4 /usr/lib/gcc/arm-none-eabi/9.2.1/thumb/v7e-m+fp/hard/libgcc.a(_dvmd_tls.o)
                0x00000000080005ec                __aeabi_ldiv0
                0x00000000080005ec                __aeabi_idiv0
 *(.text*)
 .text.MX_SDIO_SD_Init
                0x00000000080005f0       0x24 build/main.o
 .text.MX_GPIO_Init
                0x0000000008000614       0xc8 build/main.o
 .text.MX_USART1_UART_Init
                0x00000000080006dc       0x2c build/main.o
 .text.MX_TIM11_Init
                0x0000000008000708       0x28 build/main.o
 .text.MX_TIM14_Init
                0x0000000008000730       0x28 build/main.o
 .text.MX_TIM13_Init
                0x0000000008000758       0x24 build/main.o
 .text.SystemClock_Config
                0x000000000800077c       0x94 build/main.o
                0x000000000800077c                SystemClock_Config
 .text.main     0x0000000008000810       0x70 build/main.o
                0x0000000008000810                main
 .text.NMI_Handler
                0x0000000008000880        0x2 build/stm32f4xx_it.o
                0x0000000008000880                NMI_Handler
 .text.HardFault_Handler
                0x0000000008000882        0x2 build/stm32f4xx_it.o
                0x0000000008000882                HardFault_Handler
 .text.MemManage_Handler
                0x0000000008000884        0x2 build/stm32f4xx_it.o
                0x0000000008000884                MemManage_Handler
 .text.BusFault_Handler
                0x0000000008000886        0x2 build/stm32f4xx_it.o
                0x0000000008000886                BusFault_Handler
 .text.UsageFault_Handler
                0x0000000008000888        0x2 build/stm32f4xx_it.o
                0x0000000008000888                UsageFault_Handler
 .text.DebugMon_Handler
                0x000000000800088a        0x2 build/stm32f4xx_it.o
                0x000000000800088a                DebugMon_Handler
 .text.SysTick_Handler
                0x000000000800088c        0x8 build/stm32f4xx_it.o
                0x000000000800088c                SysTick_Handler
 .text.SDIO_IRQHandler
                0x0000000008000894       0x10 build/stm32f4xx_it.o
                0x0000000008000894                SDIO_IRQHandler
 .text.HAL_MspInit
                0x00000000080008a4       0x38 build/stm32f4xx_hal_msp.o
                0x00000000080008a4                HAL_MspInit
 .text.HAL_SD_MspInit
                0x00000000080008dc       0xb0 build/stm32f4xx_hal_msp.o
                0x00000000080008dc                HAL_SD_MspInit
 .text.HAL_TIM_Base_MspInit
                0x000000000800098c       0x78 build/stm32f4xx_hal_msp.o
                0x000000000800098c                HAL_TIM_Base_MspInit
 .text.HAL_UART_MspInit
                0x0000000008000a04       0x74 build/stm32f4xx_hal_msp.o
                0x0000000008000a04                HAL_UART_MspInit
 .text.BSP_SD_ReadBlocks
                0x0000000008000a78       0x20 build/bsp_driver_sd.o
                0x0000000008000a78                BSP_SD_ReadBlocks
 .text.BSP_SD_WriteBlocks
                0x0000000008000a98       0x20 build/bsp_driver_sd.o
                0x0000000008000a98                BSP_SD_WriteBlocks
 .text.BSP_SD_GetCardState
                0x0000000008000ab8       0x14 build/bsp_driver_sd.o
                0x0000000008000ab8                BSP_SD_GetCardState
 .text.BSP_SD_GetCardInfo
                0x0000000008000acc       0x10 build/bsp_driver_sd.o
                0x0000000008000acc                BSP_SD_GetCardInfo
 .text.BSP_SD_AbortCallback
                0x0000000008000adc        0x2 build/bsp_driver_sd.o
                0x0000000008000adc                BSP_SD_AbortCallback
 .text.HAL_SD_AbortCallback
                0x0000000008000ade        0x8 build/bsp_driver_sd.o
                0x0000000008000ade                HAL_SD_AbortCallback
 .text.BSP_SD_WriteCpltCallback
                0x0000000008000ae6        0x2 build/bsp_driver_sd.o
                0x0000000008000ae6                BSP_SD_WriteCpltCallback
 .text.HAL_SD_TxCpltCallback
                0x0000000008000ae8        0x8 build/bsp_driver_sd.o
                0x0000000008000ae8                HAL_SD_TxCpltCallback
 .text.BSP_SD_ReadCpltCallback
                0x0000000008000af0        0x2 build/bsp_driver_sd.o
                0x0000000008000af0                BSP_SD_ReadCpltCallback
 .text.HAL_SD_RxCpltCallback
                0x0000000008000af2        0x8 build/bsp_driver_sd.o
                0x0000000008000af2                HAL_SD_RxCpltCallback
 .text.BSP_SD_IsDetected
                0x0000000008000afa       0x20 build/bsp_driver_sd.o
                0x0000000008000afa                BSP_SD_IsDetected
 *fill*         0x0000000008000b1a        0x2 
 .text.BSP_SD_Init
                0x0000000008000b1c       0x34 build/bsp_driver_sd.o
                0x0000000008000b1c                BSP_SD_Init
 .text.SD_CheckStatus
                0x0000000008000b50       0x24 build/sd_diskio.o
 .text.SD_initialize
                0x0000000008000b74       0x28 build/sd_diskio.o
                0x0000000008000b74                SD_initialize
 .text.SD_status
                0x0000000008000b9c        0x8 build/sd_diskio.o
                0x0000000008000b9c                SD_status
 .text.SD_read  0x0000000008000ba4       0x24 build/sd_diskio.o
                0x0000000008000ba4                SD_read
 .text.SD_write
                0x0000000008000bc8       0x24 build/sd_diskio.o
                0x0000000008000bc8                SD_write
 .text.SD_ioctl
                0x0000000008000bec       0x58 build/sd_diskio.o
                0x0000000008000bec                SD_ioctl
 .text.BSP_PlatformIsDetected
                0x0000000008000c44       0x18 build/fatfs_platform.o
                0x0000000008000c44                BSP_PlatformIsDetected
 .text.MX_FATFS_Init
                0x0000000008000c5c       0x1c build/fatfs.o
                0x0000000008000c5c                MX_FATFS_Init
 .text.SDMMC_GetCmdError
                0x0000000008000c78       0x38 build/stm32f4xx_ll_sdmmc.o
 .text.SDMMC_GetCmdResp2
                0x0000000008000cb0       0x5c build/stm32f4xx_ll_sdmmc.o
 .text.SDMMC_GetCmdResp3
                0x0000000008000d0c       0x4c build/stm32f4xx_ll_sdmmc.o
 .text.SDMMC_GetCmdResp7
                0x0000000008000d58       0x64 build/stm32f4xx_ll_sdmmc.o
 .text.SDIO_Init
                0x0000000008000dbc       0x38 build/stm32f4xx_ll_sdmmc.o
                0x0000000008000dbc                SDIO_Init
 .text.SDIO_ReadFIFO
                0x0000000008000df4        0x6 build/stm32f4xx_ll_sdmmc.o
                0x0000000008000df4                SDIO_ReadFIFO
 .text.SDIO_WriteFIFO
                0x0000000008000dfa        0xa build/stm32f4xx_ll_sdmmc.o
                0x0000000008000dfa                SDIO_WriteFIFO
 .text.SDIO_PowerState_ON
                0x0000000008000e04       0x10 build/stm32f4xx_ll_sdmmc.o
                0x0000000008000e04                SDIO_PowerState_ON
 .text.SDIO_GetPowerState
                0x0000000008000e14        0x8 build/stm32f4xx_ll_sdmmc.o
                0x0000000008000e14                SDIO_GetPowerState
 .text.SDIO_SendCommand
                0x0000000008000e1c       0x24 build/stm32f4xx_ll_sdmmc.o
                0x0000000008000e1c                SDIO_SendCommand
 .text.SDIO_GetCommandResponse
                0x0000000008000e40        0x6 build/stm32f4xx_ll_sdmmc.o
                0x0000000008000e40                SDIO_GetCommandResponse
 .text.SDIO_GetResponse
                0x0000000008000e46        0x6 build/stm32f4xx_ll_sdmmc.o
                0x0000000008000e46                SDIO_GetResponse
 .text.SDMMC_GetCmdResp1
                0x0000000008000e4c      0x154 build/stm32f4xx_ll_sdmmc.o
 .text.SDMMC_GetCmdResp6
                0x0000000008000fa0       0xa0 build/stm32f4xx_ll_sdmmc.o
 .text.SDIO_ConfigData
                0x0000000008001040       0x24 build/stm32f4xx_ll_sdmmc.o
                0x0000000008001040                SDIO_ConfigData
 .text.SDMMC_CmdBlockLength
                0x0000000008001064       0x30 build/stm32f4xx_ll_sdmmc.o
                0x0000000008001064                SDMMC_CmdBlockLength
 .text.SDMMC_CmdReadSingleBlock
                0x0000000008001094       0x30 build/stm32f4xx_ll_sdmmc.o
                0x0000000008001094                SDMMC_CmdReadSingleBlock
 .text.SDMMC_CmdReadMultiBlock
                0x00000000080010c4       0x30 build/stm32f4xx_ll_sdmmc.o
                0x00000000080010c4                SDMMC_CmdReadMultiBlock
 .text.SDMMC_CmdWriteSingleBlock
                0x00000000080010f4       0x30 build/stm32f4xx_ll_sdmmc.o
                0x00000000080010f4                SDMMC_CmdWriteSingleBlock
 .text.SDMMC_CmdWriteMultiBlock
                0x0000000008001124       0x30 build/stm32f4xx_ll_sdmmc.o
                0x0000000008001124                SDMMC_CmdWriteMultiBlock
 .text.SDMMC_CmdStopTransfer
                0x0000000008001154       0x34 build/stm32f4xx_ll_sdmmc.o
                0x0000000008001154                SDMMC_CmdStopTransfer
 .text.SDMMC_CmdSelDesel
                0x0000000008001188       0x30 build/stm32f4xx_ll_sdmmc.o
                0x0000000008001188                SDMMC_CmdSelDesel
 .text.SDMMC_CmdGoIdleState
                0x00000000080011b8       0x26 build/stm32f4xx_ll_sdmmc.o
                0x00000000080011b8                SDMMC_CmdGoIdleState
 .text.SDMMC_CmdOperCond
                0x00000000080011de       0x2e build/stm32f4xx_ll_sdmmc.o
                0x00000000080011de                SDMMC_CmdOperCond
 .text.SDMMC_CmdAppCommand
                0x000000000800120c       0x30 build/stm32f4xx_ll_sdmmc.o
                0x000000000800120c                SDMMC_CmdAppCommand
 .text.SDMMC_CmdAppOperCommand
                0x000000000800123c       0x32 build/stm32f4xx_ll_sdmmc.o
                0x000000000800123c                SDMMC_CmdAppOperCommand
 .text.SDMMC_CmdBusWidth
                0x000000000800126e       0x30 build/stm32f4xx_ll_sdmmc.o
                0x000000000800126e                SDMMC_CmdBusWidth
 .text.SDMMC_CmdSendSCR
                0x000000000800129e       0x30 build/stm32f4xx_ll_sdmmc.o
                0x000000000800129e                SDMMC_CmdSendSCR
 .text.SDMMC_CmdSendCID
                0x00000000080012ce       0x2a build/stm32f4xx_ll_sdmmc.o
                0x00000000080012ce                SDMMC_CmdSendCID
 .text.SDMMC_CmdSendCSD
                0x00000000080012f8       0x2a build/stm32f4xx_ll_sdmmc.o
                0x00000000080012f8                SDMMC_CmdSendCSD
 .text.SDMMC_CmdSetRelAdd
                0x0000000008001322       0x30 build/stm32f4xx_ll_sdmmc.o
                0x0000000008001322                SDMMC_CmdSetRelAdd
 .text.SDMMC_CmdSendStatus
                0x0000000008001352       0x30 build/stm32f4xx_ll_sdmmc.o
                0x0000000008001352                SDMMC_CmdSendStatus
 *fill*         0x0000000008001382        0x2 
 .text.SD_PowerON
                0x0000000008001384       0xc0 build/stm32f4xx_hal_sd.o
 .text.SD_Read_IT
                0x0000000008001444       0x36 build/stm32f4xx_hal_sd.o
 .text.SD_Write_IT
                0x000000000800147a       0x46 build/stm32f4xx_hal_sd.o
 .text.SD_FindSCR
                0x00000000080014c0       0xfc build/stm32f4xx_hal_sd.o
 .text.SD_WideBus_Enable
                0x00000000080015bc       0x4e build/stm32f4xx_hal_sd.o
 .text.SD_WideBus_Disable
                0x000000000800160a       0x4e build/stm32f4xx_hal_sd.o
 .text.SD_SendStatus
                0x0000000008001658       0x2c build/stm32f4xx_hal_sd.o
 .text.HAL_SD_ReadBlocks
                0x0000000008001684      0x268 build/stm32f4xx_hal_sd.o
                0x0000000008001684                HAL_SD_ReadBlocks
 .text.HAL_SD_WriteBlocks
                0x00000000080018ec      0x218 build/stm32f4xx_hal_sd.o
                0x00000000080018ec                HAL_SD_WriteBlocks
 .text.HAL_SD_ErrorCallback
                0x0000000008001b04        0x2 build/stm32f4xx_hal_sd.o
                0x0000000008001b04                HAL_SD_ErrorCallback
 *fill*         0x0000000008001b06        0x2 
 .text.HAL_SD_GetCardCSD
                0x0000000008001b08      0x1bc build/stm32f4xx_hal_sd.o
                0x0000000008001b08                HAL_SD_GetCardCSD
 .text.SD_InitCard
                0x0000000008001cc4      0x100 build/stm32f4xx_hal_sd.o
 .text.HAL_SD_InitCard
                0x0000000008001dc4       0x78 build/stm32f4xx_hal_sd.o
                0x0000000008001dc4                HAL_SD_InitCard
 .text.HAL_SD_Init
                0x0000000008001e3c       0x36 build/stm32f4xx_hal_sd.o
                0x0000000008001e3c                HAL_SD_Init
 .text.HAL_SD_GetCardInfo
                0x0000000008001e72       0x24 build/stm32f4xx_hal_sd.o
                0x0000000008001e72                HAL_SD_GetCardInfo
 *fill*         0x0000000008001e96        0x2 
 .text.HAL_SD_ConfigWideBusOperation
                0x0000000008001e98       0xa4 build/stm32f4xx_hal_sd.o
                0x0000000008001e98                HAL_SD_ConfigWideBusOperation
 .text.HAL_SD_GetCardState
                0x0000000008001f3c       0x22 build/stm32f4xx_hal_sd.o
                0x0000000008001f3c                HAL_SD_GetCardState
 .text.SD_DMATxAbort
                0x0000000008001f5e       0x44 build/stm32f4xx_hal_sd.o
 .text.SD_DMARxAbort
                0x0000000008001fa2       0x44 build/stm32f4xx_hal_sd.o
 *fill*         0x0000000008001fe6        0x2 
 .text.HAL_SD_IRQHandler
                0x0000000008001fe8      0x1e0 build/stm32f4xx_hal_sd.o
                0x0000000008001fe8                HAL_SD_IRQHandler
 .text.TIM_Base_SetConfig
                0x00000000080021c8       0xc8 build/stm32f4xx_hal_tim.o
                0x00000000080021c8                TIM_Base_SetConfig
 .text.HAL_TIM_Base_Init
                0x0000000008002290       0x34 build/stm32f4xx_hal_tim.o
                0x0000000008002290                HAL_TIM_Base_Init
 .text.HAL_RCC_OscConfig
                0x00000000080022c4      0x3ec build/stm32f4xx_hal_rcc.o
                0x00000000080022c4                HAL_RCC_OscConfig
 .text.HAL_RCC_GetSysClockFreq
                0x00000000080026b0       0xcc build/stm32f4xx_hal_rcc.o
                0x00000000080026b0                HAL_RCC_GetSysClockFreq
 .text.HAL_RCC_ClockConfig
                0x000000000800277c      0x160 build/stm32f4xx_hal_rcc.o
                0x000000000800277c                HAL_RCC_ClockConfig
 .text.HAL_RCC_GetHCLKFreq
                0x00000000080028dc        0xc build/stm32f4xx_hal_rcc.o
                0x00000000080028dc                HAL_RCC_GetHCLKFreq
 .text.HAL_RCC_GetPCLK1Freq
                0x00000000080028e8       0x20 build/stm32f4xx_hal_rcc.o
                0x00000000080028e8                HAL_RCC_GetPCLK1Freq
 .text.HAL_RCC_GetPCLK2Freq
                0x0000000008002908       0x20 build/stm32f4xx_hal_rcc.o
                0x0000000008002908                HAL_RCC_GetPCLK2Freq
 .text.HAL_GPIO_Init
                0x0000000008002928      0x1cc build/stm32f4xx_hal_gpio.o
                0x0000000008002928                HAL_GPIO_Init
 .text.HAL_GPIO_ReadPin
                0x0000000008002af4        0xe build/stm32f4xx_hal_gpio.o
                0x0000000008002af4                HAL_GPIO_ReadPin
 .text.HAL_GPIO_WritePin
                0x0000000008002b02        0xc build/stm32f4xx_hal_gpio.o
                0x0000000008002b02                HAL_GPIO_WritePin
 .text.HAL_GPIO_TogglePin
                0x0000000008002b0e       0x12 build/stm32f4xx_hal_gpio.o
                0x0000000008002b0e                HAL_GPIO_TogglePin
 .text.HAL_DMA_Abort_IT
                0x0000000008002b20       0x26 build/stm32f4xx_hal_dma.o
                0x0000000008002b20                HAL_DMA_Abort_IT
 *fill*         0x0000000008002b46        0x2 
 .text.HAL_NVIC_SetPriorityGrouping
                0x0000000008002b48       0x24 build/stm32f4xx_hal_cortex.o
                0x0000000008002b48                HAL_NVIC_SetPriorityGrouping
 .text.HAL_NVIC_SetPriority
                0x0000000008002b6c       0x68 build/stm32f4xx_hal_cortex.o
                0x0000000008002b6c                HAL_NVIC_SetPriority
 .text.HAL_NVIC_EnableIRQ
                0x0000000008002bd4       0x1c build/stm32f4xx_hal_cortex.o
                0x0000000008002bd4                HAL_NVIC_EnableIRQ
 .text.HAL_SYSTICK_Config
                0x0000000008002bf0       0x2c build/stm32f4xx_hal_cortex.o
                0x0000000008002bf0                HAL_SYSTICK_Config
 .text.HAL_InitTick
                0x0000000008002c1c       0x4c build/stm32f4xx_hal.o
                0x0000000008002c1c                HAL_InitTick
 .text.HAL_Init
                0x0000000008002c68       0x34 build/stm32f4xx_hal.o
                0x0000000008002c68                HAL_Init
 .text.HAL_IncTick
                0x0000000008002c9c       0x18 build/stm32f4xx_hal.o
                0x0000000008002c9c                HAL_IncTick
 .text.HAL_GetTick
                0x0000000008002cb4        0xc build/stm32f4xx_hal.o
                0x0000000008002cb4                HAL_GetTick
 .text.HAL_Delay
                0x0000000008002cc0       0x28 build/stm32f4xx_hal.o
                0x0000000008002cc0                HAL_Delay
 .text.SystemInit
                0x0000000008002ce8       0x4c build/system_stm32f4xx.o
                0x0000000008002ce8                SystemInit
 .text.FATFS_LinkDriverEx
                0x0000000008002d34       0x48 build/ff_gen_drv.o
                0x0000000008002d34                FATFS_LinkDriverEx
 .text.FATFS_LinkDriver
                0x0000000008002d7c        0xa build/ff_gen_drv.o
                0x0000000008002d7c                FATFS_LinkDriver
 *fill*         0x0000000008002d86        0x2 
 .text.UART_SetConfig
                0x0000000008002d88      0x1e8 build/stm32f4xx_hal_uart.o
 .text.HAL_UART_Init
                0x0000000008002f70       0x5e build/stm32f4xx_hal_uart.o
                0x0000000008002f70                HAL_UART_Init
 *fill*         0x0000000008002fce        0x2 
 .text.Reset_Handler
                0x0000000008002fd0       0x50 build/startup_stm32f407xx.o
                0x0000000008002fd0                Reset_Handler
 .text.Default_Handler
                0x0000000008003020        0x2 build/startup_stm32f407xx.o
                0x0000000008003020                RTC_Alarm_IRQHandler
                0x0000000008003020                HASH_RNG_IRQHandler
                0x0000000008003020                EXTI2_IRQHandler
                0x0000000008003020                TIM8_CC_IRQHandler
                0x0000000008003020                TIM1_CC_IRQHandler
                0x0000000008003020                DMA2_Stream5_IRQHandler
                0x0000000008003020                DMA1_Stream5_IRQHandler
                0x0000000008003020                PVD_IRQHandler
                0x0000000008003020                TAMP_STAMP_IRQHandler
                0x0000000008003020                PendSV_Handler
                0x0000000008003020                CAN2_RX1_IRQHandler
                0x0000000008003020                EXTI3_IRQHandler
                0x0000000008003020                TIM8_TRG_COM_TIM14_IRQHandler
                0x0000000008003020                TIM1_UP_TIM10_IRQHandler
                0x0000000008003020                TIM8_UP_TIM13_IRQHandler
                0x0000000008003020                I2C3_ER_IRQHandler
                0x0000000008003020                EXTI0_IRQHandler
                0x0000000008003020                I2C2_EV_IRQHandler
                0x0000000008003020                DMA1_Stream2_IRQHandler
                0x0000000008003020                CAN1_RX0_IRQHandler
                0x0000000008003020                FPU_IRQHandler
                0x0000000008003020                OTG_HS_WKUP_IRQHandler
                0x0000000008003020                CAN2_SCE_IRQHandler
                0x0000000008003020                DMA2_Stream2_IRQHandler
                0x0000000008003020                SPI1_IRQHandler
                0x0000000008003020                TIM6_DAC_IRQHandler
                0x0000000008003020                TIM1_BRK_TIM9_IRQHandler
                0x0000000008003020                DCMI_IRQHandler
                0x0000000008003020                CAN2_RX0_IRQHandler
                0x0000000008003020                DMA2_Stream3_IRQHandler
                0x0000000008003020                USART6_IRQHandler
                0x0000000008003020                USART3_IRQHandler
                0x0000000008003020                CAN1_RX1_IRQHandler
                0x0000000008003020                UART5_IRQHandler
                0x0000000008003020                DMA2_Stream0_IRQHandler
                0x0000000008003020                TIM4_IRQHandler
                0x0000000008003020                I2C1_EV_IRQHandler
                0x0000000008003020                DMA1_Stream6_IRQHandler
                0x0000000008003020                DMA1_Stream1_IRQHandler
                0x0000000008003020                UART4_IRQHandler
                0x0000000008003020                TIM3_IRQHandler
                0x0000000008003020                RCC_IRQHandler
                0x0000000008003020                TIM8_BRK_TIM12_IRQHandler
                0x0000000008003020                Default_Handler
                0x0000000008003020                EXTI15_10_IRQHandler
                0x0000000008003020                ADC_IRQHandler
                0x0000000008003020                DMA1_Stream7_IRQHandler
                0x0000000008003020                TIM7_IRQHandler
                0x0000000008003020                CAN2_TX_IRQHandler
                0x0000000008003020                TIM5_IRQHandler
                0x0000000008003020                DMA2_Stream7_IRQHandler
                0x0000000008003020                I2C3_EV_IRQHandler
                0x0000000008003020                EXTI9_5_IRQHandler
                0x0000000008003020                RTC_WKUP_IRQHandler
                0x0000000008003020                ETH_WKUP_IRQHandler
                0x0000000008003020                SPI2_IRQHandler
                0x0000000008003020                OTG_HS_EP1_IN_IRQHandler
                0x0000000008003020                DMA1_Stream0_IRQHandler
                0x0000000008003020                CAN1_TX_IRQHandler
                0x0000000008003020                SVC_Handler
                0x0000000008003020                EXTI4_IRQHandler
                0x0000000008003020                FSMC_IRQHandler
                0x0000000008003020                ETH_IRQHandler
                0x0000000008003020                OTG_HS_EP1_OUT_IRQHandler
                0x0000000008003020                WWDG_IRQHandler
                0x0000000008003020                TIM2_IRQHandler
                0x0000000008003020                OTG_FS_WKUP_IRQHandler
                0x0000000008003020                TIM1_TRG_COM_TIM11_IRQHandler
                0x0000000008003020                OTG_HS_IRQHandler
                0x0000000008003020                EXTI1_IRQHandler
                0x0000000008003020                USART2_IRQHandler
                0x0000000008003020                I2C2_ER_IRQHandler
                0x0000000008003020                DMA2_Stream1_IRQHandler
                0x0000000008003020                CAN1_SCE_IRQHandler
                0x0000000008003020                FLASH_IRQHandler
                0x0000000008003020                DMA2_Stream4_IRQHandler
                0x0000000008003020                USART1_IRQHandler
                0x0000000008003020                OTG_FS_IRQHandler
                0x0000000008003020                SPI3_IRQHandler
                0x0000000008003020                DMA1_Stream4_IRQHandler
                0x0000000008003020                I2C1_ER_IRQHandler
                0x0000000008003020                DMA2_Stream6_IRQHandler
                0x0000000008003020                DMA1_Stream3_IRQHandler
 *(.glue_7)
 .glue_7        0x0000000008003022        0x0 linker stubs
 *(.glue_7t)
 .glue_7t       0x0000000008003022        0x0 linker stubs
 *(.eh_frame)
 *fill*         0x0000000008003022        0x2 
 .eh_frame      0x0000000008003024        0x0 /usr/lib/gcc/arm-none-eabi/9.2.1/thumb/v7e-m+fp/hard/crtbegin.o
 *(.init)
 .init          0x0000000008003024        0x4 /usr/lib/gcc/arm-none-eabi/9.2.1/thumb/v7e-m+fp/hard/crti.o
                0x0000000008003024                _init
 .init          0x0000000008003028        0x8 /usr/lib/gcc/arm-none-eabi/9.2.1/thumb/v7e-m+fp/hard/crtn.o
 *(.fini)
 .fini          0x0000000008003030        0x4 /usr/lib/gcc/arm-none-eabi/9.2.1/thumb/v7e-m+fp/hard/crti.o
                0x0000000008003030                _fini
 .fini          0x0000000008003034        0x8 /usr/lib/gcc/arm-none-eabi/9.2.1/thumb/v7e-m+fp/hard/crtn.o
                0x000000000800303c                . = ALIGN (0x4)
                0x000000000800303c                _etext = .

.vfp11_veneer   0x000000000800303c        0x0
 .vfp11_veneer  0x000000000800303c        0x0 linker stubs

.v4_bx          0x000000000800303c        0x0
 .v4_bx         0x000000000800303c        0x0 linker stubs

.iplt           0x000000000800303c        0x0
 .iplt          0x000000000800303c        0x0 /usr/lib/gcc/arm-none-eabi/9.2.1/thumb/v7e-m+fp/hard/crtbegin.o

.rodata         0x000000000800303c       0x2c
                0x000000000800303c                . = ALIGN (0x4)
 *(.rodata)
 *(.rodata*)
 .rodata.SD_Driver
                0x000000000800303c       0x14 build/sd_diskio.o
                0x000000000800303c                SD_Driver
 .rodata.AHBPrescTable
                0x0000000008003050       0x10 build/system_stm32f4xx.o
                0x0000000008003050                AHBPrescTable
 .rodata.APBPrescTable
                0x0000000008003060        0x8 build/system_stm32f4xx.o
                0x0000000008003060                APBPrescTable
                0x0000000008003068                . = ALIGN (0x4)

.ARM.extab
 *(.ARM.extab* .gnu.linkonce.armextab.*)

.ARM            0x0000000008003068        0x8
                0x0000000008003068                __exidx_start = .
 *(.ARM.exidx*)
 .ARM.exidx     0x0000000008003068        0x8 /usr/lib/gcc/arm-none-eabi/9.2.1/thumb/v7e-m+fp/hard/libgcc.a(_udivmoddi4.o)
                0x0000000008003070                __exidx_end = .

.rel.dyn        0x0000000008003070        0x0
 .rel.iplt      0x0000000008003070        0x0 /usr/lib/gcc/arm-none-eabi/9.2.1/thumb/v7e-m+fp/hard/crtbegin.o

.preinit_array  0x0000000008003070        0x0
                0x0000000008003070                PROVIDE (__preinit_array_start = .)
 *(.preinit_array*)
                0x0000000008003070                PROVIDE (__preinit_array_end = .)

.init_array     0x0000000008003070        0x4
                0x0000000008003070                PROVIDE (__init_array_start = .)
 *(SORT_BY_NAME(.init_array.*))
 *(.init_array*)
 .init_array    0x0000000008003070        0x4 /usr/lib/gcc/arm-none-eabi/9.2.1/thumb/v7e-m+fp/hard/crtbegin.o
                0x0000000008003074                PROVIDE (__init_array_end = .)

.fini_array     0x0000000008003074        0x4
                0x0000000008003074                PROVIDE (__fini_array_start = .)
 *(SORT_BY_NAME(.fini_array.*))
 *(.fini_array*)
 .fini_array    0x0000000008003074        0x4 /usr/lib/gcc/arm-none-eabi/9.2.1/thumb/v7e-m+fp/hard/crtbegin.o
                0x0000000008003078                PROVIDE (__fini_array_end = .)
                0x0000000008003078                _sidata = LOADADDR (.data)

.data           0x0000000020000000        0xc load address 0x0000000008003078
                0x0000000020000000                . = ALIGN (0x4)
                0x0000000020000000                _sdata = .
 *(.data)
 *(.data*)
 .data.Stat     0x0000000020000000        0x1 build/sd_diskio.o
 .data.uwTickFreq
                0x0000000020000001        0x1 build/stm32f4xx_hal.o
                0x0000000020000001                uwTickFreq
 *fill*         0x0000000020000002        0x2 
 .data.uwTickPrio
                0x0000000020000004        0x4 build/stm32f4xx_hal.o
                0x0000000020000004                uwTickPrio
 .data.SystemCoreClock
                0x0000000020000008        0x4 build/system_stm32f4xx.o
                0x0000000020000008                SystemCoreClock
                0x000000002000000c                . = ALIGN (0x4)
                0x000000002000000c                _edata = .
                0x0000000008003084                _siccmram = LOADADDR (.ccmram)

.tm_clone_table
                0x000000002000000c        0x0 load address 0x0000000008003084
 .tm_clone_table
                0x000000002000000c        0x0 /usr/lib/gcc/arm-none-eabi/9.2.1/thumb/v7e-m+fp/hard/crtbegin.o
 .tm_clone_table
                0x000000002000000c        0x0 /usr/lib/gcc/arm-none-eabi/9.2.1/thumb/v7e-m+fp/hard/crtend.o

.igot.plt       0x000000002000000c        0x0 load address 0x0000000008003084
 .igot.plt      0x000000002000000c        0x0 /usr/lib/gcc/arm-none-eabi/9.2.1/thumb/v7e-m+fp/hard/crtbegin.o

.ccmram         0x0000000010000000        0x0 load address 0x0000000008003084
                0x0000000010000000                . = ALIGN (0x4)
                0x0000000010000000                _sccmram = .
 *(.ccmram)
 *(.ccmram*)
                0x0000000010000000                . = ALIGN (0x4)
                0x0000000010000000                _eccmram = .
                0x0000000010000000                . = ALIGN (0x4)

.bss            0x000000002000000c      0x618
                0x000000002000000c                _sbss = .
                0x000000002000000c                __bss_start__ = _sbss
 *(.bss)
 .bss           0x000000002000000c       0x1c /usr/lib/gcc/arm-none-eabi/9.2.1/thumb/v7e-m+fp/hard/crtbegin.o
 *(.bss*)
 .bss.disk      0x0000000020000028        0xc build/ff_gen_drv.o
                0x0000000020000028                disk
 *(COMMON)
 COMMON         0x0000000020000034      0x184 build/main.o
                0x0000000020000034                htim13
                0x0000000020000074                huart1
                0x00000000200000b4                htim11
                0x00000000200000f4                hsd
                0x0000000020000178                htim14
 COMMON         0x00000000200001b8      0x468 build/fatfs.o
                0x00000000200001b8                retSD
                0x00000000200001bc                SDPath
                0x00000000200001c0                SDFile
                0x00000000200003f0                SDFatFS
 COMMON         0x0000000020000620        0x4 build/stm32f4xx_hal.o
                0x0000000020000620                uwTick
                0x0000000020000624                . = ALIGN (0x4)
                0x0000000020000624                _ebss = .
                0x0000000020000624                __bss_end__ = _ebss

._user_heap_stack
                0x0000000020000624     0x3004
                0x0000000020000628                . = ALIGN (0x8)
 *fill*         0x0000000020000624        0x4 
                [!provide]                        PROVIDE (end = .)
                [!provide]                        PROVIDE (_end = .)
                0x0000000020001628                . = (. + _Min_Heap_Size)
 *fill*         0x0000000020000628     0x1000 
                0x0000000020003628                . = (. + _Min_Stack_Size)
 *fill*         0x0000000020001628     0x2000 
                0x0000000020003628                . = ALIGN (0x8)

/DISCARD/
 libc.a(*)
 libm.a(*)
 libgcc.a(*)

.ARM.attributes
                0x0000000000000000       0x30
 *(.ARM.attributes)
 .ARM.attributes
                0x0000000000000000       0x1e /usr/lib/gcc/arm-none-eabi/9.2.1/thumb/v7e-m+fp/hard/crti.o
 .ARM.attributes
                0x000000000000001e       0x34 /usr/lib/gcc/arm-none-eabi/9.2.1/thumb/v7e-m+fp/hard/crtbegin.o
 .ARM.attributes
                0x0000000000000052       0x34 build/main.o
 .ARM.attributes
                0x0000000000000086       0x34 build/stm32f4xx_it.o
 .ARM.attributes
                0x00000000000000ba       0x34 build/stm32f4xx_hal_msp.o
 .ARM.attributes
                0x00000000000000ee       0x34 build/bsp_driver_sd.o
 .ARM.attributes
                0x0000000000000122       0x34 build/sd_diskio.o
 .ARM.attributes
                0x0000000000000156       0x34 build/fatfs_platform.o
 .ARM.attributes
                0x000000000000018a       0x34 build/fatfs.o
 .ARM.attributes
                0x00000000000001be       0x34 build/stm32f4xx_ll_sdmmc.o
 .ARM.attributes
                0x00000000000001f2       0x34 build/stm32f4xx_hal_sd.o
 .ARM.attributes
                0x0000000000000226       0x34 build/stm32f4xx_hal_tim.o
 .ARM.attributes
                0x000000000000025a       0x34 build/stm32f4xx_hal_rcc.o
 .ARM.attributes
                0x000000000000028e       0x34 build/stm32f4xx_hal_gpio.o
 .ARM.attributes
                0x00000000000002c2       0x34 build/stm32f4xx_hal_dma.o
 .ARM.attributes
                0x00000000000002f6       0x34 build/stm32f4xx_hal_cortex.o
 .ARM.attributes
                0x000000000000032a       0x34 build/stm32f4xx_hal.o
 .ARM.attributes
                0x000000000000035e       0x34 build/system_stm32f4xx.o
 .ARM.attributes
                0x0000000000000392       0x34 build/ff_gen_drv.o
 .ARM.attributes
                0x00000000000003c6       0x34 build/stm32f4xx_hal_uart.o
 .ARM.attributes
                0x00000000000003fa       0x21 build/startup_stm32f407xx.o
 .ARM.attributes
                0x000000000000041b       0x34 /usr/lib/gcc/arm-none-eabi/9.2.1/../../../arm-none-eabi/lib/thumb/v7e-m+fp/hard/libc_nano.a(lib_a-init.o)
 .ARM.attributes
                0x000000000000044f       0x34 /usr/lib/gcc/arm-none-eabi/9.2.1/../../../arm-none-eabi/lib/thumb/v7e-m+fp/hard/libc_nano.a(lib_a-memset.o)
 .ARM.attributes
                0x0000000000000483       0x1e /usr/lib/gcc/arm-none-eabi/9.2.1/thumb/v7e-m+fp/hard/libgcc.a(_aeabi_uldivmod.o)
 .ARM.attributes
                0x00000000000004a1       0x34 /usr/lib/gcc/arm-none-eabi/9.2.1/thumb/v7e-m+fp/hard/libgcc.a(_udivmoddi4.o)
 .ARM.attributes
                0x00000000000004d5       0x1e /usr/lib/gcc/arm-none-eabi/9.2.1/thumb/v7e-m+fp/hard/libgcc.a(_dvmd_tls.o)
 .ARM.attributes
                0x00000000000004f3       0x32 /usr/lib/gcc/arm-none-eabi/9.2.1/thumb/v7e-m+fp/hard/crtend.o
 .ARM.attributes
                0x0000000000000525       0x1e /usr/lib/gcc/arm-none-eabi/9.2.1/thumb/v7e-m+fp/hard/crtn.o
OUTPUT(build/bootloader.elf elf32-littlearm)
LOAD linker stubs
LOAD /usr/lib/gcc/arm-none-eabi/9.2.1/../../../arm-none-eabi/lib/thumb/v7e-m+fp/hard/libc.a
LOAD /usr/lib/gcc/arm-none-eabi/9.2.1/../../../arm-none-eabi/lib/thumb/v7e-m+fp/hard/libm.a
LOAD /usr/lib/gcc/arm-none-eabi/9.2.1/thumb/v7e-m+fp/hard/libgcc.a

.comment        0x0000000000000000       0xa7
 .comment       0x0000000000000000       0x59 /usr/lib/gcc/arm-none-eabi/9.2.1/thumb/v7e-m+fp/hard/crtbegin.o
                                         0x5a (size before relaxing)
 .comment       0x0000000000000059       0x5a build/main.o
 .comment       0x0000000000000059       0x5a build/stm32f4xx_it.o
 .comment       0x0000000000000059       0x5a build/stm32f4xx_hal_msp.o
 .comment       0x0000000000000059       0x5a build/bsp_driver_sd.o
 .comment       0x0000000000000059       0x5a build/sd_diskio.o
 .comment       0x0000000000000059       0x5a build/fatfs_platform.o
 .comment       0x0000000000000059       0x5a build/fatfs.o
 .comment       0x0000000000000059       0x5a build/stm32f4xx_ll_sdmmc.o
 .comment       0x0000000000000059       0x5a build/stm32f4xx_hal_sd.o
 .comment       0x0000000000000059       0x5a build/stm32f4xx_hal_tim.o
 .comment       0x0000000000000059       0x5a build/stm32f4xx_hal_rcc.o
 .comment       0x0000000000000059       0x5a build/stm32f4xx_hal_gpio.o
 .comment       0x0000000000000059       0x5a build/stm32f4xx_hal_dma.o
 .comment       0x0000000000000059       0x5a build/stm32f4xx_hal_cortex.o
 .comment       0x0000000000000059       0x5a build/stm32f4xx_hal.o
 .comment       0x0000000000000059       0x5a build/system_stm32f4xx.o
 .comment       0x0000000000000059       0x5a build/ff_gen_drv.o
 .comment       0x0000000000000059       0x5a build/stm32f4xx_hal_uart.o
 .comment       0x0000000000000059       0x4e /usr/lib/gcc/arm-none-eabi/9.2.1/../../../arm-none-eabi/lib/thumb/v7e-m+fp/hard/libc_nano.a(lib_a-init.o)
                                         0x4f (size before relaxing)
 .comment       0x00000000000000a7       0x4f /usr/lib/gcc/arm-none-eabi/9.2.1/../../../arm-none-eabi/lib/thumb/v7e-m+fp/hard/libc_nano.a(lib_a-memset.o)
 .comment       0x00000000000000a7       0x5a /usr/lib/gcc/arm-none-eabi/9.2.1/thumb/v7e-m+fp/hard/libgcc.a(_udivmoddi4.o)
 .comment       0x00000000000000a7       0x5a /usr/lib/gcc/arm-none-eabi/9.2.1/thumb/v7e-m+fp/hard/crtend.o

.debug_info     0x0000000000000000    0x17e37
 .debug_info    0x0000000000000000     0x24d4 build/main.o
 .debug_info    0x00000000000024d4      0x900 build/stm32f4xx_it.o
 .debug_info    0x0000000000002dd4     0x1636 build/stm32f4xx_hal_msp.o
 .debug_info    0x000000000000440a      0xded build/bsp_driver_sd.o
 .debug_info    0x00000000000051f7     0x104a build/sd_diskio.o
 .debug_info    0x0000000000006241      0x2a8 build/fatfs_platform.o
 .debug_info    0x00000000000064e9      0xfb6 build/fatfs.o
 .debug_info    0x000000000000749f     0x1a6d build/stm32f4xx_ll_sdmmc.o
 .debug_info    0x0000000000008f0c     0x293e build/stm32f4xx_hal_sd.o
 .debug_info    0x000000000000b84a     0x3983 build/stm32f4xx_hal_tim.o
 .debug_info    0x000000000000f1cd      0xc08 build/stm32f4xx_hal_rcc.o
 .debug_info    0x000000000000fdd5      0x8e5 build/stm32f4xx_hal_gpio.o
 .debug_info    0x00000000000106ba      0xc67 build/stm32f4xx_hal_dma.o
 .debug_info    0x0000000000011321     0x121a build/stm32f4xx_hal_cortex.o
 .debug_info    0x000000000001253b      0xb3a build/stm32f4xx_hal.o
 .debug_info    0x0000000000013075      0x618 build/system_stm32f4xx.o
 .debug_info    0x000000000001368d      0xe90 build/ff_gen_drv.o
 .debug_info    0x000000000001451d     0x1af5 build/stm32f4xx_hal_uart.o
 .debug_info    0x0000000000016012       0x22 build/startup_stm32f407xx.o
 .debug_info    0x0000000000016034      0x11a /usr/lib/gcc/arm-none-eabi/9.2.1/../../../arm-none-eabi/lib/thumb/v7e-m+fp/hard/libc_nano.a(lib_a-init.o)
 .debug_info    0x000000000001614e      0xf21 /usr/lib/gcc/arm-none-eabi/9.2.1/../../../arm-none-eabi/lib/thumb/v7e-m+fp/hard/libc_nano.a(lib_a-memset.o)
 .debug_info    0x000000000001706f       0x26 /usr/lib/gcc/arm-none-eabi/9.2.1/thumb/v7e-m+fp/hard/libgcc.a(_aeabi_uldivmod.o)
 .debug_info    0x0000000000017095      0xd7c /usr/lib/gcc/arm-none-eabi/9.2.1/thumb/v7e-m+fp/hard/libgcc.a(_udivmoddi4.o)
 .debug_info    0x0000000000017e11       0x26 /usr/lib/gcc/arm-none-eabi/9.2.1/thumb/v7e-m+fp/hard/libgcc.a(_dvmd_tls.o)

.debug_abbrev   0x0000000000000000     0x3223
 .debug_abbrev  0x0000000000000000      0x35f build/main.o
 .debug_abbrev  0x000000000000035f      0x1bb build/stm32f4xx_it.o
 .debug_abbrev  0x000000000000051a      0x26a build/stm32f4xx_hal_msp.o
 .debug_abbrev  0x0000000000000784      0x2c1 build/bsp_driver_sd.o
 .debug_abbrev  0x0000000000000a45      0x291 build/sd_diskio.o
 .debug_abbrev  0x0000000000000cd6      0x13a build/fatfs_platform.o
 .debug_abbrev  0x0000000000000e10      0x251 build/fatfs.o
 .debug_abbrev  0x0000000000001061      0x267 build/stm32f4xx_ll_sdmmc.o
 .debug_abbrev  0x00000000000012c8      0x2f7 build/stm32f4xx_hal_sd.o
 .debug_abbrev  0x00000000000015bf      0x2af build/stm32f4xx_hal_tim.o
 .debug_abbrev  0x000000000000186e      0x2cd build/stm32f4xx_hal_rcc.o
 .debug_abbrev  0x0000000000001b3b      0x258 build/stm32f4xx_hal_gpio.o
 .debug_abbrev  0x0000000000001d93      0x312 build/stm32f4xx_hal_dma.o
 .debug_abbrev  0x00000000000020a5      0x3a8 build/stm32f4xx_hal_cortex.o
 .debug_abbrev  0x000000000000244d      0x21c build/stm32f4xx_hal.o
 .debug_abbrev  0x0000000000002669      0x14a build/system_stm32f4xx.o
 .debug_abbrev  0x00000000000027b3      0x2b7 build/ff_gen_drv.o
 .debug_abbrev  0x0000000000002a6a      0x318 build/stm32f4xx_hal_uart.o
 .debug_abbrev  0x0000000000002d82       0x12 build/startup_stm32f407xx.o
 .debug_abbrev  0x0000000000002d94       0xcc /usr/lib/gcc/arm-none-eabi/9.2.1/../../../arm-none-eabi/lib/thumb/v7e-m+fp/hard/libc_nano.a(lib_a-init.o)
 .debug_abbrev  0x0000000000002e60      0x1d9 /usr/lib/gcc/arm-none-eabi/9.2.1/../../../arm-none-eabi/lib/thumb/v7e-m+fp/hard/libc_nano.a(lib_a-memset.o)
 .debug_abbrev  0x0000000000003039       0x14 /usr/lib/gcc/arm-none-eabi/9.2.1/thumb/v7e-m+fp/hard/libgcc.a(_aeabi_uldivmod.o)
 .debug_abbrev  0x000000000000304d      0x1c2 /usr/lib/gcc/arm-none-eabi/9.2.1/thumb/v7e-m+fp/hard/libgcc.a(_udivmoddi4.o)
 .debug_abbrev  0x000000000000320f       0x14 /usr/lib/gcc/arm-none-eabi/9.2.1/thumb/v7e-m+fp/hard/libgcc.a(_dvmd_tls.o)

.debug_loc      0x0000000000000000     0xeaa3
 .debug_loc     0x0000000000000000      0x111 build/main.o
 .debug_loc     0x0000000000000111       0x40 build/stm32f4xx_it.o
 .debug_loc     0x0000000000000151      0x234 build/stm32f4xx_hal_msp.o
 .debug_loc     0x0000000000000385      0x66b build/bsp_driver_sd.o
 .debug_loc     0x00000000000009f0      0x4e2 build/sd_diskio.o
 .debug_loc     0x0000000000000ed2       0x51 build/fatfs_platform.o
 .debug_loc     0x0000000000000f23       0x20 build/fatfs.o
 .debug_loc     0x0000000000000f43     0x162f build/stm32f4xx_ll_sdmmc.o
 .debug_loc     0x0000000000002572     0x2780 build/stm32f4xx_hal_sd.o
 .debug_loc     0x0000000000004cf2     0x457e build/stm32f4xx_hal_tim.o
 .debug_loc     0x0000000000009270      0x6c7 build/stm32f4xx_hal_rcc.o
 .debug_loc     0x0000000000009937      0x5c7 build/stm32f4xx_hal_gpio.o
 .debug_loc     0x0000000000009efe      0xd6d build/stm32f4xx_hal_dma.o
 .debug_loc     0x000000000000ac6b      0x7d4 build/stm32f4xx_hal_cortex.o
 .debug_loc     0x000000000000b43f      0x1e1 build/stm32f4xx_hal.o
 .debug_loc     0x000000000000b620      0x16c build/system_stm32f4xx.o
 .debug_loc     0x000000000000b78c      0x311 build/ff_gen_drv.o
 .debug_loc     0x000000000000ba9d     0x1d79 build/stm32f4xx_hal_uart.o
 .debug_loc     0x000000000000d816       0xba /usr/lib/gcc/arm-none-eabi/9.2.1/../../../arm-none-eabi/lib/thumb/v7e-m+fp/hard/libc_nano.a(lib_a-init.o)
 .debug_loc     0x000000000000d8d0      0x231 /usr/lib/gcc/arm-none-eabi/9.2.1/../../../arm-none-eabi/lib/thumb/v7e-m+fp/hard/libc_nano.a(lib_a-memset.o)
 .debug_loc     0x000000000000db01      0xfa2 /usr/lib/gcc/arm-none-eabi/9.2.1/thumb/v7e-m+fp/hard/libgcc.a(_udivmoddi4.o)

.debug_aranges  0x0000000000000000      0xec8
 .debug_aranges
                0x0000000000000000       0x60 build/main.o
 .debug_aranges
                0x0000000000000060       0x58 build/stm32f4xx_it.o
 .debug_aranges
                0x00000000000000b8       0x50 build/stm32f4xx_hal_msp.o
 .debug_aranges
                0x0000000000000108       0xa0 build/bsp_driver_sd.o
 .debug_aranges
                0x00000000000001a8       0x48 build/sd_diskio.o
 .debug_aranges
                0x00000000000001f0       0x20 build/fatfs_platform.o
 .debug_aranges
                0x0000000000000210       0x28 build/fatfs.o
 .debug_aranges
                0x0000000000000238      0x178 build/stm32f4xx_ll_sdmmc.o
 .debug_aranges
                0x00000000000003b0      0x168 build/stm32f4xx_hal_sd.o
 .debug_aranges
                0x0000000000000518      0x3a8 build/stm32f4xx_hal_tim.o
 .debug_aranges
                0x00000000000008c0       0x88 build/stm32f4xx_hal_rcc.o
 .debug_aranges
                0x0000000000000948       0x58 build/stm32f4xx_hal_gpio.o
 .debug_aranges
                0x00000000000009a0       0x90 build/stm32f4xx_hal_dma.o
 .debug_aranges
                0x0000000000000a30       0xa8 build/stm32f4xx_hal_cortex.o
 .debug_aranges
                0x0000000000000ad8       0xf0 build/stm32f4xx_hal.o
 .debug_aranges
                0x0000000000000bc8       0x28 build/system_stm32f4xx.o
 .debug_aranges
                0x0000000000000bf0       0x40 build/ff_gen_drv.o
 .debug_aranges
                0x0000000000000c30      0x1d0 build/stm32f4xx_hal_uart.o
 .debug_aranges
                0x0000000000000e00       0x28 build/startup_stm32f407xx.o
 .debug_aranges
                0x0000000000000e28       0x20 /usr/lib/gcc/arm-none-eabi/9.2.1/../../../arm-none-eabi/lib/thumb/v7e-m+fp/hard/libc_nano.a(lib_a-init.o)
 .debug_aranges
                0x0000000000000e48       0x20 /usr/lib/gcc/arm-none-eabi/9.2.1/../../../arm-none-eabi/lib/thumb/v7e-m+fp/hard/libc_nano.a(lib_a-memset.o)
 .debug_aranges
                0x0000000000000e68       0x20 /usr/lib/gcc/arm-none-eabi/9.2.1/thumb/v7e-m+fp/hard/libgcc.a(_aeabi_uldivmod.o)
 .debug_aranges
                0x0000000000000e88       0x20 /usr/lib/gcc/arm-none-eabi/9.2.1/thumb/v7e-m+fp/hard/libgcc.a(_udivmoddi4.o)
 .debug_aranges
                0x0000000000000ea8       0x20 /usr/lib/gcc/arm-none-eabi/9.2.1/thumb/v7e-m+fp/hard/libgcc.a(_dvmd_tls.o)

.debug_ranges   0x0000000000000000      0xe40
 .debug_ranges  0x0000000000000000       0x50 build/main.o
 .debug_ranges  0x0000000000000050       0x48 build/stm32f4xx_it.o
 .debug_ranges  0x0000000000000098       0x40 build/stm32f4xx_hal_msp.o
 .debug_ranges  0x00000000000000d8       0x90 build/bsp_driver_sd.o
 .debug_ranges  0x0000000000000168       0x38 build/sd_diskio.o
 .debug_ranges  0x00000000000001a0       0x10 build/fatfs_platform.o
 .debug_ranges  0x00000000000001b0       0x18 build/fatfs.o
 .debug_ranges  0x00000000000001c8      0x168 build/stm32f4xx_ll_sdmmc.o
 .debug_ranges  0x0000000000000330      0x158 build/stm32f4xx_hal_sd.o
 .debug_ranges  0x0000000000000488      0x398 build/stm32f4xx_hal_tim.o
 .debug_ranges  0x0000000000000820       0x90 build/stm32f4xx_hal_rcc.o
 .debug_ranges  0x00000000000008b0       0x48 build/stm32f4xx_hal_gpio.o
 .debug_ranges  0x00000000000008f8       0x80 build/stm32f4xx_hal_dma.o
 .debug_ranges  0x0000000000000978       0xf8 build/stm32f4xx_hal_cortex.o
 .debug_ranges  0x0000000000000a70       0xe0 build/stm32f4xx_hal.o
 .debug_ranges  0x0000000000000b50       0x18 build/system_stm32f4xx.o
 .debug_ranges  0x0000000000000b68       0x30 build/ff_gen_drv.o
 .debug_ranges  0x0000000000000b98      0x1c0 build/stm32f4xx_hal_uart.o
 .debug_ranges  0x0000000000000d58       0x20 build/startup_stm32f407xx.o
 .debug_ranges  0x0000000000000d78       0xc8 /usr/lib/gcc/arm-none-eabi/9.2.1/thumb/v7e-m+fp/hard/libgcc.a(_udivmoddi4.o)

.debug_line     0x0000000000000000     0xdb55
 .debug_line    0x0000000000000000      0x611 build/main.o
 .debug_line    0x0000000000000611      0x25e build/stm32f4xx_it.o
 .debug_line    0x000000000000086f      0x409 build/stm32f4xx_hal_msp.o
 .debug_line    0x0000000000000c78      0x3e1 build/bsp_driver_sd.o
 .debug_line    0x0000000000001059      0x397 build/sd_diskio.o
 .debug_line    0x00000000000013f0      0x162 build/fatfs_platform.o
 .debug_line    0x0000000000001552      0x214 build/fatfs.o
 .debug_line    0x0000000000001766      0xfe3 build/stm32f4xx_ll_sdmmc.o
 .debug_line    0x0000000000002749     0x2727 build/stm32f4xx_hal_sd.o
 .debug_line    0x0000000000004e70     0x363d build/stm32f4xx_hal_tim.o
 .debug_line    0x00000000000084ad      0xaae build/stm32f4xx_hal_rcc.o
 .debug_line    0x0000000000008f5b      0x69f build/stm32f4xx_hal_gpio.o
 .debug_line    0x00000000000095fa      0xd9d build/stm32f4xx_hal_dma.o
 .debug_line    0x000000000000a397      0x718 build/stm32f4xx_hal_cortex.o
 .debug_line    0x000000000000aaaf      0x4db build/stm32f4xx_hal.o
 .debug_line    0x000000000000af8a      0x234 build/system_stm32f4xx.o
 .debug_line    0x000000000000b1be      0x2f2 build/ff_gen_drv.o
 .debug_line    0x000000000000b4b0     0x1bdf build/stm32f4xx_hal_uart.o
 .debug_line    0x000000000000d08f       0x74 build/startup_stm32f407xx.o
 .debug_line    0x000000000000d103      0x10d /usr/lib/gcc/arm-none-eabi/9.2.1/../../../arm-none-eabi/lib/thumb/v7e-m+fp/hard/libc_nano.a(lib_a-init.o)
 .debug_line    0x000000000000d210      0x26b /usr/lib/gcc/arm-none-eabi/9.2.1/../../../arm-none-eabi/lib/thumb/v7e-m+fp/hard/libc_nano.a(lib_a-memset.o)
 .debug_line    0x000000000000d47b       0x60 /usr/lib/gcc/arm-none-eabi/9.2.1/thumb/v7e-m+fp/hard/libgcc.a(_aeabi_uldivmod.o)
 .debug_line    0x000000000000d4db      0x61a /usr/lib/gcc/arm-none-eabi/9.2.1/thumb/v7e-m+fp/hard/libgcc.a(_udivmoddi4.o)
 .debug_line    0x000000000000daf5       0x60 /usr/lib/gcc/arm-none-eabi/9.2.1/thumb/v7e-m+fp/hard/libgcc.a(_dvmd_tls.o)

.debug_str      0x0000000000000000     0x5eac
 .debug_str     0x0000000000000000     0x12a6 build/main.o
                                       0x13f0 (size before relaxing)
 .debug_str     0x00000000000012a6       0xbb build/stm32f4xx_it.o
                                        0x7b5 (size before relaxing)
 .debug_str     0x0000000000001361      0x5e3 build/stm32f4xx_hal_msp.o
                                       0x1194 (size before relaxing)
 .debug_str     0x0000000000001944      0x26f build/bsp_driver_sd.o
                                        0x9a7 (size before relaxing)
 .debug_str     0x0000000000001bb3       0x66 build/sd_diskio.o
                                        0x835 (size before relaxing)
 .debug_str     0x0000000000001c19       0x2f build/fatfs_platform.o
                                        0x302 (size before relaxing)
 .debug_str     0x0000000000001c48       0x2f build/fatfs.o
                                        0x82d (size before relaxing)
 .debug_str     0x0000000000001c77      0x4b1 build/stm32f4xx_ll_sdmmc.o
                                        0x873 (size before relaxing)
 .debug_str     0x0000000000002128      0x640 build/stm32f4xx_hal_sd.o
                                       0x1182 (size before relaxing)
 .debug_str     0x0000000000002768      0xdf5 build/stm32f4xx_hal_tim.o
                                       0x156f (size before relaxing)
 .debug_str     0x000000000000355d      0x1c6 build/stm32f4xx_hal_rcc.o
                                        0x765 (size before relaxing)
 .debug_str     0x0000000000003723      0x101 build/stm32f4xx_hal_gpio.o
                                        0x592 (size before relaxing)
 .debug_str     0x0000000000003824      0x2bf build/stm32f4xx_hal_dma.o
                                        0x823 (size before relaxing)
 .debug_str     0x0000000000003ae3      0x4c6 build/stm32f4xx_hal_cortex.o
                                        0xcd7 (size before relaxing)
 .debug_str     0x0000000000003fa9      0x21f build/stm32f4xx_hal.o
                                        0xb98 (size before relaxing)
 .debug_str     0x00000000000041c8       0x47 build/system_stm32f4xx.o
                                        0x406 (size before relaxing)
 .debug_str     0x000000000000420f       0xb7 build/ff_gen_drv.o
                                        0x7b3 (size before relaxing)
 .debug_str     0x00000000000042c6      0x500 build/stm32f4xx_hal_uart.o
                                        0xcc8 (size before relaxing)
 .debug_str     0x00000000000047c6       0x22 build/startup_stm32f407xx.o
                                         0x56 (size before relaxing)
 .debug_str     0x00000000000047e8      0x18e /usr/lib/gcc/arm-none-eabi/9.2.1/../../../arm-none-eabi/lib/thumb/v7e-m+fp/hard/libc_nano.a(lib_a-init.o)
                                        0x229 (size before relaxing)
 .debug_str     0x0000000000004976      0x38e /usr/lib/gcc/arm-none-eabi/9.2.1/../../../arm-none-eabi/lib/thumb/v7e-m+fp/hard/libc_nano.a(lib_a-memset.o)
                                        0x90f (size before relaxing)
 .debug_str     0x0000000000004d04       0x97 /usr/lib/gcc/arm-none-eabi/9.2.1/thumb/v7e-m+fp/hard/libgcc.a(_aeabi_uldivmod.o)
                                         0xa3 (size before relaxing)
 .debug_str     0x0000000000004d9b     0x10e1 /usr/lib/gcc/arm-none-eabi/9.2.1/thumb/v7e-m+fp/hard/libgcc.a(_udivmoddi4.o)
                                       0x11e6 (size before relaxing)
 .debug_str     0x0000000000005e7c       0x30 /usr/lib/gcc/arm-none-eabi/9.2.1/thumb/v7e-m+fp/hard/libgcc.a(_dvmd_tls.o)
                                         0xa7 (size before relaxing)

.debug_frame    0x0000000000000000     0x2654
 .debug_frame   0x0000000000000000       0xec build/main.o
 .debug_frame   0x00000000000000ec       0xa0 build/stm32f4xx_it.o
 .debug_frame   0x000000000000018c       0xcc build/stm32f4xx_hal_msp.o
 .debug_frame   0x0000000000000258      0x190 build/bsp_driver_sd.o
 .debug_frame   0x00000000000003e8       0xa8 build/sd_diskio.o
 .debug_frame   0x0000000000000490       0x28 build/fatfs_platform.o
 .debug_frame   0x00000000000004b8       0x38 build/fatfs.o
 .debug_frame   0x00000000000004f0      0x498 build/stm32f4xx_ll_sdmmc.o
 .debug_frame   0x0000000000000988      0x4d4 build/stm32f4xx_hal_sd.o
 .debug_frame   0x0000000000000e5c      0xa7c build/stm32f4xx_hal_tim.o
 .debug_frame   0x00000000000018d8      0x174 build/stm32f4xx_hal_rcc.o
 .debug_frame   0x0000000000001a4c       0xd8 build/stm32f4xx_hal_gpio.o
 .debug_frame   0x0000000000001b24      0x188 build/stm32f4xx_hal_dma.o
 .debug_frame   0x0000000000001cac      0x15c build/stm32f4xx_hal_cortex.o
 .debug_frame   0x0000000000001e08      0x1ec build/stm32f4xx_hal.o
 .debug_frame   0x0000000000001ff4       0x30 build/system_stm32f4xx.o
 .debug_frame   0x0000000000002024       0x80 build/ff_gen_drv.o
 .debug_frame   0x00000000000020a4      0x4ec build/stm32f4xx_hal_uart.o
 .debug_frame   0x0000000000002590       0x2c /usr/lib/gcc/arm-none-eabi/9.2.1/../../../arm-none-eabi/lib/thumb/v7e-m+fp/hard/libc_nano.a(lib_a-init.o)
 .debug_frame   0x00000000000025bc       0x38 /usr/lib/gcc/arm-none-eabi/9.2.1/../../../arm-none-eabi/lib/thumb/v7e-m+fp/hard/libc_nano.a(lib_a-memset.o)
 .debug_frame   0x00000000000025f4       0x2c /usr/lib/gcc/arm-none-eabi/9.2.1/thumb/v7e-m+fp/hard/libgcc.a(_aeabi_uldivmod.o)
 .debug_frame   0x0000000000002620       0x34 /usr/lib/gcc/arm-none-eabi/9.2.1/thumb/v7e-m+fp/hard/libgcc.a(_udivmoddi4.o)

Cross Reference Table

Symbol                                            File
ADC_IRQHandler                                    build/startup_stm32f407xx.o
AHBPrescTable                                     build/system_stm32f4xx.o
                                                  build/stm32f4xx_hal_rcc.o
APBPrescTable                                     build/system_stm32f4xx.o
                                                  build/stm32f4xx_hal_rcc.o
BSP_PlatformIsDetected                            build/fatfs_platform.o
                                                  build/bsp_driver_sd.o
BSP_SD_AbortCallback                              build/bsp_driver_sd.o
BSP_SD_DetectIT                                   build/bsp_driver_sd.o
BSP_SD_Erase                                      build/bsp_driver_sd.o
BSP_SD_GetCardInfo                                build/bsp_driver_sd.o
                                                  build/sd_diskio.o
BSP_SD_GetCardState                               build/bsp_driver_sd.o
                                                  build/sd_diskio.o
BSP_SD_ITConfig                                   build/bsp_driver_sd.o
BSP_SD_Init                                       build/bsp_driver_sd.o
                                                  build/sd_diskio.o
BSP_SD_IsDetected                                 build/bsp_driver_sd.o
BSP_SD_ReadBlocks                                 build/bsp_driver_sd.o
                                                  build/sd_diskio.o
BSP_SD_ReadBlocks_DMA                             build/bsp_driver_sd.o
BSP_SD_ReadCpltCallback                           build/bsp_driver_sd.o
BSP_SD_WriteBlocks                                build/bsp_driver_sd.o
                                                  build/sd_diskio.o
BSP_SD_WriteBlocks_DMA                            build/bsp_driver_sd.o
BSP_SD_WriteCpltCallback                          build/bsp_driver_sd.o
BusFault_Handler                                  build/stm32f4xx_it.o
CAN1_RX0_IRQHandler                               build/startup_stm32f407xx.o
CAN1_RX1_IRQHandler                               build/startup_stm32f407xx.o
CAN1_SCE_IRQHandler                               build/startup_stm32f407xx.o
CAN1_TX_IRQHandler                                build/startup_stm32f407xx.o
CAN2_RX0_IRQHandler                               build/startup_stm32f407xx.o
CAN2_RX1_IRQHandler                               build/startup_stm32f407xx.o
CAN2_SCE_IRQHandler                               build/startup_stm32f407xx.o
CAN2_TX_IRQHandler                                build/startup_stm32f407xx.o
DCMI_IRQHandler                                   build/startup_stm32f407xx.o
DMA1_Stream0_IRQHandler                           build/startup_stm32f407xx.o
DMA1_Stream1_IRQHandler                           build/startup_stm32f407xx.o
DMA1_Stream2_IRQHandler                           build/startup_stm32f407xx.o
DMA1_Stream3_IRQHandler                           build/startup_stm32f407xx.o
DMA1_Stream4_IRQHandler                           build/startup_stm32f407xx.o
DMA1_Stream5_IRQHandler                           build/startup_stm32f407xx.o
DMA1_Stream6_IRQHandler                           build/startup_stm32f407xx.o
DMA1_Stream7_IRQHandler                           build/startup_stm32f407xx.o
DMA2_Stream0_IRQHandler                           build/startup_stm32f407xx.o
DMA2_Stream1_IRQHandler                           build/startup_stm32f407xx.o
DMA2_Stream2_IRQHandler                           build/startup_stm32f407xx.o
DMA2_Stream3_IRQHandler                           build/startup_stm32f407xx.o
DMA2_Stream4_IRQHandler                           build/startup_stm32f407xx.o
DMA2_Stream5_IRQHandler                           build/startup_stm32f407xx.o
DMA2_Stream6_IRQHandler                           build/startup_stm32f407xx.o
DMA2_Stream7_IRQHandler                           build/startup_stm32f407xx.o
DebugMon_Handler                                  build/stm32f4xx_it.o
Default_Handler                                   build/startup_stm32f407xx.o
ETH_IRQHandler                                    build/startup_stm32f407xx.o
ETH_WKUP_IRQHandler                               build/startup_stm32f407xx.o
EXTI0_IRQHandler                                  build/startup_stm32f407xx.o
EXTI15_10_IRQHandler                              build/startup_stm32f407xx.o
EXTI1_IRQHandler                                  build/startup_stm32f407xx.o
EXTI2_IRQHandler                                  build/startup_stm32f407xx.o
EXTI3_IRQHandler                                  build/startup_stm32f407xx.o
EXTI4_IRQHandler                                  build/startup_stm32f407xx.o
EXTI9_5_IRQHandler                                build/startup_stm32f407xx.o
Error_Handler                                     build/main.o
FATFS_GetAttachedDriversNbr                       build/ff_gen_drv.o
FATFS_LinkDriver                                  build/ff_gen_drv.o
                                                  build/fatfs.o
FATFS_LinkDriverEx                                build/ff_gen_drv.o
FATFS_UnLinkDriver                                build/ff_gen_drv.o
FATFS_UnLinkDriverEx                              build/ff_gen_drv.o
FLASH_Erase_Sector                                build/stm32f4xx_hal_flash_ex.o
                                                  build/stm32f4xx_hal_flash.o
FLASH_FlushCaches                                 build/stm32f4xx_hal_flash_ex.o
                                                  build/stm32f4xx_hal_flash.o
FLASH_IRQHandler                                  build/startup_stm32f407xx.o
FLASH_WaitForLastOperation                        build/stm32f4xx_hal_flash.o
                                                  build/stm32f4xx_hal_flash_ex.o
FPU_IRQHandler                                    build/startup_stm32f407xx.o
FSMC_IRQHandler                                   build/startup_stm32f407xx.o
HAL_DBGMCU_DisableDBGSleepMode                    build/stm32f4xx_hal.o
HAL_DBGMCU_DisableDBGStandbyMode                  build/stm32f4xx_hal.o
HAL_DBGMCU_DisableDBGStopMode                     build/stm32f4xx_hal.o
HAL_DBGMCU_EnableDBGSleepMode                     build/stm32f4xx_hal.o
HAL_DBGMCU_EnableDBGStandbyMode                   build/stm32f4xx_hal.o
HAL_DBGMCU_EnableDBGStopMode                      build/stm32f4xx_hal.o
HAL_DMAEx_ChangeMemory                            build/stm32f4xx_hal_dma_ex.o
HAL_DMAEx_MultiBufferStart                        build/stm32f4xx_hal_dma_ex.o
HAL_DMAEx_MultiBufferStart_IT                     build/stm32f4xx_hal_dma_ex.o
HAL_DMA_Abort                                     build/stm32f4xx_hal_dma.o
                                                  build/stm32f4xx_hal_uart.o
                                                  build/stm32f4xx_hal_sd.o
HAL_DMA_Abort_IT                                  build/stm32f4xx_hal_dma.o
                                                  build/stm32f4xx_hal_uart.o
                                                  build/stm32f4xx_hal_tim_ex.o
                                                  build/stm32f4xx_hal_tim.o
                                                  build/stm32f4xx_hal_sd.o
HAL_DMA_DeInit                                    build/stm32f4xx_hal_dma.o
HAL_DMA_GetError                                  build/stm32f4xx_hal_dma.o
                                                  build/stm32f4xx_hal_uart.o
                                                  build/stm32f4xx_hal_sd.o
HAL_DMA_GetState                                  build/stm32f4xx_hal_dma.o
HAL_DMA_IRQHandler                                build/stm32f4xx_hal_dma.o
HAL_DMA_Init                                      build/stm32f4xx_hal_dma.o
HAL_DMA_PollForTransfer                           build/stm32f4xx_hal_dma.o
HAL_DMA_RegisterCallback                          build/stm32f4xx_hal_dma.o
HAL_DMA_Start                                     build/stm32f4xx_hal_dma.o
HAL_DMA_Start_IT                                  build/stm32f4xx_hal_dma.o
                                                  build/stm32f4xx_hal_uart.o
                                                  build/stm32f4xx_hal_tim_ex.o
                                                  build/stm32f4xx_hal_tim.o
                                                  build/stm32f4xx_hal_sd.o
HAL_DMA_UnRegisterCallback                        build/stm32f4xx_hal_dma.o
HAL_DeInit                                        build/stm32f4xx_hal.o
HAL_Delay                                         build/stm32f4xx_hal.o
                                                  build/stm32f4xx_ll_sdmmc.o
                                                  build/main.o
HAL_DisableCompensationCell                       build/stm32f4xx_hal.o
HAL_EXTI_ClearConfigLine                          build/stm32f4xx_hal_exti.o
HAL_EXTI_ClearPending                             build/stm32f4xx_hal_exti.o
HAL_EXTI_GenerateSWI                              build/stm32f4xx_hal_exti.o
HAL_EXTI_GetConfigLine                            build/stm32f4xx_hal_exti.o
HAL_EXTI_GetHandle                                build/stm32f4xx_hal_exti.o
HAL_EXTI_GetPending                               build/stm32f4xx_hal_exti.o
HAL_EXTI_IRQHandler                               build/stm32f4xx_hal_exti.o
HAL_EXTI_RegisterCallback                         build/stm32f4xx_hal_exti.o
HAL_EXTI_SetConfigLine                            build/stm32f4xx_hal_exti.o
HAL_EnableCompensationCell                        build/stm32f4xx_hal.o
HAL_FLASHEx_Erase                                 build/stm32f4xx_hal_flash_ex.o
HAL_FLASHEx_Erase_IT                              build/stm32f4xx_hal_flash_ex.o
HAL_FLASHEx_OBGetConfig                           build/stm32f4xx_hal_flash_ex.o
HAL_FLASHEx_OBProgram                             build/stm32f4xx_hal_flash_ex.o
HAL_FLASH_EndOfOperationCallback                  build/stm32f4xx_hal_flash.o
HAL_FLASH_GetError                                build/stm32f4xx_hal_flash.o
HAL_FLASH_IRQHandler                              build/stm32f4xx_hal_flash.o
HAL_FLASH_Lock                                    build/stm32f4xx_hal_flash.o
HAL_FLASH_OB_Launch                               build/stm32f4xx_hal_flash.o
HAL_FLASH_OB_Lock                                 build/stm32f4xx_hal_flash.o
HAL_FLASH_OB_Unlock                               build/stm32f4xx_hal_flash.o
HAL_FLASH_OperationErrorCallback                  build/stm32f4xx_hal_flash.o
HAL_FLASH_Program                                 build/stm32f4xx_hal_flash.o
HAL_FLASH_Program_IT                              build/stm32f4xx_hal_flash.o
HAL_FLASH_Unlock                                  build/stm32f4xx_hal_flash.o
HAL_GPIO_DeInit                                   build/stm32f4xx_hal_gpio.o
                                                  build/stm32f4xx_hal_msp.o
HAL_GPIO_EXTI_Callback                            build/stm32f4xx_hal_gpio.o
HAL_GPIO_EXTI_IRQHandler                          build/stm32f4xx_hal_gpio.o
HAL_GPIO_Init                                     build/stm32f4xx_hal_gpio.o
                                                  build/stm32f4xx_hal_rcc.o
                                                  build/stm32f4xx_hal_msp.o
                                                  build/main.o
HAL_GPIO_LockPin                                  build/stm32f4xx_hal_gpio.o
HAL_GPIO_ReadPin                                  build/stm32f4xx_hal_gpio.o
                                                  build/fatfs_platform.o
HAL_GPIO_TogglePin                                build/stm32f4xx_hal_gpio.o
                                                  build/main.o
HAL_GPIO_WritePin                                 build/stm32f4xx_hal_gpio.o
                                                  build/main.o
HAL_GetDEVID                                      build/stm32f4xx_hal.o
HAL_GetHalVersion                                 build/stm32f4xx_hal.o
HAL_GetREVID                                      build/stm32f4xx_hal.o
HAL_GetTick                                       build/stm32f4xx_hal.o
                                                  build/stm32f4xx_hal_uart.o
                                                  build/stm32f4xx_hal_pwr_ex.o
                                                  build/stm32f4xx_hal_dma.o
                                                  build/stm32f4xx_hal_flash.o
                                                  build/stm32f4xx_hal_rcc_ex.o
                                                  build/stm32f4xx_hal_rcc.o
                                                  build/stm32f4xx_hal_sd.o
HAL_GetTickFreq                                   build/stm32f4xx_hal.o
HAL_GetTickPrio                                   build/stm32f4xx_hal.o
HAL_GetUIDw0                                      build/stm32f4xx_hal.o
HAL_GetUIDw1                                      build/stm32f4xx_hal.o
HAL_GetUIDw2                                      build/stm32f4xx_hal.o
HAL_HalfDuplex_EnableReceiver                     build/stm32f4xx_hal_uart.o
HAL_HalfDuplex_EnableTransmitter                  build/stm32f4xx_hal_uart.o
HAL_HalfDuplex_Init                               build/stm32f4xx_hal_uart.o
HAL_IncTick                                       build/stm32f4xx_hal.o
                                                  build/stm32f4xx_it.o
HAL_Init                                          build/stm32f4xx_hal.o
                                                  build/main.o
HAL_InitTick                                      build/stm32f4xx_hal.o
                                                  build/stm32f4xx_hal_rcc_ex.o
                                                  build/stm32f4xx_hal_rcc.o
HAL_LIN_Init                                      build/stm32f4xx_hal_uart.o
HAL_LIN_SendBreak                                 build/stm32f4xx_hal_uart.o
HAL_MPU_ConfigRegion                              build/stm32f4xx_hal_cortex.o
HAL_MPU_Disable                                   build/stm32f4xx_hal_cortex.o
HAL_MPU_Enable                                    build/stm32f4xx_hal_cortex.o
HAL_MspDeInit                                     build/stm32f4xx_hal.o
HAL_MspInit                                       build/stm32f4xx_hal_msp.o
HAL_MultiProcessor_EnterMuteMode                  build/stm32f4xx_hal_uart.o
HAL_MultiProcessor_ExitMuteMode                   build/stm32f4xx_hal_uart.o
HAL_MultiProcessor_Init                           build/stm32f4xx_hal_uart.o
HAL_NVIC_ClearPendingIRQ                          build/stm32f4xx_hal_cortex.o
HAL_NVIC_DisableIRQ                               build/stm32f4xx_hal_cortex.o
                                                  build/stm32f4xx_hal_msp.o
HAL_NVIC_EnableIRQ                                build/stm32f4xx_hal_cortex.o
                                                  build/stm32f4xx_hal_msp.o
HAL_NVIC_GetActive                                build/stm32f4xx_hal_cortex.o
HAL_NVIC_GetPendingIRQ                            build/stm32f4xx_hal_cortex.o
HAL_NVIC_GetPriority                              build/stm32f4xx_hal_cortex.o
HAL_NVIC_GetPriorityGrouping                      build/stm32f4xx_hal_cortex.o
HAL_NVIC_SetPendingIRQ                            build/stm32f4xx_hal_cortex.o
HAL_NVIC_SetPriority                              build/stm32f4xx_hal_cortex.o
                                                  build/stm32f4xx_hal.o
                                                  build/stm32f4xx_hal_msp.o
HAL_NVIC_SetPriorityGrouping                      build/stm32f4xx_hal_cortex.o
                                                  build/stm32f4xx_hal.o
HAL_NVIC_SystemReset                              build/stm32f4xx_hal_cortex.o
HAL_PWREx_ControlVoltageScaling                   build/stm32f4xx_hal_pwr_ex.o
HAL_PWREx_DisableBkUpReg                          build/stm32f4xx_hal_pwr_ex.o
HAL_PWREx_DisableFlashPowerDown                   build/stm32f4xx_hal_pwr_ex.o
HAL_PWREx_EnableBkUpReg                           build/stm32f4xx_hal_pwr_ex.o
HAL_PWREx_EnableFlashPowerDown                    build/stm32f4xx_hal_pwr_ex.o
HAL_PWREx_GetVoltageRange                         build/stm32f4xx_hal_pwr_ex.o
HAL_PWR_ConfigPVD                                 build/stm32f4xx_hal_pwr.o
HAL_PWR_DeInit                                    build/stm32f4xx_hal_pwr.o
HAL_PWR_DisableBkUpAccess                         build/stm32f4xx_hal_pwr.o
HAL_PWR_DisablePVD                                build/stm32f4xx_hal_pwr.o
HAL_PWR_DisableSEVOnPend                          build/stm32f4xx_hal_pwr.o
HAL_PWR_DisableSleepOnExit                        build/stm32f4xx_hal_pwr.o
HAL_PWR_DisableWakeUpPin                          build/stm32f4xx_hal_pwr.o
HAL_PWR_EnableBkUpAccess                          build/stm32f4xx_hal_pwr.o
HAL_PWR_EnablePVD                                 build/stm32f4xx_hal_pwr.o
HAL_PWR_EnableSEVOnPend                           build/stm32f4xx_hal_pwr.o
HAL_PWR_EnableSleepOnExit                         build/stm32f4xx_hal_pwr.o
HAL_PWR_EnableWakeUpPin                           build/stm32f4xx_hal_pwr.o
HAL_PWR_EnterSLEEPMode                            build/stm32f4xx_hal_pwr.o
HAL_PWR_EnterSTANDBYMode                          build/stm32f4xx_hal_pwr.o
HAL_PWR_EnterSTOPMode                             build/stm32f4xx_hal_pwr.o
HAL_PWR_PVDCallback                               build/stm32f4xx_hal_pwr.o
HAL_PWR_PVD_IRQHandler                            build/stm32f4xx_hal_pwr.o
HAL_RCCEx_DisablePLLI2S                           build/stm32f4xx_hal_rcc_ex.o
HAL_RCCEx_EnablePLLI2S                            build/stm32f4xx_hal_rcc_ex.o
HAL_RCCEx_GetPeriphCLKConfig                      build/stm32f4xx_hal_rcc_ex.o
HAL_RCCEx_GetPeriphCLKFreq                        build/stm32f4xx_hal_rcc_ex.o
HAL_RCCEx_PeriphCLKConfig                         build/stm32f4xx_hal_rcc_ex.o
HAL_RCC_CSSCallback                               build/stm32f4xx_hal_rcc.o
HAL_RCC_ClockConfig                               build/stm32f4xx_hal_rcc.o
                                                  build/main.o
HAL_RCC_DeInit                                    build/stm32f4xx_hal_rcc_ex.o
                                                  build/stm32f4xx_hal_rcc.o
HAL_RCC_DisableCSS                                build/stm32f4xx_hal_rcc.o
HAL_RCC_EnableCSS                                 build/stm32f4xx_hal_rcc.o
HAL_RCC_GetClockConfig                            build/stm32f4xx_hal_rcc.o
HAL_RCC_GetHCLKFreq                               build/stm32f4xx_hal_rcc.o
HAL_RCC_GetOscConfig                              build/stm32f4xx_hal_rcc.o
HAL_RCC_GetPCLK1Freq                              build/stm32f4xx_hal_rcc.o
                                                  build/stm32f4xx_hal_uart.o
HAL_RCC_GetPCLK2Freq                              build/stm32f4xx_hal_rcc.o
                                                  build/stm32f4xx_hal_uart.o
HAL_RCC_GetSysClockFreq                           build/stm32f4xx_hal_rcc.o
HAL_RCC_MCOConfig                                 build/stm32f4xx_hal_rcc.o
HAL_RCC_NMI_IRQHandler                            build/stm32f4xx_hal_rcc.o
HAL_RCC_OscConfig                                 build/stm32f4xx_hal_rcc.o
                                                  build/main.o
HAL_ResumeTick                                    build/stm32f4xx_hal.o
HAL_SD_Abort                                      build/stm32f4xx_hal_sd.o
HAL_SD_AbortCallback                              build/bsp_driver_sd.o
HAL_SD_Abort_IT                                   build/stm32f4xx_hal_sd.o
HAL_SD_ConfigWideBusOperation                     build/stm32f4xx_hal_sd.o
                                                  build/bsp_driver_sd.o
HAL_SD_DeInit                                     build/stm32f4xx_hal_sd.o
HAL_SD_Erase                                      build/stm32f4xx_hal_sd.o
                                                  build/bsp_driver_sd.o
HAL_SD_ErrorCallback                              build/stm32f4xx_hal_sd.o
HAL_SD_GetCardCID                                 build/stm32f4xx_hal_sd.o
HAL_SD_GetCardCSD                                 build/stm32f4xx_hal_sd.o
HAL_SD_GetCardInfo                                build/stm32f4xx_hal_sd.o
                                                  build/bsp_driver_sd.o
HAL_SD_GetCardState                               build/stm32f4xx_hal_sd.o
                                                  build/bsp_driver_sd.o
HAL_SD_GetCardStatus                              build/stm32f4xx_hal_sd.o
HAL_SD_GetError                                   build/stm32f4xx_hal_sd.o
HAL_SD_GetState                                   build/stm32f4xx_hal_sd.o
HAL_SD_IRQHandler                                 build/stm32f4xx_hal_sd.o
                                                  build/stm32f4xx_it.o
HAL_SD_Init                                       build/stm32f4xx_hal_sd.o
                                                  build/bsp_driver_sd.o
HAL_SD_InitCard                                   build/stm32f4xx_hal_sd.o
HAL_SD_MspDeInit                                  build/stm32f4xx_hal_msp.o
HAL_SD_MspInit                                    build/stm32f4xx_hal_msp.o
HAL_SD_ReadBlocks                                 build/stm32f4xx_hal_sd.o
                                                  build/bsp_driver_sd.o
HAL_SD_ReadBlocks_DMA                             build/stm32f4xx_hal_sd.o
                                                  build/bsp_driver_sd.o
HAL_SD_ReadBlocks_IT                              build/stm32f4xx_hal_sd.o
HAL_SD_RxCpltCallback                             build/bsp_driver_sd.o
HAL_SD_TxCpltCallback                             build/bsp_driver_sd.o
HAL_SD_WriteBlocks                                build/stm32f4xx_hal_sd.o
                                                  build/bsp_driver_sd.o
HAL_SD_WriteBlocks_DMA                            build/stm32f4xx_hal_sd.o
                                                  build/bsp_driver_sd.o
HAL_SD_WriteBlocks_IT                             build/stm32f4xx_hal_sd.o
HAL_SYSTICK_CLKSourceConfig                       build/stm32f4xx_hal_cortex.o
HAL_SYSTICK_Callback                              build/stm32f4xx_hal_cortex.o
HAL_SYSTICK_Config                                build/stm32f4xx_hal_cortex.o
                                                  build/stm32f4xx_hal.o
HAL_SYSTICK_IRQHandler                            build/stm32f4xx_hal_cortex.o
HAL_SetTickFreq                                   build/stm32f4xx_hal.o
HAL_SuspendTick                                   build/stm32f4xx_hal.o
HAL_TIMEx_BreakCallback                           build/stm32f4xx_hal_tim_ex.o
                                                  build/stm32f4xx_hal_tim.o
HAL_TIMEx_CommutCallback                          build/stm32f4xx_hal_tim_ex.o
                                                  build/stm32f4xx_hal_tim.o
HAL_TIMEx_CommutHalfCpltCallback                  build/stm32f4xx_hal_tim_ex.o
HAL_TIMEx_ConfigBreakDeadTime                     build/stm32f4xx_hal_tim_ex.o
HAL_TIMEx_ConfigCommutEvent                       build/stm32f4xx_hal_tim_ex.o
HAL_TIMEx_ConfigCommutEvent_DMA                   build/stm32f4xx_hal_tim_ex.o
HAL_TIMEx_ConfigCommutEvent_IT                    build/stm32f4xx_hal_tim_ex.o
HAL_TIMEx_HallSensor_DeInit                       build/stm32f4xx_hal_tim_ex.o
HAL_TIMEx_HallSensor_GetState                     build/stm32f4xx_hal_tim_ex.o
HAL_TIMEx_HallSensor_Init                         build/stm32f4xx_hal_tim_ex.o
HAL_TIMEx_HallSensor_MspDeInit                    build/stm32f4xx_hal_tim_ex.o
HAL_TIMEx_HallSensor_MspInit                      build/stm32f4xx_hal_tim_ex.o
HAL_TIMEx_HallSensor_Start                        build/stm32f4xx_hal_tim_ex.o
HAL_TIMEx_HallSensor_Start_DMA                    build/stm32f4xx_hal_tim_ex.o
HAL_TIMEx_HallSensor_Start_IT                     build/stm32f4xx_hal_tim_ex.o
HAL_TIMEx_HallSensor_Stop                         build/stm32f4xx_hal_tim_ex.o
HAL_TIMEx_HallSensor_Stop_DMA                     build/stm32f4xx_hal_tim_ex.o
HAL_TIMEx_HallSensor_Stop_IT                      build/stm32f4xx_hal_tim_ex.o
HAL_TIMEx_MasterConfigSynchronization             build/stm32f4xx_hal_tim_ex.o
HAL_TIMEx_OCN_Start                               build/stm32f4xx_hal_tim_ex.o
HAL_TIMEx_OCN_Start_DMA                           build/stm32f4xx_hal_tim_ex.o
HAL_TIMEx_OCN_Start_IT                            build/stm32f4xx_hal_tim_ex.o
HAL_TIMEx_OCN_Stop                                build/stm32f4xx_hal_tim_ex.o
HAL_TIMEx_OCN_Stop_DMA                            build/stm32f4xx_hal_tim_ex.o
HAL_TIMEx_OCN_Stop_IT                             build/stm32f4xx_hal_tim_ex.o
HAL_TIMEx_OnePulseN_Start                         build/stm32f4xx_hal_tim_ex.o
HAL_TIMEx_OnePulseN_Start_IT                      build/stm32f4xx_hal_tim_ex.o
HAL_TIMEx_OnePulseN_Stop                          build/stm32f4xx_hal_tim_ex.o
HAL_TIMEx_OnePulseN_Stop_IT                       build/stm32f4xx_hal_tim_ex.o
HAL_TIMEx_PWMN_Start                              build/stm32f4xx_hal_tim_ex.o
HAL_TIMEx_PWMN_Start_DMA                          build/stm32f4xx_hal_tim_ex.o
HAL_TIMEx_PWMN_Start_IT                           build/stm32f4xx_hal_tim_ex.o
HAL_TIMEx_PWMN_Stop                               build/stm32f4xx_hal_tim_ex.o
HAL_TIMEx_PWMN_Stop_DMA                           build/stm32f4xx_hal_tim_ex.o
HAL_TIMEx_PWMN_Stop_IT                            build/stm32f4xx_hal_tim_ex.o
HAL_TIMEx_RemapConfig                             build/stm32f4xx_hal_tim_ex.o
HAL_TIM_Base_DeInit                               build/stm32f4xx_hal_tim.o
HAL_TIM_Base_GetState                             build/stm32f4xx_hal_tim.o
HAL_TIM_Base_Init                                 build/stm32f4xx_hal_tim.o
                                                  build/main.o
HAL_TIM_Base_MspDeInit                            build/stm32f4xx_hal_msp.o
HAL_TIM_Base_MspInit                              build/stm32f4xx_hal_msp.o
HAL_TIM_Base_Start                                build/stm32f4xx_hal_tim.o
HAL_TIM_Base_Start_DMA                            build/stm32f4xx_hal_tim.o
HAL_TIM_Base_Start_IT                             build/stm32f4xx_hal_tim.o
HAL_TIM_Base_Stop                                 build/stm32f4xx_hal_tim.o
HAL_TIM_Base_Stop_DMA                             build/stm32f4xx_hal_tim.o
HAL_TIM_Base_Stop_IT                              build/stm32f4xx_hal_tim.o
HAL_TIM_ConfigClockSource                         build/stm32f4xx_hal_tim.o
HAL_TIM_ConfigOCrefClear                          build/stm32f4xx_hal_tim.o
HAL_TIM_ConfigTI1Input                            build/stm32f4xx_hal_tim.o
HAL_TIM_DMABurst_ReadStart                        build/stm32f4xx_hal_tim.o
HAL_TIM_DMABurst_ReadStop                         build/stm32f4xx_hal_tim.o
HAL_TIM_DMABurst_WriteStart                       build/stm32f4xx_hal_tim.o
HAL_TIM_DMABurst_WriteStop                        build/stm32f4xx_hal_tim.o
HAL_TIM_Encoder_DeInit                            build/stm32f4xx_hal_tim.o
HAL_TIM_Encoder_GetState                          build/stm32f4xx_hal_tim.o
HAL_TIM_Encoder_Init                              build/stm32f4xx_hal_tim.o
HAL_TIM_Encoder_MspDeInit                         build/stm32f4xx_hal_tim.o
HAL_TIM_Encoder_MspInit                           build/stm32f4xx_hal_tim.o
HAL_TIM_Encoder_Start                             build/stm32f4xx_hal_tim.o
HAL_TIM_Encoder_Start_DMA                         build/stm32f4xx_hal_tim.o
HAL_TIM_Encoder_Start_IT                          build/stm32f4xx_hal_tim.o
HAL_TIM_Encoder_Stop                              build/stm32f4xx_hal_tim.o
HAL_TIM_Encoder_Stop_DMA                          build/stm32f4xx_hal_tim.o
HAL_TIM_Encoder_Stop_IT                           build/stm32f4xx_hal_tim.o
HAL_TIM_ErrorCallback                             build/stm32f4xx_hal_tim.o
HAL_TIM_GenerateEvent                             build/stm32f4xx_hal_tim.o
HAL_TIM_IC_CaptureCallback                        build/stm32f4xx_hal_tim.o
HAL_TIM_IC_CaptureHalfCpltCallback                build/stm32f4xx_hal_tim.o
HAL_TIM_IC_ConfigChannel                          build/stm32f4xx_hal_tim.o
HAL_TIM_IC_DeInit                                 build/stm32f4xx_hal_tim.o
HAL_TIM_IC_GetState                               build/stm32f4xx_hal_tim.o
HAL_TIM_IC_Init                                   build/stm32f4xx_hal_tim.o
HAL_TIM_IC_MspDeInit                              build/stm32f4xx_hal_tim.o
HAL_TIM_IC_MspInit                                build/stm32f4xx_hal_tim.o
HAL_TIM_IC_Start                                  build/stm32f4xx_hal_tim.o
HAL_TIM_IC_Start_DMA                              build/stm32f4xx_hal_tim.o
HAL_TIM_IC_Start_IT                               build/stm32f4xx_hal_tim.o
HAL_TIM_IC_Stop                                   build/stm32f4xx_hal_tim.o
HAL_TIM_IC_Stop_DMA                               build/stm32f4xx_hal_tim.o
HAL_TIM_IC_Stop_IT                                build/stm32f4xx_hal_tim.o
HAL_TIM_IRQHandler                                build/stm32f4xx_hal_tim.o
HAL_TIM_OC_ConfigChannel                          build/stm32f4xx_hal_tim.o
HAL_TIM_OC_DeInit                                 build/stm32f4xx_hal_tim.o
HAL_TIM_OC_DelayElapsedCallback                   build/stm32f4xx_hal_tim.o
HAL_TIM_OC_GetState                               build/stm32f4xx_hal_tim.o
HAL_TIM_OC_Init                                   build/stm32f4xx_hal_tim.o
HAL_TIM_OC_MspDeInit                              build/stm32f4xx_hal_tim.o
HAL_TIM_OC_MspInit                                build/stm32f4xx_hal_tim.o
HAL_TIM_OC_Start                                  build/stm32f4xx_hal_tim.o
HAL_TIM_OC_Start_DMA                              build/stm32f4xx_hal_tim.o
HAL_TIM_OC_Start_IT                               build/stm32f4xx_hal_tim.o
HAL_TIM_OC_Stop                                   build/stm32f4xx_hal_tim.o
HAL_TIM_OC_Stop_DMA                               build/stm32f4xx_hal_tim.o
HAL_TIM_OC_Stop_IT                                build/stm32f4xx_hal_tim.o
HAL_TIM_OnePulse_ConfigChannel                    build/stm32f4xx_hal_tim.o
HAL_TIM_OnePulse_DeInit                           build/stm32f4xx_hal_tim.o
HAL_TIM_OnePulse_GetState                         build/stm32f4xx_hal_tim.o
HAL_TIM_OnePulse_Init                             build/stm32f4xx_hal_tim.o
HAL_TIM_OnePulse_MspDeInit                        build/stm32f4xx_hal_tim.o
HAL_TIM_OnePulse_MspInit                          build/stm32f4xx_hal_tim.o
HAL_TIM_OnePulse_Start                            build/stm32f4xx_hal_tim.o
HAL_TIM_OnePulse_Start_IT                         build/stm32f4xx_hal_tim.o
HAL_TIM_OnePulse_Stop                             build/stm32f4xx_hal_tim.o
HAL_TIM_OnePulse_Stop_IT                          build/stm32f4xx_hal_tim.o
HAL_TIM_PWM_ConfigChannel                         build/stm32f4xx_hal_tim.o
HAL_TIM_PWM_DeInit                                build/stm32f4xx_hal_tim.o
HAL_TIM_PWM_GetState                              build/stm32f4xx_hal_tim.o
HAL_TIM_PWM_Init                                  build/stm32f4xx_hal_tim.o
HAL_TIM_PWM_MspDeInit                             build/stm32f4xx_hal_tim.o
HAL_TIM_PWM_MspInit                               build/stm32f4xx_hal_tim.o
HAL_TIM_PWM_PulseFinishedCallback                 build/stm32f4xx_hal_tim.o
HAL_TIM_PWM_PulseFinishedHalfCpltCallback         build/stm32f4xx_hal_tim.o
HAL_TIM_PWM_Start                                 build/stm32f4xx_hal_tim.o
HAL_TIM_PWM_Start_DMA                             build/stm32f4xx_hal_tim.o
HAL_TIM_PWM_Start_IT                              build/stm32f4xx_hal_tim.o
HAL_TIM_PWM_Stop                                  build/stm32f4xx_hal_tim.o
HAL_TIM_PWM_Stop_DMA                              build/stm32f4xx_hal_tim.o
HAL_TIM_PWM_Stop_IT                               build/stm32f4xx_hal_tim.o
HAL_TIM_PeriodElapsedCallback                     build/stm32f4xx_hal_tim.o
HAL_TIM_PeriodElapsedHalfCpltCallback             build/stm32f4xx_hal_tim.o
HAL_TIM_ReadCapturedValue                         build/stm32f4xx_hal_tim.o
HAL_TIM_SlaveConfigSynchro                        build/stm32f4xx_hal_tim.o
HAL_TIM_SlaveConfigSynchro_IT                     build/stm32f4xx_hal_tim.o
HAL_TIM_TriggerCallback                           build/stm32f4xx_hal_tim.o
HAL_TIM_TriggerHalfCpltCallback                   build/stm32f4xx_hal_tim.o
HAL_UART_Abort                                    build/stm32f4xx_hal_uart.o
HAL_UART_AbortCpltCallback                        build/stm32f4xx_hal_uart.o
HAL_UART_AbortReceive                             build/stm32f4xx_hal_uart.o
HAL_UART_AbortReceiveCpltCallback                 build/stm32f4xx_hal_uart.o
HAL_UART_AbortReceive_IT                          build/stm32f4xx_hal_uart.o
HAL_UART_AbortTransmit                            build/stm32f4xx_hal_uart.o
HAL_UART_AbortTransmitCpltCallback                build/stm32f4xx_hal_uart.o
HAL_UART_AbortTransmit_IT                         build/stm32f4xx_hal_uart.o
HAL_UART_Abort_IT                                 build/stm32f4xx_hal_uart.o
HAL_UART_DMAPause                                 build/stm32f4xx_hal_uart.o
HAL_UART_DMAResume                                build/stm32f4xx_hal_uart.o
HAL_UART_DMAStop                                  build/stm32f4xx_hal_uart.o
HAL_UART_DeInit                                   build/stm32f4xx_hal_uart.o
HAL_UART_ErrorCallback                            build/stm32f4xx_hal_uart.o
HAL_UART_GetError                                 build/stm32f4xx_hal_uart.o
HAL_UART_GetState                                 build/stm32f4xx_hal_uart.o
HAL_UART_IRQHandler                               build/stm32f4xx_hal_uart.o
HAL_UART_Init                                     build/stm32f4xx_hal_uart.o
                                                  build/main.o
HAL_UART_MspDeInit                                build/stm32f4xx_hal_msp.o
HAL_UART_MspInit                                  build/stm32f4xx_hal_msp.o
HAL_UART_Receive                                  build/stm32f4xx_hal_uart.o
HAL_UART_Receive_DMA                              build/stm32f4xx_hal_uart.o
HAL_UART_Receive_IT                               build/stm32f4xx_hal_uart.o
HAL_UART_RxCpltCallback                           build/stm32f4xx_hal_uart.o
HAL_UART_RxHalfCpltCallback                       build/stm32f4xx_hal_uart.o
HAL_UART_Transmit                                 build/stm32f4xx_hal_uart.o
HAL_UART_Transmit_DMA                             build/stm32f4xx_hal_uart.o
HAL_UART_Transmit_IT                              build/stm32f4xx_hal_uart.o
HAL_UART_TxCpltCallback                           build/stm32f4xx_hal_uart.o
HAL_UART_TxHalfCpltCallback                       build/stm32f4xx_hal_uart.o
HASH_RNG_IRQHandler                               build/startup_stm32f407xx.o
HardFault_Handler                                 build/stm32f4xx_it.o
I2C1_ER_IRQHandler                                build/startup_stm32f407xx.o
I2C1_EV_IRQHandler                                build/startup_stm32f407xx.o
I2C2_ER_IRQHandler                                build/startup_stm32f407xx.o
I2C2_EV_IRQHandler                                build/startup_stm32f407xx.o
I2C3_ER_IRQHandler                                build/startup_stm32f407xx.o
I2C3_EV_IRQHandler                                build/startup_stm32f407xx.o
MX_FATFS_Init                                     build/fatfs.o
                                                  build/main.o
MemManage_Handler                                 build/stm32f4xx_it.o
NMI_Handler                                       build/stm32f4xx_it.o
OTG_FS_IRQHandler                                 build/startup_stm32f407xx.o
OTG_FS_WKUP_IRQHandler                            build/startup_stm32f407xx.o
OTG_HS_EP1_IN_IRQHandler                          build/startup_stm32f407xx.o
OTG_HS_EP1_OUT_IRQHandler                         build/startup_stm32f407xx.o
OTG_HS_IRQHandler                                 build/startup_stm32f407xx.o
OTG_HS_WKUP_IRQHandler                            build/startup_stm32f407xx.o
PVD_IRQHandler                                    build/startup_stm32f407xx.o