Archive member included to satisfy reference by file (symbol)

/usr/lib/gcc/arm-none-eabi/9.2.1/../../../arm-none-eabi/lib/thumb/v7e-m+fp/hard/libc_nano.a(lib_a-atexit.o)
                              /usr/lib/gcc/arm-none-eabi/9.2.1/../../../arm-none-eabi/lib/thumb/v7e-m+fp/hard/crt0.o (atexit)
/usr/lib/gcc/arm-none-eabi/9.2.1/../../../arm-none-eabi/lib/thumb/v7e-m+fp/hard/libc_nano.a(lib_a-exit.o)
                              /usr/lib/gcc/arm-none-eabi/9.2.1/../../../arm-none-eabi/lib/thumb/v7e-m+fp/hard/crt0.o (exit)
/usr/lib/gcc/arm-none-eabi/9.2.1/../../../arm-none-eabi/lib/thumb/v7e-m+fp/hard/libc_nano.a(lib_a-fini.o)
                              /usr/lib/gcc/arm-none-eabi/9.2.1/../../../arm-none-eabi/lib/thumb/v7e-m+fp/hard/crt0.o (__libc_fini_array)
/usr/lib/gcc/arm-none-eabi/9.2.1/../../../arm-none-eabi/lib/thumb/v7e-m+fp/hard/libc_nano.a(lib_a-impure.o)
                              /usr/lib/gcc/arm-none-eabi/9.2.1/../../../arm-none-eabi/lib/thumb/v7e-m+fp/hard/libc_nano.a(lib_a-exit.o) (_global_impure_ptr)
/usr/lib/gcc/arm-none-eabi/9.2.1/../../../arm-none-eabi/lib/thumb/v7e-m+fp/hard/libc_nano.a(lib_a-init.o)
                              /usr/lib/gcc/arm-none-eabi/9.2.1/../../../arm-none-eabi/lib/thumb/v7e-m+fp/hard/crt0.o (__libc_init_array)
/usr/lib/gcc/arm-none-eabi/9.2.1/../../../arm-none-eabi/lib/thumb/v7e-m+fp/hard/libc_nano.a(lib_a-memcpy.o)
                              build/queue.o (memcpy)
/usr/lib/gcc/arm-none-eabi/9.2.1/../../../arm-none-eabi/lib/thumb/v7e-m+fp/hard/libc_nano.a(lib_a-memset.o)
                              /usr/lib/gcc/arm-none-eabi/9.2.1/../../../arm-none-eabi/lib/thumb/v7e-m+fp/hard/crt0.o (memset)
/usr/lib/gcc/arm-none-eabi/9.2.1/../../../arm-none-eabi/lib/thumb/v7e-m+fp/hard/libc_nano.a(lib_a-__atexit.o)
                              /usr/lib/gcc/arm-none-eabi/9.2.1/../../../arm-none-eabi/lib/thumb/v7e-m+fp/hard/libc_nano.a(lib_a-atexit.o) (__register_exitproc)
/usr/lib/gcc/arm-none-eabi/9.2.1/../../../arm-none-eabi/lib/thumb/v7e-m+fp/hard/libc_nano.a(lib_a-__call_atexit.o)
                              /usr/lib/gcc/arm-none-eabi/9.2.1/../../../arm-none-eabi/lib/thumb/v7e-m+fp/hard/libc_nano.a(lib_a-__atexit.o) (__call_exitprocs)
/usr/lib/gcc/arm-none-eabi/9.2.1/../../../arm-none-eabi/lib/thumb/v7e-m+fp/hard/libnosys.a(_exit.o)
                              /usr/lib/gcc/arm-none-eabi/9.2.1/../../../arm-none-eabi/lib/thumb/v7e-m+fp/hard/libc_nano.a(lib_a-exit.o) (_exit)
/usr/lib/gcc/arm-none-eabi/9.2.1/thumb/v7e-m+fp/hard/libgcc.a(_aeabi_uldivmod.o)
                              build/stm32f4xx_hal_rcc.o (__aeabi_uldivmod)
/usr/lib/gcc/arm-none-eabi/9.2.1/thumb/v7e-m+fp/hard/libgcc.a(_udivmoddi4.o)
                              /usr/lib/gcc/arm-none-eabi/9.2.1/thumb/v7e-m+fp/hard/libgcc.a(_aeabi_uldivmod.o) (__udivmoddi4)
/usr/lib/gcc/arm-none-eabi/9.2.1/thumb/v7e-m+fp/hard/libgcc.a(_dvmd_tls.o)
                              /usr/lib/gcc/arm-none-eabi/9.2.1/thumb/v7e-m+fp/hard/libgcc.a(_aeabi_uldivmod.o) (__aeabi_ldiv0)

Allocating common symbols
Common symbol       size              file

hdma_sdio_rx        0x60              build/main.o
retSD               0x1               build/fatfs.o
defaultTaskHandle   0x4               build/main.o
hdma_memtomem_dma2_stream0
                    0x60              build/main.o
uwTick              0x4               build/stm32f4xx_hal.o
xQueueRegistry      0x40              build/queue.o
pFlash              0x20              build/stm32f4xx_hal_flash.o
fatfsTaskHandle     0x4               build/main.o
huart1              0x40              build/main.o
hdac                0x14              build/main.o
SDPath              0x4               build/fatfs.o
hdma_sdio_tx        0x60              build/main.o
htim6               0x40              build/stm32f4xx_hal_timebase_tim.o
hrng                0x10              build/main.o
hsd                 0x84              build/main.o
SDFile              0x230             build/fatfs.o
htim7               0x40              build/main.o
SDFatFS             0x234             build/fatfs.o

Discarded input sections

 .text          0x0000000000000000        0x0 /usr/lib/gcc/arm-none-eabi/9.2.1/thumb/v7e-m+fp/hard/crti.o
 .data          0x0000000000000000        0x0 /usr/lib/gcc/arm-none-eabi/9.2.1/thumb/v7e-m+fp/hard/crti.o
 .bss           0x0000000000000000        0x0 /usr/lib/gcc/arm-none-eabi/9.2.1/thumb/v7e-m+fp/hard/crti.o
 .data          0x0000000000000000        0x4 /usr/lib/gcc/arm-none-eabi/9.2.1/thumb/v7e-m+fp/hard/crtbegin.o
 .text          0x0000000000000000       0x70 /usr/lib/gcc/arm-none-eabi/9.2.1/../../../arm-none-eabi/lib/thumb/v7e-m+fp/hard/crt0.o
 .data          0x0000000000000000        0x0 /usr/lib/gcc/arm-none-eabi/9.2.1/../../../arm-none-eabi/lib/thumb/v7e-m+fp/hard/crt0.o
 .bss           0x0000000000000000        0x0 /usr/lib/gcc/arm-none-eabi/9.2.1/../../../arm-none-eabi/lib/thumb/v7e-m+fp/hard/crt0.o
[...]
Memory Configuration

Name             Origin             Length             Attributes
RAM              0x0000000020000000 0x0000000000020000 xrw
CCMRAM           0x0000000010000000 0x0000000000010000 xrw
FLASH            0x0000000008000000 0x0000000000100000 xr
*default*        0x0000000000000000 0xffffffffffffffff

Linker script and memory map

LOAD /usr/lib/gcc/arm-none-eabi/9.2.1/thumb/v7e-m+fp/hard/crti.o
LOAD /usr/lib/gcc/arm-none-eabi/9.2.1/thumb/v7e-m+fp/hard/crtbegin.o
LOAD /usr/lib/gcc/arm-none-eabi/9.2.1/../../../arm-none-eabi/lib/thumb/v7e-m+fp/hard/crt0.o
LOAD build/main.o
LOAD build/freertos.o
LOAD build/stm32f4xx_it.o
LOAD build/stm32f4xx_hal_msp.o
LOAD build/bsp_driver_sd.o
LOAD build/sd_diskio.o
LOAD build/fatfs.o
LOAD build/stm32f4xx_hal_dac.o
LOAD build/stm32f4xx_hal_dac_ex.o
LOAD build/stm32f4xx_hal_rcc.o
LOAD build/stm32f4xx_hal_rcc_ex.o
LOAD build/stm32f4xx_hal_flash.o
LOAD build/stm32f4xx_hal_flash_ex.o
LOAD build/stm32f4xx_hal_flash_ramfunc.o
LOAD build/stm32f4xx_hal_gpio.o
LOAD build/stm32f4xx_hal_dma_ex.o
LOAD build/stm32f4xx_hal_dma.o
LOAD build/stm32f4xx_hal_pwr.o
LOAD build/stm32f4xx_hal_pwr_ex.o
LOAD build/stm32f4xx_hal_cortex.o
LOAD build/stm32f4xx_hal.o
LOAD build/stm32f4xx_hal_exti.o
LOAD build/stm32f4xx_hal_rng.o
LOAD build/stm32f4xx_ll_sdmmc.o
LOAD build/stm32f4xx_hal_sd.o
LOAD build/stm32f4xx_hal_tim.o
LOAD build/stm32f4xx_hal_tim_ex.o
LOAD build/stm32f4xx_hal_uart.o
LOAD build/system_stm32f4xx.o
LOAD build/diskio.o
LOAD build/ff.o
LOAD build/ff_gen_drv.o
LOAD build/syscall.o
LOAD build/croutine.o
LOAD build/event_groups.o
LOAD build/list.o
LOAD build/queue.o
LOAD build/stream_buffer.o
LOAD build/tasks.o
LOAD build/timers.o
LOAD build/cmsis_os2.o
LOAD build/heap_4.o
LOAD build/port.o
LOAD build/stm32f4xx_hal_timebase_tim.o
LOAD build/startup_stm32f407xx.o
LOAD /usr/lib/gcc/arm-none-eabi/9.2.1/../../../arm-none-eabi/lib/thumb/v7e-m+fp/hard/libc_nano.a
LOAD /usr/lib/gcc/arm-none-eabi/9.2.1/../../../arm-none-eabi/lib/thumb/v7e-m+fp/hard/libm.a
LOAD /usr/lib/gcc/arm-none-eabi/9.2.1/../../../arm-none-eabi/lib/thumb/v7e-m+fp/hard/libnosys.a
START GROUP
LOAD /usr/lib/gcc/arm-none-eabi/9.2.1/thumb/v7e-m+fp/hard/libgcc.a
LOAD /usr/lib/gcc/arm-none-eabi/9.2.1/../../../arm-none-eabi/lib/thumb/v7e-m+fp/hard/libc_nano.a
END GROUP
START GROUP
LOAD /usr/lib/gcc/arm-none-eabi/9.2.1/thumb/v7e-m+fp/hard/libgcc.a
LOAD /usr/lib/gcc/arm-none-eabi/9.2.1/../../../arm-none-eabi/lib/thumb/v7e-m+fp/hard/libc_nano.a
END GROUP
LOAD /usr/lib/gcc/arm-none-eabi/9.2.1/thumb/v7e-m+fp/hard/crtend.o
LOAD /usr/lib/gcc/arm-none-eabi/9.2.1/thumb/v7e-m+fp/hard/crtn.o
                0x0000000020020000                _estack = 0x20020000
                0x0000000000001000                _Min_Heap_Size = 0x1000
                0x0000000000002000                _Min_Stack_Size = 0x2000

.isr_vector     0x0000000008000000      0x188
                0x0000000008000000                . = ALIGN (0x4)
 *(.isr_vector)
 .isr_vector    0x0000000008000000      0x188 build/startup_stm32f407xx.o
                0x0000000008000000                g_pfnVectors
                0x0000000008000188                . = ALIGN (0x4)

.text           0x0000000008000190     0x740c
                0x0000000008000190                . = ALIGN (0x4)
 *(.text)
 .text          0x0000000008000190       0x88 /usr/lib/gcc/arm-none-eabi/9.2.1/thumb/v7e-m+fp/hard/crtbegin.o
 .text          0x0000000008000218       0x48 /usr/lib/gcc/arm-none-eabi/9.2.1/../../../arm-none-eabi/lib/thumb/v7e-m+fp/hard/libc_nano.a(lib_a-init.o)
                0x0000000008000218                __libc_init_array
 .text          0x0000000008000260      0x134 /usr/lib/gcc/arm-none-eabi/9.2.1/../../../arm-none-eabi/lib/thumb/v7e-m+fp/hard/libc_nano.a(lib_a-memcpy.o)
                0x0000000008000260                memcpy
 .text          0x0000000008000394       0xa0 /usr/lib/gcc/arm-none-eabi/9.2.1/../../../arm-none-eabi/lib/thumb/v7e-m+fp/hard/libc_nano.a(lib_a-memset.o)
                0x0000000008000394                memset
 .text          0x0000000008000434       0x30 /usr/lib/gcc/arm-none-eabi/9.2.1/thumb/v7e-m+fp/hard/libgcc.a(_aeabi_uldivmod.o)
                0x0000000008000434                __aeabi_uldivmod
 .text          0x0000000008000464      0x2c4 /usr/lib/gcc/arm-none-eabi/9.2.1/thumb/v7e-m+fp/hard/libgcc.a(_udivmoddi4.o)
                0x0000000008000464                __udivmoddi4
 .text          0x0000000008000728        0x4 /usr/lib/gcc/arm-none-eabi/9.2.1/thumb/v7e-m+fp/hard/libgcc.a(_dvmd_tls.o)
                0x0000000008000728                __aeabi_ldiv0
                0x0000000008000728                __aeabi_idiv0
 *(.text*)
 .text.MX_SDIO_SD_Init
                0x000000000800072c       0x20 build/main.o
 .text.MX_GPIO_Init
                0x000000000800074c       0xcc build/main.o
 .text.MX_DMA_Init
                0x0000000008000818       0x80 build/main.o
 .text.MX_USART1_UART_Init
                0x0000000008000898       0x2c build/main.o
 .text.MX_DAC_Init
                0x00000000080008c4       0x3c build/main.o
 .text.MX_RNG_Init
                0x0000000008000900       0x18 build/main.o
 .text.MX_TIM7_Init
                0x0000000008000918       0x3c build/main.o
 .text.fatfsTask
                0x0000000008000954       0xc8 build/main.o
                0x0000000008000954                fatfsTask
 .text.StartDefaultTask
                0x0000000008000a1c       0x18 build/main.o
                0x0000000008000a1c                StartDefaultTask
 .text.SystemClock_Config
                0x0000000008000a34       0x94 build/main.o
                0x0000000008000a34                SystemClock_Config
 .text.main     0x0000000008000ac8       0x68 build/main.o
                0x0000000008000ac8                main
 .text.HAL_TIM_PeriodElapsedCallback
                0x0000000008000b30       0x18 build/main.o
                0x0000000008000b30                HAL_TIM_PeriodElapsedCallback
 .text.Error_Handler
                0x0000000008000b48        0x2 build/main.o
                0x0000000008000b48                Error_Handler
 .text.NMI_Handler
                0x0000000008000b4a        0x2 build/stm32f4xx_it.o
                0x0000000008000b4a                NMI_Handler
 .text.HardFault_Handler
                0x0000000008000b4c        0x2 build/stm32f4xx_it.o
                0x0000000008000b4c                HardFault_Handler
 .text.MemManage_Handler
                0x0000000008000b4e        0x2 build/stm32f4xx_it.o
                0x0000000008000b4e                MemManage_Handler
 .text.BusFault_Handler
                0x0000000008000b50        0x2 build/stm32f4xx_it.o
                0x0000000008000b50                BusFault_Handler
 .text.UsageFault_Handler
                0x0000000008000b52        0x2 build/stm32f4xx_it.o
                0x0000000008000b52                UsageFault_Handler
 .text.DebugMon_Handler
                0x0000000008000b54        0x2 build/stm32f4xx_it.o
                0x0000000008000b54                DebugMon_Handler
 *fill*         0x0000000008000b56        0x2 
 .text.SDIO_IRQHandler
                0x0000000008000b58       0x10 build/stm32f4xx_it.o
                0x0000000008000b58                SDIO_IRQHandler
 .text.TIM6_DAC_IRQHandler
                0x0000000008000b68       0x18 build/stm32f4xx_it.o
                0x0000000008000b68                TIM6_DAC_IRQHandler
 .text.TIM7_IRQHandler
                0x0000000008000b80       0x10 build/stm32f4xx_it.o
                0x0000000008000b80                TIM7_IRQHandler
 .text.DMA2_Stream3_IRQHandler
                0x0000000008000b90       0x10 build/stm32f4xx_it.o
                0x0000000008000b90                DMA2_Stream3_IRQHandler
 .text.DMA2_Stream6_IRQHandler
                0x0000000008000ba0       0x10 build/stm32f4xx_it.o
                0x0000000008000ba0                DMA2_Stream6_IRQHandler
 .text.HAL_MspInit
                0x0000000008000bb0       0x44 build/stm32f4xx_hal_msp.o
                0x0000000008000bb0                HAL_MspInit
 .text.HAL_DAC_MspInit
                0x0000000008000bf4       0x78 build/stm32f4xx_hal_msp.o
                0x0000000008000bf4                HAL_DAC_MspInit
 .text.HAL_RNG_MspInit
                0x0000000008000c6c       0x30 build/stm32f4xx_hal_msp.o
                0x0000000008000c6c                HAL_RNG_MspInit
 .text.HAL_SD_MspInit
                0x0000000008000c9c      0x170 build/stm32f4xx_hal_msp.o
                0x0000000008000c9c                HAL_SD_MspInit
 .text.HAL_TIM_Base_MspInit
                0x0000000008000e0c       0x40 build/stm32f4xx_hal_msp.o
                0x0000000008000e0c                HAL_TIM_Base_MspInit
 .text.HAL_UART_MspInit
                0x0000000008000e4c       0x74 build/stm32f4xx_hal_msp.o
                0x0000000008000e4c                HAL_UART_MspInit
 .text.BSP_SD_ReadBlocks_DMA
                0x0000000008000ec0       0x18 build/bsp_driver_sd.o
                0x0000000008000ec0                BSP_SD_ReadBlocks_DMA
 .text.BSP_SD_WriteBlocks_DMA
                0x0000000008000ed8       0x18 build/bsp_driver_sd.o
                0x0000000008000ed8                BSP_SD_WriteBlocks_DMA
 .text.BSP_SD_GetCardState
                0x0000000008000ef0       0x14 build/bsp_driver_sd.o
                0x0000000008000ef0                BSP_SD_GetCardState
 .text.BSP_SD_GetCardInfo
                0x0000000008000f04       0x10 build/bsp_driver_sd.o
                0x0000000008000f04                BSP_SD_GetCardInfo
 .text.BSP_SD_AbortCallback
                0x0000000008000f14        0x2 build/bsp_driver_sd.o
                0x0000000008000f14                BSP_SD_AbortCallback
 .text.HAL_SD_AbortCallback
                0x0000000008000f16        0x8 build/bsp_driver_sd.o
                0x0000000008000f16                HAL_SD_AbortCallback
 .text.HAL_SD_TxCpltCallback
                0x0000000008000f1e        0x8 build/bsp_driver_sd.o
                0x0000000008000f1e                HAL_SD_TxCpltCallback
 .text.HAL_SD_RxCpltCallback
                0x0000000008000f26        0x8 build/bsp_driver_sd.o
                0x0000000008000f26                HAL_SD_RxCpltCallback
 .text.BSP_SD_IsDetected
                0x0000000008000f2e       0x10 build/bsp_driver_sd.o
                0x0000000008000f2e                BSP_SD_IsDetected
 *fill*         0x0000000008000f3e        0x2 
 .text.BSP_SD_Init
                0x0000000008000f40       0x1c build/bsp_driver_sd.o
                0x0000000008000f40                BSP_SD_Init
 .text.SD_CheckStatus
                0x0000000008000f5c       0x24 build/sd_diskio.o
 .text.SD_initialize
                0x0000000008000f80       0x68 build/sd_diskio.o
                0x0000000008000f80                SD_initialize
 .text.SD_status
                0x0000000008000fe8        0x8 build/sd_diskio.o
                0x0000000008000fe8                SD_status
 .text.SD_CheckStatusWithTimeout
                0x0000000008000ff0       0x26 build/sd_diskio.o
 *fill*         0x0000000008001016        0x2 
 .text.SD_read  0x0000000008001018       0x78 build/sd_diskio.o
                0x0000000008001018                SD_read
 .text.SD_write
                0x0000000008001090       0x78 build/sd_diskio.o
                0x0000000008001090                SD_write
 .text.SD_ioctl
                0x0000000008001108       0x58 build/sd_diskio.o
                0x0000000008001108                SD_ioctl
 .text.BSP_SD_WriteCpltCallback
                0x0000000008001160       0x24 build/sd_diskio.o
                0x0000000008001160                BSP_SD_WriteCpltCallback
 .text.BSP_SD_ReadCpltCallback
                0x0000000008001184       0x24 build/sd_diskio.o
                0x0000000008001184                BSP_SD_ReadCpltCallback
 .text.MX_FATFS_Init
                0x00000000080011a8       0x1c build/fatfs.o
                0x00000000080011a8                MX_FATFS_Init
 .text.get_fattime
                0x00000000080011c4        0x4 build/fatfs.o
                0x00000000080011c4                get_fattime
 .text.HAL_DAC_Init
                0x00000000080011c8       0x24 build/stm32f4xx_hal_dac.o
                0x00000000080011c8                HAL_DAC_Init
 .text.HAL_DAC_DMAUnderrunCallbackCh1
                0x00000000080011ec        0x2 build/stm32f4xx_hal_dac.o
                0x00000000080011ec                HAL_DAC_DMAUnderrunCallbackCh1
 .text.HAL_DAC_IRQHandler
                0x00000000080011ee       0x60 build/stm32f4xx_hal_dac.o
                0x00000000080011ee                HAL_DAC_IRQHandler
 .text.HAL_DAC_ConfigChannel
                0x000000000800124e       0x4a build/stm32f4xx_hal_dac.o
                0x000000000800124e                HAL_DAC_ConfigChannel
 .text.HAL_DACEx_DMAUnderrunCallbackCh2
                0x0000000008001298        0x2 build/stm32f4xx_hal_dac_ex.o
                0x0000000008001298                HAL_DACEx_DMAUnderrunCallbackCh2
 *fill*         0x000000000800129a        0x2 
 .text.HAL_RCC_OscConfig
                0x000000000800129c      0x3ec build/stm32f4xx_hal_rcc.o
                0x000000000800129c                HAL_RCC_OscConfig
 .text.HAL_RCC_GetSysClockFreq
                0x0000000008001688       0xcc build/stm32f4xx_hal_rcc.o
                0x0000000008001688                HAL_RCC_GetSysClockFreq
 .text.HAL_RCC_ClockConfig
                0x0000000008001754      0x160 build/stm32f4xx_hal_rcc.o
                0x0000000008001754                HAL_RCC_ClockConfig
 .text.HAL_RCC_GetHCLKFreq
                0x00000000080018b4        0xc build/stm32f4xx_hal_rcc.o
                0x00000000080018b4                HAL_RCC_GetHCLKFreq
 .text.HAL_RCC_GetPCLK1Freq
                0x00000000080018c0       0x20 build/stm32f4xx_hal_rcc.o
                0x00000000080018c0                HAL_RCC_GetPCLK1Freq
 .text.HAL_RCC_GetPCLK2Freq
                0x00000000080018e0       0x20 build/stm32f4xx_hal_rcc.o
                0x00000000080018e0                HAL_RCC_GetPCLK2Freq
 .text.HAL_RCC_GetClockConfig
                0x0000000008001900       0x3c build/stm32f4xx_hal_rcc.o
                0x0000000008001900                HAL_RCC_GetClockConfig
 .text.HAL_GPIO_Init
                0x000000000800193c      0x1cc build/stm32f4xx_hal_gpio.o
                0x000000000800193c                HAL_GPIO_Init
 .text.HAL_GPIO_WritePin
                0x0000000008001b08        0xc build/stm32f4xx_hal_gpio.o
                0x0000000008001b08                HAL_GPIO_WritePin
 .text.HAL_GPIO_TogglePin
                0x0000000008001b14       0x12 build/stm32f4xx_hal_gpio.o
                0x0000000008001b14                HAL_GPIO_TogglePin
 .text.DMA_SetConfig
                0x0000000008001b26       0x2c build/stm32f4xx_hal_dma.o
 *fill*         0x0000000008001b52        0x2 
 .text.DMA_CalcBaseAndBitshift
                0x0000000008001b54       0x44 build/stm32f4xx_hal_dma.o
 .text.DMA_CheckFifoParam
                0x0000000008001b98       0x8e build/stm32f4xx_hal_dma.o
 *fill*         0x0000000008001c26        0x2 
 .text.HAL_DMA_Init
                0x0000000008001c28       0xcc build/stm32f4xx_hal_dma.o
                0x0000000008001c28                HAL_DMA_Init
 .text.HAL_DMA_Start_IT
                0x0000000008001cf4       0x6a build/stm32f4xx_hal_dma.o
                0x0000000008001cf4                HAL_DMA_Start_IT
 .text.HAL_DMA_Abort_IT
                0x0000000008001d5e       0x26 build/stm32f4xx_hal_dma.o
                0x0000000008001d5e                HAL_DMA_Abort_IT
 .text.HAL_DMA_IRQHandler
                0x0000000008001d84      0x1dc build/stm32f4xx_hal_dma.o
                0x0000000008001d84                HAL_DMA_IRQHandler
 .text.HAL_DMA_GetError
                0x0000000008001f60        0x4 build/stm32f4xx_hal_dma.o
                0x0000000008001f60                HAL_DMA_GetError
 .text.HAL_NVIC_SetPriorityGrouping
                0x0000000008001f64       0x24 build/stm32f4xx_hal_cortex.o
                0x0000000008001f64                HAL_NVIC_SetPriorityGrouping
 .text.HAL_NVIC_SetPriority
                0x0000000008001f88       0x68 build/stm32f4xx_hal_cortex.o
                0x0000000008001f88                HAL_NVIC_SetPriority
 .text.HAL_NVIC_EnableIRQ
                0x0000000008001ff0       0x1c build/stm32f4xx_hal_cortex.o
                0x0000000008001ff0                HAL_NVIC_EnableIRQ
 .text.HAL_Init
                0x000000000800200c       0x34 build/stm32f4xx_hal.o
                0x000000000800200c                HAL_Init
 .text.HAL_IncTick
                0x0000000008002040       0x18 build/stm32f4xx_hal.o
                0x0000000008002040                HAL_IncTick
 .text.HAL_GetTick
                0x0000000008002058        0xc build/stm32f4xx_hal.o
                0x0000000008002058                HAL_GetTick
 .text.HAL_Delay
                0x0000000008002064       0x28 build/stm32f4xx_hal.o
                0x0000000008002064                HAL_Delay
 .text.HAL_RNG_Init
                0x000000000800208c       0x2e build/stm32f4xx_hal_rng.o
                0x000000000800208c                HAL_RNG_Init
 *fill*         0x00000000080020ba        0x2 
 .text.SDMMC_GetCmdError
                0x00000000080020bc       0x38 build/stm32f4xx_ll_sdmmc.o
 .text.SDMMC_GetCmdResp2
                0x00000000080020f4       0x5c build/stm32f4xx_ll_sdmmc.o
 .text.SDMMC_GetCmdResp3
                0x0000000008002150       0x4c build/stm32f4xx_ll_sdmmc.o
 .text.SDMMC_GetCmdResp7
                0x000000000800219c       0x64 build/stm32f4xx_ll_sdmmc.o
 .text.SDIO_Init
                0x0000000008002200       0x38 build/stm32f4xx_ll_sdmmc.o
                0x0000000008002200                SDIO_Init
 .text.SDIO_ReadFIFO
                0x0000000008002238        0x6 build/stm32f4xx_ll_sdmmc.o
                0x0000000008002238                SDIO_ReadFIFO
 .text.SDIO_WriteFIFO
                0x000000000800223e        0xa build/stm32f4xx_ll_sdmmc.o
                0x000000000800223e                SDIO_WriteFIFO
 .text.SDIO_PowerState_ON
                0x0000000008002248       0x10 build/stm32f4xx_ll_sdmmc.o
                0x0000000008002248                SDIO_PowerState_ON
 .text.SDIO_GetPowerState
                0x0000000008002258        0x8 build/stm32f4xx_ll_sdmmc.o
                0x0000000008002258                SDIO_GetPowerState
 .text.SDIO_SendCommand
                0x0000000008002260       0x24 build/stm32f4xx_ll_sdmmc.o
                0x0000000008002260                SDIO_SendCommand
 .text.SDIO_GetCommandResponse
                0x0000000008002284        0x6 build/stm32f4xx_ll_sdmmc.o
                0x0000000008002284                SDIO_GetCommandResponse
 .text.SDIO_GetResponse
                0x000000000800228a        0x6 build/stm32f4xx_ll_sdmmc.o
                0x000000000800228a                SDIO_GetResponse
 .text.SDMMC_GetCmdResp1
                0x0000000008002290      0x154 build/stm32f4xx_ll_sdmmc.o
 .text.SDMMC_GetCmdResp6
                0x00000000080023e4       0xa0 build/stm32f4xx_ll_sdmmc.o
 .text.SDIO_ConfigData
                0x0000000008002484       0x24 build/stm32f4xx_ll_sdmmc.o
                0x0000000008002484                SDIO_ConfigData
 .text.SDMMC_CmdBlockLength
                0x00000000080024a8       0x30 build/stm32f4xx_ll_sdmmc.o
                0x00000000080024a8                SDMMC_CmdBlockLength
 .text.SDMMC_CmdReadSingleBlock
                0x00000000080024d8       0x30 build/stm32f4xx_ll_sdmmc.o
                0x00000000080024d8                SDMMC_CmdReadSingleBlock
 .text.SDMMC_CmdReadMultiBlock
                0x0000000008002508       0x30 build/stm32f4xx_ll_sdmmc.o
                0x0000000008002508                SDMMC_CmdReadMultiBlock
 .text.SDMMC_CmdWriteSingleBlock
                0x0000000008002538       0x30 build/stm32f4xx_ll_sdmmc.o
                0x0000000008002538                SDMMC_CmdWriteSingleBlock
 .text.SDMMC_CmdWriteMultiBlock
                0x0000000008002568       0x30 build/stm32f4xx_ll_sdmmc.o
                0x0000000008002568                SDMMC_CmdWriteMultiBlock
 .text.SDMMC_CmdStopTransfer
                0x0000000008002598       0x34 build/stm32f4xx_ll_sdmmc.o
                0x0000000008002598                SDMMC_CmdStopTransfer
 .text.SDMMC_CmdSelDesel
                0x00000000080025cc       0x30 build/stm32f4xx_ll_sdmmc.o
                0x00000000080025cc                SDMMC_CmdSelDesel
 .text.SDMMC_CmdGoIdleState
                0x00000000080025fc       0x26 build/stm32f4xx_ll_sdmmc.o
                0x00000000080025fc                SDMMC_CmdGoIdleState
 .text.SDMMC_CmdOperCond
                0x0000000008002622       0x2e build/stm32f4xx_ll_sdmmc.o
                0x0000000008002622                SDMMC_CmdOperCond
 .text.SDMMC_CmdAppCommand
                0x0000000008002650       0x30 build/stm32f4xx_ll_sdmmc.o
                0x0000000008002650                SDMMC_CmdAppCommand
 .text.SDMMC_CmdAppOperCommand
                0x0000000008002680       0x32 build/stm32f4xx_ll_sdmmc.o
                0x0000000008002680                SDMMC_CmdAppOperCommand
 .text.SDMMC_CmdSendCID
                0x00000000080026b2       0x2a build/stm32f4xx_ll_sdmmc.o
                0x00000000080026b2                SDMMC_CmdSendCID
 .text.SDMMC_CmdSendCSD
                0x00000000080026dc       0x2a build/stm32f4xx_ll_sdmmc.o
                0x00000000080026dc                SDMMC_CmdSendCSD
 .text.SDMMC_CmdSetRelAdd
                0x0000000008002706       0x30 build/stm32f4xx_ll_sdmmc.o
                0x0000000008002706                SDMMC_CmdSetRelAdd
 .text.SDMMC_CmdSendStatus
                0x0000000008002736       0x30 build/stm32f4xx_ll_sdmmc.o
                0x0000000008002736                SDMMC_CmdSendStatus
 .text.SD_DMATransmitCplt
                0x0000000008002766        0xe build/stm32f4xx_hal_sd.o
 .text.SD_PowerON
                0x0000000008002774       0xc0 build/stm32f4xx_hal_sd.o
 .text.SD_Read_IT
                0x0000000008002834       0x36 build/stm32f4xx_hal_sd.o
 .text.SD_Write_IT
                0x000000000800286a       0x46 build/stm32f4xx_hal_sd.o
 .text.SD_SendStatus
                0x00000000080028b0       0x2c build/stm32f4xx_hal_sd.o
 .text.HAL_SD_ReadBlocks_DMA
                0x00000000080028dc      0x144 build/stm32f4xx_hal_sd.o
                0x00000000080028dc                HAL_SD_ReadBlocks_DMA
 .text.HAL_SD_WriteBlocks_DMA
                0x0000000008002a20      0x148 build/stm32f4xx_hal_sd.o
                0x0000000008002a20                HAL_SD_WriteBlocks_DMA
 .text.HAL_SD_ErrorCallback
                0x0000000008002b68        0x2 build/stm32f4xx_hal_sd.o
                0x0000000008002b68                HAL_SD_ErrorCallback
 .text.SD_DMAReceiveCplt
                0x0000000008002b6a       0x48 build/stm32f4xx_hal_sd.o
 *fill*         0x0000000008002bb2        0x2 
 .text.HAL_SD_GetCardCSD
                0x0000000008002bb4      0x1bc build/stm32f4xx_hal_sd.o
                0x0000000008002bb4                HAL_SD_GetCardCSD
 .text.SD_InitCard
                0x0000000008002d70      0x100 build/stm32f4xx_hal_sd.o
 .text.HAL_SD_InitCard
                0x0000000008002e70       0x78 build/stm32f4xx_hal_sd.o
                0x0000000008002e70                HAL_SD_InitCard
 .text.HAL_SD_Init
                0x0000000008002ee8       0x36 build/stm32f4xx_hal_sd.o
                0x0000000008002ee8                HAL_SD_Init
 .text.HAL_SD_GetCardInfo
                0x0000000008002f1e       0x24 build/stm32f4xx_hal_sd.o
                0x0000000008002f1e                HAL_SD_GetCardInfo
 .text.HAL_SD_GetCardState
                0x0000000008002f42       0x22 build/stm32f4xx_hal_sd.o
                0x0000000008002f42                HAL_SD_GetCardState
 .text.SD_DMAError
                0x0000000008002f64       0x68 build/stm32f4xx_hal_sd.o
 .text.SD_DMATxAbort
                0x0000000008002fcc       0x44 build/stm32f4xx_hal_sd.o
 .text.SD_DMARxAbort
                0x0000000008003010       0x44 build/stm32f4xx_hal_sd.o
 .text.HAL_SD_IRQHandler
                0x0000000008003054      0x1e0 build/stm32f4xx_hal_sd.o
                0x0000000008003054                HAL_SD_IRQHandler
 .text.HAL_TIM_Base_Start_IT
                0x0000000008003234       0x22 build/stm32f4xx_hal_tim.o
                0x0000000008003234                HAL_TIM_Base_Start_IT
 .text.HAL_TIM_OC_DelayElapsedCallback
                0x0000000008003256        0x2 build/stm32f4xx_hal_tim.o
                0x0000000008003256                HAL_TIM_OC_DelayElapsedCallback
 .text.HAL_TIM_IC_CaptureCallback
                0x0000000008003258        0x2 build/stm32f4xx_hal_tim.o
                0x0000000008003258                HAL_TIM_IC_CaptureCallback
 .text.HAL_TIM_PWM_PulseFinishedCallback
                0x000000000800325a        0x2 build/stm32f4xx_hal_tim.o
                0x000000000800325a                HAL_TIM_PWM_PulseFinishedCallback
 .text.HAL_TIM_TriggerCallback
                0x000000000800325c        0x2 build/stm32f4xx_hal_tim.o
                0x000000000800325c                HAL_TIM_TriggerCallback
 .text.HAL_TIM_IRQHandler
                0x000000000800325e      0x17a build/stm32f4xx_hal_tim.o
                0x000000000800325e                HAL_TIM_IRQHandler
 .text.TIM_Base_SetConfig
                0x00000000080033d8       0xc8 build/stm32f4xx_hal_tim.o
                0x00000000080033d8                TIM_Base_SetConfig
 .text.HAL_TIM_Base_Init
                0x00000000080034a0       0x34 build/stm32f4xx_hal_tim.o
                0x00000000080034a0                HAL_TIM_Base_Init
 .text.HAL_TIMEx_MasterConfigSynchronization
                0x00000000080034d4       0x88 build/stm32f4xx_hal_tim_ex.o
                0x00000000080034d4                HAL_TIMEx_MasterConfigSynchronization
 .text.HAL_TIMEx_CommutCallback
                0x000000000800355c        0x2 build/stm32f4xx_hal_tim_ex.o
                0x000000000800355c                HAL_TIMEx_CommutCallback
 .text.HAL_TIMEx_BreakCallback
                0x000000000800355e        0x2 build/stm32f4xx_hal_tim_ex.o
                0x000000000800355e                HAL_TIMEx_BreakCallback
 .text.UART_SetConfig
                0x0000000008003560      0x1e8 build/stm32f4xx_hal_uart.o
 .text.HAL_UART_Init
                0x0000000008003748       0x5e build/stm32f4xx_hal_uart.o
                0x0000000008003748                HAL_UART_Init
 *fill*         0x00000000080037a6        0x2 
 .text.SystemInit
                0x00000000080037a8       0x1c build/system_stm32f4xx.o
                0x00000000080037a8                SystemInit
 .text.disk_status
                0x00000000080037c4       0x18 build/diskio.o
                0x00000000080037c4                disk_status
 .text.disk_initialize
                0x00000000080037dc       0x28 build/diskio.o
                0x00000000080037dc                disk_initialize
 .text.disk_read
                0x0000000008003804       0x18 build/diskio.o
                0x0000000008003804                disk_read
 .text.disk_write
                0x000000000800381c       0x18 build/diskio.o
                0x000000000800381c                disk_write
 .text.disk_ioctl
                0x0000000008003834       0x18 build/diskio.o
                0x0000000008003834                disk_ioctl
 .text.ld_word  0x000000000800384c        0xa build/ff.o
 .text.ld_dword
                0x0000000008003856       0x16 build/ff.o
 .text.st_word  0x000000000800386c        0x8 build/ff.o
 .text.st_dword
                0x0000000008003874       0x14 build/ff.o
 .text.mem_cpy  0x0000000008003888       0x18 build/ff.o
 .text.mem_set  0x00000000080038a0        0xa build/ff.o
 .text.mem_cmp  0x00000000080038aa       0x1c build/ff.o
 .text.chk_chr  0x00000000080038c6       0x10 build/ff.o
 *fill*         0x00000000080038d6        0x2 
 .text.chk_lock
                0x00000000080038d8       0x74 build/ff.o
 .text.enq_lock
                0x000000000800394c       0x20 build/ff.o
 .text.inc_lock
                0x000000000800396c       0xa4 build/ff.o
 .text.dec_lock
                0x0000000008003a10       0x40 build/ff.o
 .text.clear_lock
                0x0000000008003a50       0x3c build/ff.o
 .text.clust2sect
                0x0000000008003a8c       0x18 build/ff.o
 .text.clmt_clust
                0x0000000008003aa4       0x22 build/ff.o
 .text.ld_clust
                0x0000000008003ac6       0x26 build/ff.o
 .text.st_clust
                0x0000000008003aec       0x26 build/ff.o
 *fill*         0x0000000008003b12        0x2 
 .text.create_name
                0x0000000008003b14       0xcc build/ff.o
 .text.get_ldnumber
                0x0000000008003be0       0x54 build/ff.o
 .text.lock_fs  0x0000000008003c34       0x14 build/ff.o
 .text.sync_window
                0x0000000008003c48       0x52 build/ff.o
 .text.move_window
                0x0000000008003c9a       0x36 build/ff.o
 .text.check_fs
                0x0000000008003cd0       0x78 build/ff.o
 .text.find_volume
                0x0000000008003d48      0x310 build/ff.o
 .text.put_fat  0x0000000008004058      0x10e build/ff.o
 .text.get_fat  0x0000000008004166       0xd0 build/ff.o
 .text.dir_sdi  0x0000000008004236       0xac build/ff.o
 .text.create_chain
                0x00000000080042e2       0xcc build/ff.o
 .text.remove_chain
                0x00000000080043ae       0x7e build/ff.o
 .text.dir_next
                0x000000000800442c      0x108 build/ff.o
 .text.dir_find
                0x0000000008004534       0x5a build/ff.o
 .text.follow_path
                0x000000000800458e       0x8e build/ff.o
 .text.dir_alloc
                0x000000000800461c       0x50 build/ff.o
 .text.dir_register
                0x000000000800466c       0x3e build/ff.o
 .text.unlock_fs
                0x00000000080046aa       0x1c build/ff.o
 .text.validate
                0x00000000080046c6       0x5c build/ff.o
 *fill*         0x0000000008004722        0x2 
 .text.sync_fs  0x0000000008004724       0x8c build/ff.o
 .text.f_mount  0x00000000080047b0       0x84 build/ff.o
                0x00000000080047b0                f_mount
 .text.f_open   0x0000000008004834      0x22e build/ff.o
                0x0000000008004834                f_open
 .text.f_write  0x0000000008004a62      0x218 build/ff.o
                0x0000000008004a62                f_write
 .text.f_sync   0x0000000008004c7a       0xb0 build/ff.o
                0x0000000008004c7a                f_sync
 .text.f_close  0x0000000008004d2a       0x3a build/ff.o
                0x0000000008004d2a                f_close
 .text.FATFS_LinkDriverEx
                0x0000000008004d64       0x48 build/ff_gen_drv.o
                0x0000000008004d64                FATFS_LinkDriverEx
 .text.FATFS_LinkDriver
                0x0000000008004dac        0xa build/ff_gen_drv.o
                0x0000000008004dac                FATFS_LinkDriver
 .text.ff_cre_syncobj
                0x0000000008004db6       0x18 build/syscall.o
                0x0000000008004db6                ff_cre_syncobj
 .text.ff_del_syncobj
                0x0000000008004dce        0xa build/syscall.o
                0x0000000008004dce                ff_del_syncobj
 .text.ff_req_grant
                0x0000000008004dd8       0x14 build/syscall.o
                0x0000000008004dd8                ff_req_grant
 .text.ff_rel_grant
                0x0000000008004dec        0x8 build/syscall.o
                0x0000000008004dec                ff_rel_grant
 .text.vListInitialise
                0x0000000008004df4       0x16 build/list.o
                0x0000000008004df4                vListInitialise
 .text.vListInitialiseItem
                0x0000000008004e0a        0x6 build/list.o
                0x0000000008004e0a                vListInitialiseItem
 .text.vListInsertEnd
                0x0000000008004e10       0x16 build/list.o
                0x0000000008004e10                vListInsertEnd
 .text.vListInsert
                0x0000000008004e26       0x32 build/list.o
                0x0000000008004e26                vListInsert
 .text.uxListRemove
                0x0000000008004e58       0x26 build/list.o
                0x0000000008004e58                uxListRemove
 .text.prvGetDisinheritPriorityAfterTimeout
                0x0000000008004e7e       0x10 build/queue.o
 .text.prvIsQueueFull
                0x0000000008004e8e       0x1e build/queue.o
 .text.prvIsQueueEmpty
                0x0000000008004eac       0x1a build/queue.o
 .text.prvCopyDataToQueue
                0x0000000008004ec6       0x76 build/queue.o
 .text.prvCopyDataFromQueue
                0x0000000008004f3c       0x24 build/queue.o
 .text.prvUnlockQueue
                0x0000000008004f60       0x6e build/queue.o
 *fill*         0x0000000008004fce        0x2 
 .text.xQueueGenericReset
                0x0000000008004fd0       0x84 build/queue.o
                0x0000000008004fd0                xQueueGenericReset
 .text.prvInitialiseNewQueue
                0x0000000008005054       0x22 build/queue.o
 .text.xQueueGenericCreateStatic
                0x0000000008005076       0x94 build/queue.o
                0x0000000008005076                xQueueGenericCreateStatic
 .text.xQueueGenericCreate
                0x000000000800510a       0x4e build/queue.o
                0x000000000800510a                xQueueGenericCreate
 .text.xQueueCreateCountingSemaphoreStatic
                0x0000000008005158       0x4a build/queue.o
                0x0000000008005158                xQueueCreateCountingSemaphoreStatic
 .text.xQueueCreateCountingSemaphore
                0x00000000080051a2       0x40 build/queue.o
                0x00000000080051a2                xQueueCreateCountingSemaphore
 *fill*         0x00000000080051e2        0x2 
 .text.xQueueGenericSend
                0x00000000080051e4      0x180 build/queue.o
                0x00000000080051e4                xQueueGenericSend
 .text.xQueueGenericSendFromISR
                0x0000000008005364       0xce build/queue.o
                0x0000000008005364                xQueueGenericSendFromISR
 .text.xQueueGiveFromISR
                0x0000000008005432       0xb2 build/queue.o
                0x0000000008005432                xQueueGiveFromISR
 .text.xQueueReceive
                0x00000000080054e4      0x15c build/queue.o
                0x00000000080054e4                xQueueReceive
 .text.xQueueSemaphoreTake
                0x0000000008005640      0x1a4 build/queue.o
                0x0000000008005640                xQueueSemaphoreTake
 .text.xQueueReceiveFromISR
                0x00000000080057e4       0xac build/queue.o
                0x00000000080057e4                xQueueReceiveFromISR
 .text.vQueueAddToRegistry
                0x0000000008005890       0x28 build/queue.o
                0x0000000008005890                vQueueAddToRegistry
 .text.vQueueUnregisterQueue
                0x00000000080058b8       0x2c build/queue.o
                0x00000000080058b8                vQueueUnregisterQueue
 .text.vQueueDelete
                0x00000000080058e4       0x2c build/queue.o
                0x00000000080058e4                vQueueDelete
 .text.vQueueWaitForMessageRestricted
                0x0000000008005910       0x52 build/queue.o
                0x0000000008005910                vQueueWaitForMessageRestricted
 *fill*         0x0000000008005962        0x2 
 .text.prvResetNextTaskUnblockTime
                0x0000000008005964       0x2c build/tasks.o
 .text.prvInitialiseNewTask
                0x0000000008005990       0x9a build/tasks.o
 *fill*         0x0000000008005a2a        0x2 
 .text.prvInitialiseTaskLists
                0x0000000008005a2c       0x68 build/tasks.o
 .text.prvAddNewTaskToReadyList
                0x0000000008005a94       0xac build/tasks.o
 .text.prvDeleteTCB
                0x0000000008005b40       0x38 build/tasks.o
 .text.prvCheckTasksWaitingTermination
                0x0000000008005b78       0x4c build/tasks.o
 .text.prvIdleTask
                0x0000000008005bc4       0x28 build/tasks.o
 .text.prvAddCurrentTaskToDelayedList
                0x0000000008005bec       0x7c build/tasks.o
 .text.xTaskCreateStatic
                0x0000000008005c68       0x74 build/tasks.o
                0x0000000008005c68                xTaskCreateStatic
 .text.xTaskCreate
                0x0000000008005cdc       0x68 build/tasks.o
                0x0000000008005cdc                xTaskCreate
 .text.vTaskStartScheduler
                0x0000000008005d44       0x94 build/tasks.o
                0x0000000008005d44                vTaskStartScheduler
 .text.vTaskSuspendAll
                0x0000000008005dd8       0x10 build/tasks.o
                0x0000000008005dd8                vTaskSuspendAll
 .text.xTaskGetTickCount
                0x0000000008005de8        0xc build/tasks.o
                0x0000000008005de8                xTaskGetTickCount
 .text.xTaskGetTickCountFromISR
                0x0000000008005df4       0x10 build/tasks.o
                0x0000000008005df4                xTaskGetTickCountFromISR
 .text.xTaskIncrementTick
                0x0000000008005e04      0x118 build/tasks.o
                0x0000000008005e04                xTaskIncrementTick
 .text.xTaskResumeAll
                0x0000000008005f1c       0xf8 build/tasks.o
                0x0000000008005f1c                xTaskResumeAll
 .text.vTaskDelay
                0x0000000008006014       0x4c build/tasks.o
                0x0000000008006014                vTaskDelay
 .text.vTaskSwitchContext
                0x0000000008006060       0x98 build/tasks.o
                0x0000000008006060                vTaskSwitchContext
 .text.vTaskPlaceOnEventList
                0x00000000080060f8       0x30 build/tasks.o
                0x00000000080060f8                vTaskPlaceOnEventList
 .text.vTaskPlaceOnEventListRestricted
                0x0000000008006128       0x38 build/tasks.o
                0x0000000008006128                vTaskPlaceOnEventListRestricted
 .text.xTaskRemoveFromEventList
                0x0000000008006160       0x8c build/tasks.o
                0x0000000008006160                xTaskRemoveFromEventList
 .text.vTaskInternalSetTimeOutState
                0x00000000080061ec       0x18 build/tasks.o
                0x00000000080061ec                vTaskInternalSetTimeOutState
 .text.xTaskCheckForTimeOut
                0x0000000008006204       0x84 build/tasks.o
                0x0000000008006204                xTaskCheckForTimeOut
 .text.vTaskMissedYield
                0x0000000008006288        0xc build/tasks.o
                0x0000000008006288                vTaskMissedYield
 .text.xTaskGetSchedulerState
                0x0000000008006294       0x20 build/tasks.o
                0x0000000008006294                xTaskGetSchedulerState
 .text.xTaskPriorityInherit
                0x00000000080062b4       0x98 build/tasks.o
                0x00000000080062b4                xTaskPriorityInherit
 .text.xTaskPriorityDisinherit
                0x000000000800634c       0x90 build/tasks.o
                0x000000000800634c                xTaskPriorityDisinherit
 .text.vTaskPriorityDisinheritAfterTimeout
                0x00000000080063dc       0xa4 build/tasks.o
                0x00000000080063dc                vTaskPriorityDisinheritAfterTimeout
 .text.pvTaskIncrementMutexHeldCount
                0x0000000008006480       0x1c build/tasks.o
                0x0000000008006480                pvTaskIncrementMutexHeldCount
 .text.prvGetNextExpireTime
                0x000000000800649c       0x20 build/timers.o
 .text.prvInsertTimerInActiveList
                0x00000000080064bc       0x48 build/timers.o
 .text.prvCheckForValidListAndQueue
                0x0000000008006504       0x70 build/timers.o
 .text.xTimerCreateTimerTask
                0x0000000008006574       0x64 build/timers.o
                0x0000000008006574                xTimerCreateTimerTask
 .text.xTimerGenericCommand
                0x00000000080065d8       0x6c build/timers.o
                0x00000000080065d8                xTimerGenericCommand
 .text.prvSwitchTimerLists
                0x0000000008006644       0x7c build/timers.o
 .text.prvSampleTimeNow
                0x00000000080066c0       0x2c build/timers.o
 .text.prvProcessExpiredTimer
                0x00000000080066ec       0x6c build/timers.o
 .text.prvProcessTimerOrBlockTask
                0x0000000008006758       0x74 build/timers.o
 .text.prvProcessReceivedCommands
                0x00000000080067cc      0x10c build/timers.o
 .text.prvTimerTask
                0x00000000080068d8       0x16 build/timers.o
 *fill*         0x00000000080068ee        0x2 
 .text.osKernelInitialize
                0x00000000080068f0       0x3c build/cmsis_os2.o
                0x00000000080068f0                osKernelInitialize
 .text.osKernelGetState
                0x000000000800692c       0x24 build/cmsis_os2.o
                0x000000000800692c                osKernelGetState
 .text.osKernelStart
                0x0000000008006950       0x48 build/cmsis_os2.o
                0x0000000008006950                osKernelStart
 .text.osKernelGetTickCount
                0x0000000008006998       0x2c build/cmsis_os2.o
                0x0000000008006998                osKernelGetTickCount
 .text.osThreadNew
                0x00000000080069c4       0xd8 build/cmsis_os2.o
                0x00000000080069c4                osThreadNew
 .text.osDelay  0x0000000008006a9c       0x3c build/cmsis_os2.o
                0x0000000008006a9c                osDelay
 .text.osSemaphoreNew
                0x0000000008006ad8       0xd0 build/cmsis_os2.o
                0x0000000008006ad8                osSemaphoreNew
 .text.osSemaphoreAcquire
                0x0000000008006ba8       0x88 build/cmsis_os2.o
                0x0000000008006ba8                osSemaphoreAcquire
 .text.osSemaphoreRelease
                0x0000000008006c30       0x7c build/cmsis_os2.o
                0x0000000008006c30                osSemaphoreRelease
 .text.osSemaphoreDelete
                0x0000000008006cac       0x48 build/cmsis_os2.o
                0x0000000008006cac                osSemaphoreDelete
 .text.osMessageQueueNew
                0x0000000008006cf4       0xb4 build/cmsis_os2.o
                0x0000000008006cf4                osMessageQueueNew
 .text.osMessageQueuePut
                0x0000000008006da8       0x9c build/cmsis_os2.o
                0x0000000008006da8                osMessageQueuePut
 .text.osMessageQueueGet
                0x0000000008006e44       0x9c build/cmsis_os2.o
                0x0000000008006e44                osMessageQueueGet
 .text.vApplicationGetIdleTaskMemory
                0x0000000008006ee0       0x18 build/cmsis_os2.o
                0x0000000008006ee0                vApplicationGetIdleTaskMemory
 .text.vApplicationGetTimerTaskMemory
                0x0000000008006ef8       0x18 build/cmsis_os2.o
                0x0000000008006ef8                vApplicationGetTimerTaskMemory
 .text.prvHeapInit
                0x0000000008006f10       0x64 build/heap_4.o
 .text.prvInsertBlockIntoFreeList
                0x0000000008006f74       0x58 build/heap_4.o
 .text.pvPortMalloc
                0x0000000008006fcc       0xf0 build/heap_4.o
                0x0000000008006fcc                pvPortMalloc
 .text.vPortFree
                0x00000000080070bc       0x70 build/heap_4.o
                0x00000000080070bc                vPortFree
 .text.prvTaskExitError
                0x000000000800712c       0x40 build/port.o
 .text.prvPortStartFirstTask
                0x000000000800716c       0x28 build/port.o
 .text.vPortEnableVFP
                0x0000000008007194       0x14 build/port.o
 .text.pxPortInitialiseStack
                0x00000000080071a8       0x2c build/port.o
                0x00000000080071a8                pxPortInitialiseStack
 *fill*         0x00000000080071d4        0xc 
 .text.SVC_Handler
                0x00000000080071e0       0x24 build/port.o
                0x00000000080071e0                SVC_Handler
 .text.vPortEnterCritical
                0x0000000008007204       0x44 build/port.o
                0x0000000008007204                vPortEnterCritical
 .text.vPortExitCritical
                0x0000000008007248       0x2c build/port.o
                0x0000000008007248                vPortExitCritical
 *fill*         0x0000000008007274        0xc 
 .text.PendSV_Handler
                0x0000000008007280       0x64 build/port.o
                0x0000000008007280                PendSV_Handler
 .text.SysTick_Handler
                0x00000000080072e4       0x2c build/port.o
                0x00000000080072e4                SysTick_Handler
 .text.vPortSetupTimerInterrupt
                0x0000000008007310       0x38 build/port.o
                0x0000000008007310                vPortSetupTimerInterrupt
 .text.xPortStartScheduler
                0x0000000008007348      0x110 build/port.o
                0x0000000008007348                xPortStartScheduler
 .text.vPortValidateInterruptPriority
                0x0000000008007458       0x5c build/port.o
                0x0000000008007458                vPortValidateInterruptPriority
 .text.HAL_InitTick
                0x00000000080074b4       0x7c build/stm32f4xx_hal_timebase_tim.o
                0x00000000080074b4                HAL_InitTick
 .text.Reset_Handler
                0x0000000008007530       0x50 build/startup_stm32f407xx.o
                0x0000000008007530                Reset_Handler
 .text.Default_Handler
                0x0000000008007580        0x2 build/startup_stm32f407xx.o
                0x0000000008007580                RTC_Alarm_IRQHandler
                0x0000000008007580                HASH_RNG_IRQHandler
                0x0000000008007580                EXTI2_IRQHandler
                0x0000000008007580                TIM8_CC_IRQHandler
                0x0000000008007580                TIM1_CC_IRQHandler
                0x0000000008007580                DMA2_Stream5_IRQHandler
                0x0000000008007580                DMA1_Stream5_IRQHandler
                0x0000000008007580                PVD_IRQHandler
                0x0000000008007580                TAMP_STAMP_IRQHandler
                0x0000000008007580                CAN2_RX1_IRQHandler
                0x0000000008007580                EXTI3_IRQHandler
                0x0000000008007580                TIM8_TRG_COM_TIM14_IRQHandler
                0x0000000008007580                TIM1_UP_TIM10_IRQHandler
                0x0000000008007580                TIM8_UP_TIM13_IRQHandler
                0x0000000008007580                I2C3_ER_IRQHandler
                0x0000000008007580                EXTI0_IRQHandler
                0x0000000008007580                I2C2_EV_IRQHandler
                0x0000000008007580                DMA1_Stream2_IRQHandler
                0x0000000008007580                CAN1_RX0_IRQHandler
                0x0000000008007580                FPU_IRQHandler
                0x0000000008007580                OTG_HS_WKUP_IRQHandler
                0x0000000008007580                CAN2_SCE_IRQHandler
                0x0000000008007580                DMA2_Stream2_IRQHandler
                0x0000000008007580                SPI1_IRQHandler
                0x0000000008007580                TIM1_BRK_TIM9_IRQHandler
                0x0000000008007580                DCMI_IRQHandler
                0x0000000008007580                CAN2_RX0_IRQHandler
                0x0000000008007580                USART6_IRQHandler
                0x0000000008007580                USART3_IRQHandler
                0x0000000008007580                CAN1_RX1_IRQHandler
                0x0000000008007580                UART5_IRQHandler
                0x0000000008007580                DMA2_Stream0_IRQHandler
                0x0000000008007580                TIM4_IRQHandler
                0x0000000008007580                I2C1_EV_IRQHandler
                0x0000000008007580                DMA1_Stream6_IRQHandler
                0x0000000008007580                DMA1_Stream1_IRQHandler
                0x0000000008007580                UART4_IRQHandler
                0x0000000008007580                TIM3_IRQHandler
                0x0000000008007580                RCC_IRQHandler
                0x0000000008007580                TIM8_BRK_TIM12_IRQHandler
                0x0000000008007580                Default_Handler
                0x0000000008007580                EXTI15_10_IRQHandler
                0x0000000008007580                ADC_IRQHandler
                0x0000000008007580                DMA1_Stream7_IRQHandler
                0x0000000008007580                CAN2_TX_IRQHandler
                0x0000000008007580                TIM5_IRQHandler
                0x0000000008007580                DMA2_Stream7_IRQHandler
                0x0000000008007580                I2C3_EV_IRQHandler
                0x0000000008007580                EXTI9_5_IRQHandler
                0x0000000008007580                RTC_WKUP_IRQHandler
                0x0000000008007580                ETH_WKUP_IRQHandler
                0x0000000008007580                SPI2_IRQHandler
                0x0000000008007580                OTG_HS_EP1_IN_IRQHandler
                0x0000000008007580                DMA1_Stream0_IRQHandler
                0x0000000008007580                CAN1_TX_IRQHandler
                0x0000000008007580                EXTI4_IRQHandler
                0x0000000008007580                FSMC_IRQHandler
                0x0000000008007580                ETH_IRQHandler
                0x0000000008007580                OTG_HS_EP1_OUT_IRQHandler
                0x0000000008007580                WWDG_IRQHandler
                0x0000000008007580                TIM2_IRQHandler
                0x0000000008007580                OTG_FS_WKUP_IRQHandler
                0x0000000008007580                TIM1_TRG_COM_TIM11_IRQHandler
                0x0000000008007580                OTG_HS_IRQHandler
                0x0000000008007580                EXTI1_IRQHandler
                0x0000000008007580                USART2_IRQHandler
                0x0000000008007580                I2C2_ER_IRQHandler
                0x0000000008007580                DMA2_Stream1_IRQHandler
                0x0000000008007580                CAN1_SCE_IRQHandler
                0x0000000008007580                FLASH_IRQHandler
                0x0000000008007580                DMA2_Stream4_IRQHandler
                0x0000000008007580                USART1_IRQHandler
                0x0000000008007580                OTG_FS_IRQHandler
                0x0000000008007580                SPI3_IRQHandler
                0x0000000008007580                DMA1_Stream4_IRQHandler
                0x0000000008007580                I2C1_ER_IRQHandler
                0x0000000008007580                DMA1_Stream3_IRQHandler
 *(.glue_7)
 .glue_7        0x0000000008007582        0x0 linker stubs
 *(.glue_7t)
 .glue_7t       0x0000000008007582        0x0 linker stubs
 *(.eh_frame)
 *fill*         0x0000000008007582        0x2 
 .eh_frame      0x0000000008007584        0x0 /usr/lib/gcc/arm-none-eabi/9.2.1/thumb/v7e-m+fp/hard/crtbegin.o
 *(.init)
 .init          0x0000000008007584        0x4 /usr/lib/gcc/arm-none-eabi/9.2.1/thumb/v7e-m+fp/hard/crti.o
                0x0000000008007584                _init
 .init          0x0000000008007588        0x8 /usr/lib/gcc/arm-none-eabi/9.2.1/thumb/v7e-m+fp/hard/crtn.o
 *(.fini)
 .fini          0x0000000008007590        0x4 /usr/lib/gcc/arm-none-eabi/9.2.1/thumb/v7e-m+fp/hard/crti.o
                0x0000000008007590                _fini
 .fini          0x0000000008007594        0x8 /usr/lib/gcc/arm-none-eabi/9.2.1/thumb/v7e-m+fp/hard/crtn.o
                0x000000000800759c                . = ALIGN (0x4)
                0x000000000800759c                _etext = .

.vfp11_veneer   0x000000000800759c        0x0
 .vfp11_veneer  0x000000000800759c        0x0 linker stubs

.v4_bx          0x000000000800759c        0x0
 .v4_bx         0x000000000800759c        0x0 linker stubs

.iplt           0x000000000800759c        0x0
 .iplt          0x000000000800759c        0x0 /usr/lib/gcc/arm-none-eabi/9.2.1/thumb/v7e-m+fp/hard/crtbegin.o

.rodata         0x000000000800759c      0x12c
                0x000000000800759c                . = ALIGN (0x4)
 *(.rodata)
 *(.rodata*)
 .rodata.fatfsTask.str1.4
                0x000000000800759c       0x20 build/main.o
 .rodata.str1.4
                0x00000000080075bc        0xc build/main.o
 .rodata.defaultTask_attributes
                0x00000000080075c8       0x24 build/main.o
                0x00000000080075c8                defaultTask_attributes
 .rodata.SD_Driver
                0x00000000080075ec       0x14 build/sd_diskio.o
                0x00000000080075ec                SD_Driver
 .rodata.flagBitshiftOffset.8676
                0x0000000008007600        0x8 build/stm32f4xx_hal_dma.o
 .rodata.AHBPrescTable
                0x0000000008007608       0x10 build/system_stm32f4xx.o
                0x0000000008007608                AHBPrescTable
 .rodata.APBPrescTable
                0x0000000008007618        0x8 build/system_stm32f4xx.o
                0x0000000008007618                APBPrescTable
 .rodata.create_name.str1.4
                0x0000000008007620        0xf build/ff.o
 *fill*         0x000000000800762f        0x1 
 .rodata.ExCvt  0x0000000008007630       0x80 build/ff.o
 .rodata.vTaskStartScheduler.str1.4
                0x00000000080076b0        0x5 build/tasks.o
 *fill*         0x00000000080076b5        0x3 
 .rodata.prvCheckForValidListAndQueue.str1.4
                0x00000000080076b8        0x5 build/timers.o
 *fill*         0x00000000080076bd        0x3 
 .rodata.xTimerCreateTimerTask.str1.4
                0x00000000080076c0        0x8 build/timers.o
                0x00000000080076c8                . = ALIGN (0x4)

.ARM.extab
 *(.ARM.extab* .gnu.linkonce.armextab.*)

.ARM            0x00000000080076c8        0x8
                0x00000000080076c8                __exidx_start = .
 *(.ARM.exidx*)
 .ARM.exidx     0x00000000080076c8        0x8 /usr/lib/gcc/arm-none-eabi/9.2.1/thumb/v7e-m+fp/hard/libgcc.a(_udivmoddi4.o)
                0x00000000080076d0                __exidx_end = .

.rel.dyn        0x00000000080076d0        0x0
 .rel.iplt      0x00000000080076d0        0x0 /usr/lib/gcc/arm-none-eabi/9.2.1/thumb/v7e-m+fp/hard/crtbegin.o

.preinit_array  0x00000000080076d0        0x0
                0x00000000080076d0                PROVIDE (__preinit_array_start = .)
 *(.preinit_array*)
                0x00000000080076d0                PROVIDE (__preinit_array_end = .)

.init_array     0x00000000080076d0        0x4
                0x00000000080076d0                PROVIDE (__init_array_start = .)
 *(SORT_BY_NAME(.init_array.*))
 *(.init_array*)
 .init_array    0x00000000080076d0        0x4 /usr/lib/gcc/arm-none-eabi/9.2.1/thumb/v7e-m+fp/hard/crtbegin.o
                0x00000000080076d4                PROVIDE (__init_array_end = .)

.fini_array     0x00000000080076d4        0x4
                0x00000000080076d4                PROVIDE (__fini_array_start = .)
 *(SORT_BY_NAME(.fini_array.*))
 *(.fini_array*)
 .fini_array    0x00000000080076d4        0x4 /usr/lib/gcc/arm-none-eabi/9.2.1/thumb/v7e-m+fp/hard/crtbegin.o
                0x00000000080076d8                PROVIDE (__fini_array_end = .)
                0x00000000080076d8                _sidata = LOADADDR (.data)

.data           0x0000000020000000       0x10 load address 0x00000000080076d8
                0x0000000020000000                . = ALIGN (0x4)
                0x0000000020000000                _sdata = .
 *(.data)
 *(.data*)
 .data.Stat     0x0000000020000000        0x1 build/sd_diskio.o
 .data.uwTickFreq
                0x0000000020000001        0x1 build/stm32f4xx_hal.o
                0x0000000020000001                uwTickFreq
 *fill*         0x0000000020000002        0x2 
 .data.uwTickPrio
                0x0000000020000004        0x4 build/stm32f4xx_hal.o
                0x0000000020000004                uwTickPrio
 .data.SystemCoreClock
                0x0000000020000008        0x4 build/system_stm32f4xx.o
                0x0000000020000008                SystemCoreClock
 .data.uxCriticalNesting
                0x000000002000000c        0x4 build/port.o
                0x0000000020000010                . = ALIGN (0x4)
                0x0000000020000010                _edata = .
                0x00000000080076e8                _siccmram = LOADADDR (.ccmram)

.tm_clone_table
                0x0000000020000010        0x0 load address 0x00000000080076e8
 .tm_clone_table
                0x0000000020000010        0x0 /usr/lib/gcc/arm-none-eabi/9.2.1/thumb/v7e-m+fp/hard/crtbegin.o
 .tm_clone_table
                0x0000000020000010        0x0 /usr/lib/gcc/arm-none-eabi/9.2.1/thumb/v7e-m+fp/hard/crtend.o

.igot.plt       0x0000000020000010        0x0 load address 0x00000000080076e8
 .igot.plt      0x0000000020000010        0x0 /usr/lib/gcc/arm-none-eabi/9.2.1/thumb/v7e-m+fp/hard/crtbegin.o

.ccmram         0x0000000010000000        0x0 load address 0x00000000080076e8
                0x0000000010000000                . = ALIGN (0x4)
                0x0000000010000000                _sccmram = .
 *(.ccmram)
 *(.ccmram*)
                0x0000000010000000                . = ALIGN (0x4)
                0x0000000010000000                _eccmram = .
                0x0000000010000000                . = ALIGN (0x4)

.bss            0x0000000020000010     0x5098
                0x0000000020000010                _sbss = .
                0x0000000020000010                __bss_start__ = _sbss
 *(.bss)
 .bss           0x0000000020000010       0x1c /usr/lib/gcc/arm-none-eabi/9.2.1/thumb/v7e-m+fp/hard/crtbegin.o
 *(.bss*)
 .bss.SDQueueID
                0x000000002000002c        0x4 build/sd_diskio.o
 .bss.FatFs     0x0000000020000030        0x4 build/ff.o
 .bss.Files     0x0000000020000034       0x20 build/ff.o
 .bss.Fsid      0x0000000020000054        0x2 build/ff.o
 *fill*         0x0000000020000056        0x2 
 .bss.disk      0x0000000020000058        0xc build/ff_gen_drv.o
                0x0000000020000058                disk
 .bss.pxCurrentTCB
                0x0000000020000064        0x4 build/tasks.o
                0x0000000020000064                pxCurrentTCB
 .bss.pxDelayedTaskList
                0x0000000020000068        0x4 build/tasks.o
 .bss.pxOverflowDelayedTaskList
                0x000000002000006c        0x4 build/tasks.o
 .bss.pxReadyTasksLists
                0x0000000020000070      0x460 build/tasks.o
 .bss.uxCurrentNumberOfTasks
                0x00000000200004d0        0x4 build/tasks.o
 .bss.uxDeletedTasksWaitingCleanUp
                0x00000000200004d4        0x4 build/tasks.o
 .bss.uxPendedTicks
                0x00000000200004d8        0x4 build/tasks.o
 .bss.uxSchedulerSuspended
                0x00000000200004dc        0x4 build/tasks.o
 .bss.uxTaskNumber
                0x00000000200004e0        0x4 build/tasks.o
 .bss.uxTopReadyPriority
                0x00000000200004e4        0x4 build/tasks.o
 .bss.xDelayedTaskList1
                0x00000000200004e8       0x14 build/tasks.o
 .bss.xDelayedTaskList2
                0x00000000200004fc       0x14 build/tasks.o
 .bss.xNextTaskUnblockTime
                0x0000000020000510        0x4 build/tasks.o
 .bss.xNumOfOverflows
                0x0000000020000514        0x4 build/tasks.o
 .bss.xPendingReadyList
                0x0000000020000518       0x14 build/tasks.o
 .bss.xSchedulerRunning
                0x000000002000052c        0x4 build/tasks.o
 .bss.xSuspendedTaskList
                0x0000000020000530       0x14 build/tasks.o
 .bss.xTasksWaitingTermination
                0x0000000020000544       0x14 build/tasks.o
 .bss.xTickCount
                0x0000000020000558        0x4 build/tasks.o
 .bss.xYieldPending
                0x000000002000055c        0x4 build/tasks.o
 .bss.pxCurrentTimerList
                0x0000000020000560        0x4 build/timers.o
 .bss.pxOverflowTimerList
                0x0000000020000564        0x4 build/timers.o
 .bss.ucStaticTimerQueueStorage.6914
                0x0000000020000568       0xa0 build/timers.o
 .bss.xActiveTimerList1
                0x0000000020000608       0x14 build/timers.o
 .bss.xActiveTimerList2
                0x000000002000061c       0x14 build/timers.o
 .bss.xLastTime.6863
                0x0000000020000630        0x4 build/timers.o
 .bss.xStaticTimerQueue.6913
                0x0000000020000634       0x50 build/timers.o
 .bss.xTimerQueue
                0x0000000020000684        0x4 build/timers.o
 .bss.xTimerTaskHandle
                0x0000000020000688        0x4 build/timers.o
 .bss.Idle_Stack
                0x000000002000068c      0x200 build/cmsis_os2.o
 .bss.Idle_TCB  0x000000002000088c       0x5c build/cmsis_os2.o
 .bss.KernelState
                0x00000000200008e8        0x4 build/cmsis_os2.o
 .bss.Timer_Stack
                0x00000000200008ec      0x400 build/cmsis_os2.o
 .bss.Timer_TCB
                0x0000000020000cec       0x5c build/cmsis_os2.o
 .bss.pxEnd     0x0000000020000d48        0x4 build/heap_4.o
 .bss.ucHeap    0x0000000020000d4c     0x3c00 build/heap_4.o
 .bss.xBlockAllocatedBit
                0x000000002000494c        0x4 build/heap_4.o
 .bss.xFreeBytesRemaining
                0x0000000020004950        0x4 build/heap_4.o
 .bss.xMinimumEverFreeBytesRemaining
                0x0000000020004954        0x4 build/heap_4.o
 .bss.xStart    0x0000000020004958        0x8 build/heap_4.o
 .bss.ucMaxSysCallPriority
                0x0000000020004960        0x1 build/port.o
 *fill*         0x0000000020004961        0x3 
 .bss.ulMaxPRIGROUPValue
                0x0000000020004964        0x4 build/port.o
 *(COMMON)
 COMMON         0x0000000020004968      0x250 build/main.o
                0x0000000020004968                hdma_sdio_rx
                0x00000000200049c8                defaultTaskHandle
                0x00000000200049cc                hdma_memtomem_dma2_stream0
                0x0000000020004a2c                fatfsTaskHandle
                0x0000000020004a30                huart1
                0x0000000020004a70                hdac
                0x0000000020004a84                hdma_sdio_tx
                0x0000000020004ae4                hrng
                0x0000000020004af4                hsd
                0x0000000020004b78                htim7
 COMMON         0x0000000020004bb8      0x46c build/fatfs.o
                0x0000000020004bb8                retSD
                0x0000000020004bbc                SDPath
                0x0000000020004bc0                SDFile
                0x0000000020004df0                SDFatFS
 COMMON         0x0000000020005024        0x4 build/stm32f4xx_hal.o
                0x0000000020005024                uwTick
 COMMON         0x0000000020005028       0x40 build/queue.o
                0x0000000020005028                xQueueRegistry
 COMMON         0x0000000020005068       0x40 build/stm32f4xx_hal_timebase_tim.o
                0x0000000020005068                htim6
                0x00000000200050a8                . = ALIGN (0x4)
                0x00000000200050a8                _ebss = .
                0x00000000200050a8                __bss_end__ = _ebss

._user_heap_stack
                0x00000000200050a8     0x3000
                0x00000000200050a8                . = ALIGN (0x8)
                [!provide]                        PROVIDE (end = .)
                [!provide]                        PROVIDE (_end = .)
                0x00000000200060a8                . = (. + _Min_Heap_Size)
 *fill*         0x00000000200050a8     0x1000 
                0x00000000200080a8                . = (. + _Min_Stack_Size)
 *fill*         0x00000000200060a8     0x2000 
                0x00000000200080a8                . = ALIGN (0x8)

/DISCARD/
 libc.a(*)
 libm.a(*)
 libgcc.a(*)

.ARM.attributes
                0x0000000000000000       0x30
 *(.ARM.attributes)
 .ARM.attributes
                0x0000000000000000       0x1e /usr/lib/gcc/arm-none-eabi/9.2.1/thumb/v7e-m+fp/hard/crti.o
 .ARM.attributes
                0x000000000000001e       0x34 /usr/lib/gcc/arm-none-eabi/9.2.1/thumb/v7e-m+fp/hard/crtbegin.o
 .ARM.attributes
                0x0000000000000052       0x34 build/main.o
 .ARM.attributes
                0x0000000000000086       0x34 build/stm32f4xx_it.o
 .ARM.attributes
                0x00000000000000ba       0x34 build/stm32f4xx_hal_msp.o
 .ARM.attributes
                0x00000000000000ee       0x34 build/bsp_driver_sd.o
 .ARM.attributes
                0x0000000000000122       0x34 build/sd_diskio.o
 .ARM.attributes
                0x0000000000000156       0x34 build/fatfs.o
 .ARM.attributes
                0x000000000000018a       0x34 build/stm32f4xx_hal_dac.o
 .ARM.attributes
                0x00000000000001be       0x34 build/stm32f4xx_hal_dac_ex.o
 .ARM.attributes
                0x00000000000001f2       0x34 build/stm32f4xx_hal_rcc.o
 .ARM.attributes
                0x0000000000000226       0x34 build/stm32f4xx_hal_gpio.o
 .ARM.attributes
                0x000000000000025a       0x34 build/stm32f4xx_hal_dma.o
 .ARM.attributes
                0x000000000000028e       0x34 build/stm32f4xx_hal_cortex.o
 .ARM.attributes
                0x00000000000002c2       0x34 build/stm32f4xx_hal.o
 .ARM.attributes
                0x00000000000002f6       0x34 build/stm32f4xx_hal_rng.o
 .ARM.attributes
                0x000000000000032a       0x34 build/stm32f4xx_ll_sdmmc.o
 .ARM.attributes
                0x000000000000035e       0x34 build/stm32f4xx_hal_sd.o
 .ARM.attributes
                0x0000000000000392       0x34 build/stm32f4xx_hal_tim.o
 .ARM.attributes
                0x00000000000003c6       0x34 build/stm32f4xx_hal_tim_ex.o
 .ARM.attributes
                0x00000000000003fa       0x34 build/stm32f4xx_hal_uart.o
 .ARM.attributes
                0x000000000000042e       0x34 build/system_stm32f4xx.o
 .ARM.attributes
                0x0000000000000462       0x34 build/diskio.o
 .ARM.attributes
                0x0000000000000496       0x34 build/ff.o
 .ARM.attributes
                0x00000000000004ca       0x34 build/ff_gen_drv.o
 .ARM.attributes
                0x00000000000004fe       0x34 build/syscall.o
 .ARM.attributes
                0x0000000000000532       0x34 build/list.o
 .ARM.attributes
                0x0000000000000566       0x34 build/queue.o
 .ARM.attributes
                0x000000000000059a       0x34 build/tasks.o
 .ARM.attributes
                0x00000000000005ce       0x34 build/timers.o
 .ARM.attributes
                0x0000000000000602       0x34 build/cmsis_os2.o
 .ARM.attributes
                0x0000000000000636       0x34 build/heap_4.o
 .ARM.attributes
                0x000000000000066a       0x34 build/port.o
 .ARM.attributes
                0x000000000000069e       0x34 build/stm32f4xx_hal_timebase_tim.o
 .ARM.attributes
                0x00000000000006d2       0x21 build/startup_stm32f407xx.o
 .ARM.attributes
                0x00000000000006f3       0x34 /usr/lib/gcc/arm-none-eabi/9.2.1/../../../arm-none-eabi/lib/thumb/v7e-m+fp/hard/libc_nano.a(lib_a-init.o)
 .ARM.attributes
                0x0000000000000727       0x1c /usr/lib/gcc/arm-none-eabi/9.2.1/../../../arm-none-eabi/lib/thumb/v7e-m+fp/hard/libc_nano.a(lib_a-memcpy.o)
 .ARM.attributes
                0x0000000000000743       0x34 /usr/lib/gcc/arm-none-eabi/9.2.1/../../../arm-none-eabi/lib/thumb/v7e-m+fp/hard/libc_nano.a(lib_a-memset.o)
 .ARM.attributes
                0x0000000000000777       0x1e /usr/lib/gcc/arm-none-eabi/9.2.1/thumb/v7e-m+fp/hard/libgcc.a(_aeabi_uldivmod.o)
 .ARM.attributes
                0x0000000000000795       0x34 /usr/lib/gcc/arm-none-eabi/9.2.1/thumb/v7e-m+fp/hard/libgcc.a(_udivmoddi4.o)
 .ARM.attributes
                0x00000000000007c9       0x1e /usr/lib/gcc/arm-none-eabi/9.2.1/thumb/v7e-m+fp/hard/libgcc.a(_dvmd_tls.o)
 .ARM.attributes
                0x00000000000007e7       0x32 /usr/lib/gcc/arm-none-eabi/9.2.1/thumb/v7e-m+fp/hard/crtend.o
 .ARM.attributes
                0x0000000000000819       0x1e /usr/lib/gcc/arm-none-eabi/9.2.1/thumb/v7e-m+fp/hard/crtn.o
OUTPUT(build/game.elf elf32-littlearm)
LOAD linker stubs
LOAD /usr/lib/gcc/arm-none-eabi/9.2.1/../../../arm-none-eabi/lib/thumb/v7e-m+fp/hard/libc.a
LOAD /usr/lib/gcc/arm-none-eabi/9.2.1/../../../arm-none-eabi/lib/thumb/v7e-m+fp/hard/libm.a
LOAD /usr/lib/gcc/arm-none-eabi/9.2.1/thumb/v7e-m+fp/hard/libgcc.a

.comment        0x0000000000000000       0xa7
 .comment       0x0000000000000000       0x59 /usr/lib/gcc/arm-none-eabi/9.2.1/thumb/v7e-m+fp/hard/crtbegin.o
                                         0x5a (size before relaxing)
 .comment       0x0000000000000059       0x5a build/main.o
 .comment       0x0000000000000059       0x5a build/stm32f4xx_it.o
 .comment       0x0000000000000059       0x5a build/stm32f4xx_hal_msp.o
 .comment       0x0000000000000059       0x5a build/bsp_driver_sd.o
 .comment       0x0000000000000059       0x5a build/sd_diskio.o
 .comment       0x0000000000000059       0x5a build/fatfs.o
 .comment       0x0000000000000059       0x5a build/stm32f4xx_hal_dac.o
 .comment       0x0000000000000059       0x5a build/stm32f4xx_hal_dac_ex.o
 .comment       0x0000000000000059       0x5a build/stm32f4xx_hal_rcc.o
 .comment       0x0000000000000059       0x5a build/stm32f4xx_hal_gpio.o
 .comment       0x0000000000000059       0x5a build/stm32f4xx_hal_dma.o
 .comment       0x0000000000000059       0x5a build/stm32f4xx_hal_cortex.o
 .comment       0x0000000000000059       0x5a build/stm32f4xx_hal.o
 .comment       0x0000000000000059       0x5a build/stm32f4xx_hal_rng.o
 .comment       0x0000000000000059       0x5a build/stm32f4xx_ll_sdmmc.o
 .comment       0x0000000000000059       0x5a build/stm32f4xx_hal_sd.o
 .comment       0x0000000000000059       0x5a build/stm32f4xx_hal_tim.o
 .comment       0x0000000000000059       0x5a build/stm32f4xx_hal_tim_ex.o
 .comment       0x0000000000000059       0x5a build/stm32f4xx_hal_uart.o
 .comment       0x0000000000000059       0x5a build/system_stm32f4xx.o
 .comment       0x0000000000000059       0x5a build/diskio.o
 .comment       0x0000000000000059       0x5a build/ff.o
 .comment       0x0000000000000059       0x5a build/ff_gen_drv.o
 .comment       0x0000000000000059       0x5a build/syscall.o
 .comment       0x0000000000000059       0x5a build/list.o
 .comment       0x0000000000000059       0x5a build/queue.o
 .comment       0x0000000000000059       0x5a build/tasks.o
 .comment       0x0000000000000059       0x5a build/timers.o
 .comment       0x0000000000000059       0x5a build/cmsis_os2.o
 .comment       0x0000000000000059       0x5a build/heap_4.o
 .comment       0x0000000000000059       0x5a build/port.o
 .comment       0x0000000000000059       0x5a build/stm32f4xx_hal_timebase_tim.o
 .comment       0x0000000000000059       0x4e /usr/lib/gcc/arm-none-eabi/9.2.1/../../../arm-none-eabi/lib/thumb/v7e-m+fp/hard/libc_nano.a(lib_a-init.o)
                                         0x4f (size before relaxing)
 .comment       0x00000000000000a7       0x4f /usr/lib/gcc/arm-none-eabi/9.2.1/../../../arm-none-eabi/lib/thumb/v7e-m+fp/hard/libc_nano.a(lib_a-memset.o)
 .comment       0x00000000000000a7       0x5a /usr/lib/gcc/arm-none-eabi/9.2.1/thumb/v7e-m+fp/hard/libgcc.a(_udivmoddi4.o)
 .comment       0x00000000000000a7       0x5a /usr/lib/gcc/arm-none-eabi/9.2.1/thumb/v7e-m+fp/hard/crtend.o

.debug_info     0x0000000000000000    0x31b9e
 .debug_info    0x0000000000000000     0x282c build/main.o
 .debug_info    0x000000000000282c      0xe6d build/stm32f4xx_it.o
 .debug_info    0x0000000000003699     0x1b47 build/stm32f4xx_hal_msp.o
 .debug_info    0x00000000000051e0      0xdb4 build/bsp_driver_sd.o
 .debug_info    0x0000000000005f94     0x1366 build/sd_diskio.o
 .debug_info    0x00000000000072fa      0x656 build/fatfs.o
 .debug_info    0x0000000000007950      0xcf0 build/stm32f4xx_hal_dac.o
 .debug_info    0x0000000000008640      0x945 build/stm32f4xx_hal_dac_ex.o
 .debug_info    0x0000000000008f85      0xc08 build/stm32f4xx_hal_rcc.o
 .debug_info    0x0000000000009b8d      0x8e5 build/stm32f4xx_hal_gpio.o
 .debug_info    0x000000000000a472      0xc67 build/stm32f4xx_hal_dma.o
 .debug_info    0x000000000000b0d9     0x121a build/stm32f4xx_hal_cortex.o
 .debug_info    0x000000000000c2f3      0xb3a build/stm32f4xx_hal.o
 .debug_info    0x000000000000ce2d      0x697 build/stm32f4xx_hal_rng.o
 .debug_info    0x000000000000d4c4     0x1a6d build/stm32f4xx_ll_sdmmc.o
 .debug_info    0x000000000000ef31     0x293e build/stm32f4xx_hal_sd.o
 .debug_info    0x000000000001186f     0x3983 build/stm32f4xx_hal_tim.o
 .debug_info    0x00000000000151f2     0x184c build/stm32f4xx_hal_tim_ex.o
 .debug_info    0x0000000000016a3e     0x1af5 build/stm32f4xx_hal_uart.o
 .debug_info    0x0000000000018533      0x618 build/system_stm32f4xx.o
 .debug_info    0x0000000000018b4b      0x5c8 build/diskio.o
 .debug_info    0x0000000000019113     0x4ccf build/ff.o
 .debug_info    0x000000000001dde2      0x51b build/ff_gen_drv.o
 .debug_info    0x000000000001e2fd      0x36a build/syscall.o
 .debug_info    0x000000000001e667      0xc8c build/list.o
 .debug_info    0x000000000001f2f3     0x3293 build/queue.o
 .debug_info    0x0000000000022586     0x3b7c build/tasks.o
 .debug_info    0x0000000000026102     0x2491 build/timers.o
 .debug_info    0x0000000000028593     0x568a build/cmsis_os2.o
 .debug_info    0x000000000002dc1d      0xe0c build/heap_4.o
 .debug_info    0x000000000002ea29      0x5b0 build/port.o
 .debug_info    0x000000000002efd9      0xd7a build/stm32f4xx_hal_timebase_tim.o
 .debug_info    0x000000000002fd53       0x22 build/startup_stm32f407xx.o
 .debug_info    0x000000000002fd75      0x11a /usr/lib/gcc/arm-none-eabi/9.2.1/../../../arm-none-eabi/lib/thumb/v7e-m+fp/hard/libc_nano.a(lib_a-init.o)
 .debug_info    0x000000000002fe8f       0x26 /usr/lib/gcc/arm-none-eabi/9.2.1/../../../arm-none-eabi/lib/thumb/v7e-m+fp/hard/libc_nano.a(lib_a-memcpy.o)
 .debug_info    0x000000000002feb5      0xf21 /usr/lib/gcc/arm-none-eabi/9.2.1/../../../arm-none-eabi/lib/thumb/v7e-m+fp/hard/libc_nano.a(lib_a-memset.o)
 .debug_info    0x0000000000030dd6       0x26 /usr/lib/gcc/arm-none-eabi/9.2.1/thumb/v7e-m+fp/hard/libgcc.a(_aeabi_uldivmod.o)
 .debug_info    0x0000000000030dfc      0xd7c /usr/lib/gcc/arm-none-eabi/9.2.1/thumb/v7e-m+fp/hard/libgcc.a(_udivmoddi4.o)
 .debug_info    0x0000000000031b78       0x26 /usr/lib/gcc/arm-none-eabi/9.2.1/thumb/v7e-m+fp/hard/libgcc.a(_dvmd_tls.o)

.debug_abbrev   0x0000000000000000     0x5bc2
 .debug_abbrev  0x0000000000000000      0x336 build/main.o
 .debug_abbrev  0x0000000000000336      0x1ba build/stm32f4xx_it.o
 .debug_abbrev  0x00000000000004f0      0x29d build/stm32f4xx_hal_msp.o
 .debug_abbrev  0x000000000000078d      0x27d build/bsp_driver_sd.o
 .debug_abbrev  0x0000000000000a0a      0x377 build/sd_diskio.o
 .debug_abbrev  0x0000000000000d81      0x189 build/fatfs.o
 .debug_abbrev  0x0000000000000f0a      0x25d build/stm32f4xx_hal_dac.o
 .debug_abbrev  0x0000000000001167      0x282 build/stm32f4xx_hal_dac_ex.o
 .debug_abbrev  0x00000000000013e9      0x2cd build/stm32f4xx_hal_rcc.o
 .debug_abbrev  0x00000000000016b6      0x258 build/stm32f4xx_hal_gpio.o
 .debug_abbrev  0x000000000000190e      0x312 build/stm32f4xx_hal_dma.o
 .debug_abbrev  0x0000000000001c20      0x3a8 build/stm32f4xx_hal_cortex.o
 .debug_abbrev  0x0000000000001fc8      0x21c build/stm32f4xx_hal.o
 .debug_abbrev  0x00000000000021e4      0x220 build/stm32f4xx_hal_rng.o
 .debug_abbrev  0x0000000000002404      0x267 build/stm32f4xx_ll_sdmmc.o
 .debug_abbrev  0x000000000000266b      0x2f7 build/stm32f4xx_hal_sd.o
 .debug_abbrev  0x0000000000002962      0x2af build/stm32f4xx_hal_tim.o
 .debug_abbrev  0x0000000000002c11      0x2ab build/stm32f4xx_hal_tim_ex.o
 .debug_abbrev  0x0000000000002ebc      0x318 build/stm32f4xx_hal_uart.o
 .debug_abbrev  0x00000000000031d4      0x14a build/system_stm32f4xx.o
 .debug_abbrev  0x000000000000331e      0x1cc build/diskio.o
 .debug_abbrev  0x00000000000034ea      0x300 build/ff.o
 .debug_abbrev  0x00000000000037ea      0x1ef build/ff_gen_drv.o
 .debug_abbrev  0x00000000000039d9      0x160 build/syscall.o
 .debug_abbrev  0x0000000000003b39      0x245 build/list.o
 .debug_abbrev  0x0000000000003d7e      0x44c build/queue.o
 .debug_abbrev  0x00000000000041ca      0x464 build/tasks.o
 .debug_abbrev  0x000000000000462e      0x3de build/timers.o
 .debug_abbrev  0x0000000000004a0c      0x4ee build/cmsis_os2.o
 .debug_abbrev  0x0000000000004efa      0x36d build/heap_4.o
 .debug_abbrev  0x0000000000005267      0x28a build/port.o
 .debug_abbrev  0x00000000000054f1      0x21c build/stm32f4xx_hal_timebase_tim.o
 .debug_abbrev  0x000000000000570d       0x12 build/startup_stm32f407xx.o
 .debug_abbrev  0x000000000000571f       0xcc /usr/lib/gcc/arm-none-eabi/9.2.1/../../../arm-none-eabi/lib/thumb/v7e-m+fp/hard/libc_nano.a(lib_a-init.o)
 .debug_abbrev  0x00000000000057eb       0x14 /usr/lib/gcc/arm-none-eabi/9.2.1/../../../arm-none-eabi/lib/thumb/v7e-m+fp/hard/libc_nano.a(lib_a-memcpy.o)
 .debug_abbrev  0x00000000000057ff      0x1d9 /usr/lib/gcc/arm-none-eabi/9.2.1/../../../arm-none-eabi/lib/thumb/v7e-m+fp/hard/libc_nano.a(lib_a-memset.o)
 .debug_abbrev  0x00000000000059d8       0x14 /usr/lib/gcc/arm-none-eabi/9.2.1/thumb/v7e-m+fp/hard/libgcc.a(_aeabi_uldivmod.o)
 .debug_abbrev  0x00000000000059ec      0x1c2 /usr/lib/gcc/arm-none-eabi/9.2.1/thumb/v7e-m+fp/hard/libgcc.a(_udivmoddi4.o)
 .debug_abbrev  0x0000000000005bae       0x14 /usr/lib/gcc/arm-none-eabi/9.2.1/thumb/v7e-m+fp/hard/libgcc.a(_dvmd_tls.o)

.debug_loc      0x0000000000000000    0x2403b
 .debug_loc     0x0000000000000000      0x2e4 build/main.o
 .debug_loc     0x00000000000002e4       0xa0 build/stm32f4xx_it.o
 .debug_loc     0x0000000000000384      0x3ca build/stm32f4xx_hal_msp.o
 .debug_loc     0x000000000000074e      0x65f build/bsp_driver_sd.o
 .debug_loc     0x0000000000000dad      0x6bc build/sd_diskio.o
 .debug_loc     0x0000000000001469       0x20 build/fatfs.o
 .debug_loc     0x0000000000001489      0xa4d build/stm32f4xx_hal_dac.o
 .debug_loc     0x0000000000001ed6      0x47f build/stm32f4xx_hal_dac_ex.o
 .debug_loc     0x0000000000002355      0x6c7 build/stm32f4xx_hal_rcc.o
 .debug_loc     0x0000000000002a1c      0x5c7 build/stm32f4xx_hal_gpio.o
 .debug_loc     0x0000000000002fe3      0xd6d build/stm32f4xx_hal_dma.o
 .debug_loc     0x0000000000003d50      0x7d4 build/stm32f4xx_hal_cortex.o
 .debug_loc     0x0000000000004524      0x1e1 build/stm32f4xx_hal.o
 .debug_loc     0x0000000000004705      0x474 build/stm32f4xx_hal_rng.o
 .debug_loc     0x0000000000004b79     0x162f build/stm32f4xx_ll_sdmmc.o
 .debug_loc     0x00000000000061a8     0x2780 build/stm32f4xx_hal_sd.o
 .debug_loc     0x0000000000008928     0x457e build/stm32f4xx_hal_tim.o
 .debug_loc     0x000000000000cea6     0x15b0 build/stm32f4xx_hal_tim_ex.o
 .debug_loc     0x000000000000e456     0x1d79 build/stm32f4xx_hal_uart.o
 .debug_loc     0x00000000000101cf      0x16c build/system_stm32f4xx.o
 .debug_loc     0x000000000001033b      0x323 build/diskio.o
 .debug_loc     0x000000000001065e     0x5efa build/ff.o
 .debug_loc     0x0000000000016558      0x311 build/ff_gen_drv.o
 .debug_loc     0x0000000000016869      0x193 build/syscall.o
 .debug_loc     0x00000000000169fc       0xe5 build/list.o
 .debug_loc     0x0000000000016ae1     0x200d build/queue.o
 .debug_loc     0x0000000000018aee     0x2bf3 build/tasks.o
 .debug_loc     0x000000000001b6e1     0x13fd build/timers.o
 .debug_loc     0x000000000001cade     0x5c9f build/cmsis_os2.o
 .debug_loc     0x000000000002277d      0x3b5 build/heap_4.o
 .debug_loc     0x0000000000022b32      0x1c0 build/port.o
 .debug_loc     0x0000000000022cf2       0xbc build/stm32f4xx_hal_timebase_tim.o
 .debug_loc     0x0000000000022dae       0xba /usr/lib/gcc/arm-none-eabi/9.2.1/../../../arm-none-eabi/lib/thumb/v7e-m+fp/hard/libc_nano.a(lib_a-init.o)
 .debug_loc     0x0000000000022e68      0x231 /usr/lib/gcc/arm-none-eabi/9.2.1/../../../arm-none-eabi/lib/thumb/v7e-m+fp/hard/libc_nano.a(lib_a-memset.o)
 .debug_loc     0x0000000000023099      0xfa2 /usr/lib/gcc/arm-none-eabi/9.2.1/thumb/v7e-m+fp/hard/libgcc.a(_udivmoddi4.o)

.debug_aranges  0x0000000000000000     0x1c70
 .debug_aranges
                0x0000000000000000       0x80 build/main.o
 .debug_aranges
                0x0000000000000080       0x70 build/stm32f4xx_it.o
 .debug_aranges
                0x00000000000000f0       0x70 build/stm32f4xx_hal_msp.o
 .debug_aranges
                0x0000000000000160       0xa0 build/bsp_driver_sd.o
 .debug_aranges
                0x0000000000000200       0x60 build/sd_diskio.o
 .debug_aranges
                0x0000000000000260       0x28 build/fatfs.o
 .debug_aranges
                0x0000000000000288       0xc0 build/stm32f4xx_hal_dac.o
 .debug_aranges
                0x0000000000000348       0x70 build/stm32f4xx_hal_dac_ex.o
 .debug_aranges
                0x00000000000003b8       0x88 build/stm32f4xx_hal_rcc.o
 .debug_aranges
                0x0000000000000440       0x58 build/stm32f4xx_hal_gpio.o
 .debug_aranges
                0x0000000000000498       0x90 build/stm32f4xx_hal_dma.o
 .debug_aranges
                0x0000000000000528       0xa8 build/stm32f4xx_hal_cortex.o
 .debug_aranges
                0x00000000000005d0       0xf0 build/stm32f4xx_hal.o
 .debug_aranges
                0x00000000000006c0       0x88 build/stm32f4xx_hal_rng.o
 .debug_aranges
                0x0000000000000748      0x178 build/stm32f4xx_ll_sdmmc.o
 .debug_aranges
                0x00000000000008c0      0x168 build/stm32f4xx_hal_sd.o
 .debug_aranges
                0x0000000000000a28      0x3a8 build/stm32f4xx_hal_tim.o
 .debug_aranges
                0x0000000000000dd0      0x150 build/stm32f4xx_hal_tim_ex.o
 .debug_aranges
                0x0000000000000f20      0x1d0 build/stm32f4xx_hal_uart.o
 .debug_aranges
                0x00000000000010f0       0x28 build/system_stm32f4xx.o
 .debug_aranges
                0x0000000000001118       0x48 build/diskio.o
 .debug_aranges
                0x0000000000001160      0x218 build/ff.o
 .debug_aranges
                0x0000000000001378       0x40 build/ff_gen_drv.o
 .debug_aranges
                0x00000000000013b8       0x38 build/syscall.o
 .debug_aranges
                0x00000000000013f0       0x40 build/list.o
 .debug_aranges
                0x0000000000001430      0x158 build/queue.o
 .debug_aranges
                0x0000000000001588      0x1f8 build/tasks.o
 .debug_aranges
                0x0000000000001780       0xe8 build/timers.o
 .debug_aranges
                0x0000000000001868      0x220 build/cmsis_os2.o
 .debug_aranges
                0x0000000000001a88       0x50 build/heap_4.o
 .debug_aranges
                0x0000000000001ad8       0x80 build/port.o
 .debug_aranges
                0x0000000000001b58       0x30 build/stm32f4xx_hal_timebase_tim.o
 .debug_aranges
                0x0000000000001b88       0x28 build/startup_stm32f407xx.o
 .debug_aranges
                0x0000000000001bb0       0x20 /usr/lib/gcc/arm-none-eabi/9.2.1/../../../arm-none-eabi/lib/thumb/v7e-m+fp/hard/libc_nano.a(lib_a-init.o)
 .debug_aranges
                0x0000000000001bd0       0x20 /usr/lib/gcc/arm-none-eabi/9.2.1/../../../arm-none-eabi/lib/thumb/v7e-m+fp/hard/libc_nano.a(lib_a-memcpy.o)
 .debug_aranges
                0x0000000000001bf0       0x20 /usr/lib/gcc/arm-none-eabi/9.2.1/../../../arm-none-eabi/lib/thumb/v7e-m+fp/hard/libc_nano.a(lib_a-memset.o)
 .debug_aranges
                0x0000000000001c10       0x20 /usr/lib/gcc/arm-none-eabi/9.2.1/thumb/v7e-m+fp/hard/libgcc.a(_aeabi_uldivmod.o)
 .debug_aranges
                0x0000000000001c30       0x20 /usr/lib/gcc/arm-none-eabi/9.2.1/thumb/v7e-m+fp/hard/libgcc.a(_udivmoddi4.o)
 .debug_aranges
                0x0000000000001c50       0x20 /usr/lib/gcc/arm-none-eabi/9.2.1/thumb/v7e-m+fp/hard/libgcc.a(_dvmd_tls.o)

.debug_ranges   0x0000000000000000     0x1d10
 .debug_ranges  0x0000000000000000       0x70 build/main.o
 .debug_ranges  0x0000000000000070       0x60 build/stm32f4xx_it.o
 .debug_ranges  0x00000000000000d0       0x60 build/stm32f4xx_hal_msp.o
 .debug_ranges  0x0000000000000130       0x90 build/bsp_driver_sd.o
 .debug_ranges  0x00000000000001c0       0x50 build/sd_diskio.o
 .debug_ranges  0x0000000000000210       0x18 build/fatfs.o
 .debug_ranges  0x0000000000000228       0xb0 build/stm32f4xx_hal_dac.o
 .debug_ranges  0x00000000000002d8       0x60 build/stm32f4xx_hal_dac_ex.o
 .debug_ranges  0x0000000000000338       0x90 build/stm32f4xx_hal_rcc.o
 .debug_ranges  0x00000000000003c8       0x48 build/stm32f4xx_hal_gpio.o
 .debug_ranges  0x0000000000000410       0x80 build/stm32f4xx_hal_dma.o
 .debug_ranges  0x0000000000000490       0xf8 build/stm32f4xx_hal_cortex.o
 .debug_ranges  0x0000000000000588       0xe0 build/stm32f4xx_hal.o
 .debug_ranges  0x0000000000000668       0x78 build/stm32f4xx_hal_rng.o
 .debug_ranges  0x00000000000006e0      0x168 build/stm32f4xx_ll_sdmmc.o
 .debug_ranges  0x0000000000000848      0x158 build/stm32f4xx_hal_sd.o
 .debug_ranges  0x00000000000009a0      0x398 build/stm32f4xx_hal_tim.o
 .debug_ranges  0x0000000000000d38      0x140 build/stm32f4xx_hal_tim_ex.o
 .debug_ranges  0x0000000000000e78      0x1c0 build/stm32f4xx_hal_uart.o
 .debug_ranges  0x0000000000001038       0x18 build/system_stm32f4xx.o
 .debug_ranges  0x0000000000001050       0x38 build/diskio.o
 .debug_ranges  0x0000000000001088      0x208 build/ff.o
 .debug_ranges  0x0000000000001290       0x30 build/ff_gen_drv.o
 .debug_ranges  0x00000000000012c0       0x28 build/syscall.o
 .debug_ranges  0x00000000000012e8       0x30 build/list.o
 .debug_ranges  0x0000000000001318      0x218 build/queue.o
 .debug_ranges  0x0000000000001530      0x328 build/tasks.o
 .debug_ranges  0x0000000000001858       0xd8 build/timers.o
 .debug_ranges  0x0000000000001930      0x210 build/cmsis_os2.o
 .debug_ranges  0x0000000000001b40       0x40 build/heap_4.o
 .debug_ranges  0x0000000000001b80       0x88 build/port.o
 .debug_ranges  0x0000000000001c08       0x20 build/stm32f4xx_hal_timebase_tim.o
 .debug_ranges  0x0000000000001c28       0x20 build/startup_stm32f407xx.o
 .debug_ranges  0x0000000000001c48       0xc8 /usr/lib/gcc/arm-none-eabi/9.2.1/thumb/v7e-m+fp/hard/libgcc.a(_udivmoddi4.o)

.debug_line     0x0000000000000000    0x1e4d5
 .debug_line    0x0000000000000000      0x81a build/main.o
 .debug_line    0x000000000000081a      0x2d8 build/stm32f4xx_it.o
 .debug_line    0x0000000000000af2      0x5ea build/stm32f4xx_hal_msp.o
 .debug_line    0x00000000000010dc      0x3a6 build/bsp_driver_sd.o
 .debug_line    0x0000000000001482      0x530 build/sd_diskio.o
 .debug_line    0x00000000000019b2      0x1f4 build/fatfs.o
 .debug_line    0x0000000000001ba6      0x821 build/stm32f4xx_hal_dac.o
 .debug_line    0x00000000000023c7      0x3f2 build/stm32f4xx_hal_dac_ex.o
 .debug_line    0x00000000000027b9      0xaae build/stm32f4xx_hal_rcc.o
 .debug_line    0x0000000000003267      0x69f build/stm32f4xx_hal_gpio.o
 .debug_line    0x0000000000003906      0xd9d build/stm32f4xx_hal_dma.o
 .debug_line    0x00000000000046a3      0x718 build/stm32f4xx_hal_cortex.o
 .debug_line    0x0000000000004dbb      0x4db build/stm32f4xx_hal.o
 .debug_line    0x0000000000005296      0x52b build/stm32f4xx_hal_rng.o
 .debug_line    0x00000000000057c1      0xfe3 build/stm32f4xx_ll_sdmmc.o
 .debug_line    0x00000000000067a4     0x2727 build/stm32f4xx_hal_sd.o
 .debug_line    0x0000000000008ecb     0x363d build/stm32f4xx_hal_tim.o
 .debug_line    0x000000000000c508     0x1169 build/stm32f4xx_hal_tim_ex.o
 .debug_line    0x000000000000d671     0x1bdf build/stm32f4xx_hal_uart.o
 .debug_line    0x000000000000f250      0x204 build/system_stm32f4xx.o
 .debug_line    0x000000000000f454      0x24b build/diskio.o
 .debug_line    0x000000000000f69f     0x45c7 build/ff.o
 .debug_line    0x0000000000013c66      0x28d build/ff_gen_drv.o
 .debug_line    0x0000000000013ef3      0x23c build/syscall.o
 .debug_line    0x000000000001412f      0x351 build/list.o
 .debug_line    0x0000000000014480     0x1fcc build/queue.o
 .debug_line    0x000000000001644c     0x2be6 build/tasks.o
 .debug_line    0x0000000000019032      0xe33 build/timers.o
 .debug_line    0x0000000000019e65     0x2c66 build/cmsis_os2.o
 .debug_line    0x000000000001cacb      0x5cf build/heap_4.o
 .debug_line    0x000000000001d09a      0x671 build/port.o
 .debug_line    0x000000000001d70b      0x247 build/stm32f4xx_hal_timebase_tim.o
 .debug_line    0x000000000001d952       0x73 build/startup_stm32f407xx.o
 .debug_line    0x000000000001d9c5      0x10d /usr/lib/gcc/arm-none-eabi/9.2.1/../../../arm-none-eabi/lib/thumb/v7e-m+fp/hard/libc_nano.a(lib_a-init.o)
 .debug_line    0x000000000001dad2       0xbe /usr/lib/gcc/arm-none-eabi/9.2.1/../../../arm-none-eabi/lib/thumb/v7e-m+fp/hard/libc_nano.a(lib_a-memcpy.o)
 .debug_line    0x000000000001db90      0x26b /usr/lib/gcc/arm-none-eabi/9.2.1/../../../arm-none-eabi/lib/thumb/v7e-m+fp/hard/libc_nano.a(lib_a-memset.o)
 .debug_line    0x000000000001ddfb       0x60 /usr/lib/gcc/arm-none-eabi/9.2.1/thumb/v7e-m+fp/hard/libgcc.a(_aeabi_uldivmod.o)
 .debug_line    0x000000000001de5b      0x61a /usr/lib/gcc/arm-none-eabi/9.2.1/thumb/v7e-m+fp/hard/libgcc.a(_udivmoddi4.o)
 .debug_line    0x000000000001e475       0x60 /usr/lib/gcc/arm-none-eabi/9.2.1/thumb/v7e-m+fp/hard/libgcc.a(_dvmd_tls.o)

.debug_str      0x0000000000000000     0xa150
 .debug_str     0x0000000000000000     0x1d5a build/main.o
                                       0x1e79 (size before relaxing)
 .debug_str     0x0000000000001d5a      0x132 build/stm32f4xx_it.o
                                        0xb2a (size before relaxing)
 .debug_str     0x0000000000001e8c      0x120 build/stm32f4xx_hal_msp.o
                                       0x13f2 (size before relaxing)
 .debug_str     0x0000000000001fac      0x23a build/bsp_driver_sd.o
                                        0x96c (size before relaxing)
 .debug_str     0x00000000000021e6      0x54c build/sd_diskio.o
                                        0x9f8 (size before relaxing)
 .debug_str     0x0000000000002732       0x2f build/fatfs.o
                                        0x453 (size before relaxing)
 .debug_str     0x0000000000002761      0x1e0 build/stm32f4xx_hal_dac.o
                                        0x879 (size before relaxing)
 .debug_str     0x0000000000002941      0x140 build/stm32f4xx_hal_dac_ex.o
                                        0x769 (size before relaxing)
 .debug_str     0x0000000000002a81      0x1f4 build/stm32f4xx_hal_rcc.o
                                        0x75f (size before relaxing)
 .debug_str     0x0000000000002c75      0x112 build/stm32f4xx_hal_gpio.o
                                        0x58c (size before relaxing)
 .debug_str     0x0000000000002d87      0x2b5 build/stm32f4xx_hal_dma.o
                                        0x81d (size before relaxing)
 .debug_str     0x000000000000303c      0x4b6 build/stm32f4xx_hal_cortex.o
                                        0xcd1 (size before relaxing)
 .debug_str     0x00000000000034f2      0x229 build/stm32f4xx_hal.o
                                        0xb92 (size before relaxing)
 .debug_str     0x000000000000371b      0x150 build/stm32f4xx_hal_rng.o
                                        0x522 (size before relaxing)
 .debug_str     0x000000000000386b      0x48b build/stm32f4xx_ll_sdmmc.o
                                        0x86d (size before relaxing)
 .debug_str     0x0000000000003cf6      0x5f8 build/stm32f4xx_hal_sd.o
                                       0x117c (size before relaxing)
 .debug_str     0x00000000000042ee      0xdad build/stm32f4xx_hal_tim.o
                                       0x1569 (size before relaxing)
 .debug_str     0x000000000000509b      0x4d5 build/stm32f4xx_hal_tim_ex.o
                                        0xd81 (size before relaxing)
 .debug_str     0x0000000000005570      0x500 build/stm32f4xx_hal_uart.o
                                        0xcc2 (size before relaxing)
 .debug_str     0x0000000000005a70       0x47 build/system_stm32f4xx.o
                                        0x400 (size before relaxing)
 .debug_str     0x0000000000005ab7       0x54 build/diskio.o
                                        0x373 (size before relaxing)
 .debug_str     0x0000000000005b0b      0x3f3 build/ff.o
                                        0x95a (size before relaxing)
 .debug_str     0x0000000000005efe       0x8e build/ff_gen_drv.o
                                        0x3c4 (size before relaxing)
 .debug_str     0x0000000000005f8c       0x7a build/syscall.o
                                        0x392 (size before relaxing)
 .debug_str     0x0000000000006006      0x157 build/list.o
                                        0x6fa (size before relaxing)
 .debug_str     0x000000000000615d      0xa07 build/queue.o
                                       0x10e3 (size before relaxing)
 .debug_str     0x0000000000006b64      0xc50 build/tasks.o
                                       0x1685 (size before relaxing)
 .debug_str     0x00000000000077b4      0x5c3 build/timers.o
                                       0x1018 (size before relaxing)
 .debug_str     0x0000000000007d77      0x8a8 build/cmsis_os2.o
                                       0x1d13 (size before relaxing)
 .debug_str     0x000000000000861f      0x1d5 build/heap_4.o
                                        0x7d9 (size before relaxing)
 .debug_str     0x00000000000087f4      0x18d build/port.o
                                        0x473 (size before relaxing)
 .debug_str     0x0000000000008981       0x4c build/stm32f4xx_hal_timebase_tim.o
                                        0xe07 (size before relaxing)
 .debug_str     0x00000000000089cd       0x22 build/startup_stm32f407xx.o
                                         0x50 (size before relaxing)
 .debug_str     0x00000000000089ef      0x181 /usr/lib/gcc/arm-none-eabi/9.2.1/../../../arm-none-eabi/lib/thumb/v7e-m+fp/hard/libc_nano.a(lib_a-init.o)
                                        0x229 (size before relaxing)