reent.h:153:14:_sbrk_r	24	static
heap_useNewlib_ST.c:204:8:sbrk	0	static
heap_useNewlib_ST.c:206:8:_sbrk	0	static
malloc.h:136:13:__malloc_lock	0	static
malloc.h:138:13:__malloc_unlock	0	static
heap_useNewlib_ST.c:235:6:__env_lock	0	static
heap_useNewlib_ST.c:236:6:__env_unlock	0	static
heap_useNewlib_ST.c:245:9:__wrap_malloc	8	static
heap_useNewlib_ST.c:254:9:__wrap__malloc_r	0	static
heap_useNewlib_ST.c:270:7:pvPortMalloc	0	static
heap_useNewlib_ST.c:274:6:vPortFree	0	static
heap_useNewlib_ST.c:278:8:xPortGetFreeHeapSize	48	static
heap_useNewlib_ST.c:287:6:vPortInitialiseBlocks	0	static
