sparkbox_host.cpp:188:13:void videoDeinitialize_lowLevel()	0	static
sparkbox_host.cpp:181:24:sparkboxError_t videoBeginDMATx_lowLevel(void*, void*, unsigned int)	8	static
sparkbox_host.cpp:169:24:sparkboxError_t videoInitialize_lowLevel()	8	static
sparkbox_host.cpp:199:13:void sparkboxVideo_MainTask(void*)	0	static
sparkbox_host.cpp:194:13:void sparkboxVideo_DMACompleteCallback(MDMA_HandleTypeDef*)	0	static
sparkbox_host.cpp:144:13:void audioDeinitialize_lowLevel()	8	static
sparkbox_host.cpp:131:24:sparkboxError_t audioBeginDMATx_lowLevel(void*, void*, unsigned int)	8	static
sparkbox_host.cpp:122:24:sparkboxError_t audioWriteSample_lowLevel(unsigned int)	16	static
sparkbox_host.cpp:103:24:sparkboxError_t audioInitialize_lowLevel()	16	static
sparkbox_host.cpp:162:13:void sparkboxAudio_MainTask(void*)	0	static
sparkbox_host.cpp:157:13:void sparkboxAudio_DMACompleteCallback(MDMA_HandleTypeDef*)	0	static
sparkbox_host.cpp:152:13:void sparkboxAudio_TimerITCallback(TIM_HandleTypeDef*)	0	static
sparkbox_host.cpp:60:17:sparkboxError_t sparkboxLevelInit(std::string)	24	static
