stm32h7xx_it.c:76:6:NMI_Handler	0	static
stm32h7xx_it.c:91:6:HardFault_Handler	0	static
stm32h7xx_it.c:106:6:MemManage_Handler	0	static
stm32h7xx_it.c:121:6:BusFault_Handler	0	static
stm32h7xx_it.c:136:6:UsageFault_Handler	0	static
stm32h7xx_it.c:151:6:DebugMon_Handler	0	static
stm32h7xx_it.c:171:6:FMC_IRQHandler	0	static
stm32h7xx_it.c:185:6:TIM6_DAC_IRQHandler	8	static
stm32h7xx_it.c:202:6:TIM7_IRQHandler	0	static
stm32h7xx_it.c:216:6:OTG_FS_IRQHandler	0	static
stm32h7xx_it.c:230:6:MDMA_IRQHandler	0	static
