stm32h7xx_hal_hcd.c:201:19:HAL_HCD_HC_Init	48	static
stm32h7xx_hal_hcd.c:249:19:HAL_HCD_HC_Halt	8	static
stm32h7xx_hal_hcd.c:300:14:HAL_HCD_MspInit	0	static
stm32h7xx_hal_hcd.c:111:19:HAL_HCD_Init	64	static
stm32h7xx_hal_hcd.c:315:14:HAL_HCD_MspDeInit	0	static
stm32h7xx_hal_hcd.c:265:19:HAL_HCD_DeInit	8	static
stm32h7xx_hal_hcd.c:367:19:HAL_HCD_HC_SubmitRequest	16	static
stm32h7xx_hal_hcd.c:608:13:HAL_HCD_SOF_Callback	0	static
stm32h7xx_hal_hcd.c:623:13:HAL_HCD_Connect_Callback	0	static
stm32h7xx_hal_hcd.c:638:13:HAL_HCD_Disconnect_Callback	0	static
stm32h7xx_hal_hcd.c:653:13:HAL_HCD_PortEnabled_Callback	0	static
stm32h7xx_hal_hcd.c:668:13:HAL_HCD_PortDisabled_Callback	0	static
stm32h7xx_hal_hcd.c:693:13:HAL_HCD_HC_NotifyURBChange_Callback	0	static
stm32h7xx_hal_hcd.c:494:6:HAL_HCD_IRQHandler	56	static
stm32h7xx_hal_hcd.c:1008:19:HAL_HCD_Start	16	static
stm32h7xx_hal_hcd.c:1024:19:HAL_HCD_Stop	8	static
stm32h7xx_hal_hcd.c:1038:19:HAL_HCD_ResetPort	0	static
stm32h7xx_hal_hcd.c:1067:18:HAL_HCD_GetState	0	static
stm32h7xx_hal_hcd.c:1086:21:HAL_HCD_HC_GetURBState	0	static
stm32h7xx_hal_hcd.c:1099:10:HAL_HCD_HC_GetXferCount	0	static
stm32h7xx_hal_hcd.c:1121:21:HAL_HCD_HC_GetState	0	static
stm32h7xx_hal_hcd.c:1131:10:HAL_HCD_GetCurrentFrame	0	static
stm32h7xx_hal_hcd.c:1141:10:HAL_HCD_GetCurrentSpeed	0	static
