main.c:96:5:main	8	static
main.c:182:6:SystemClock_Config	120	static
main.c:242:13:MX_DAC1_Init	48	static
main.c:289:13:MX_RNG_Init	8	static
main.c:316:13:MX_SDMMC1_SD_Init	4	static
main.c:343:13:MX_SPI1_Init	8	static
main.c:391:13:MX_USART3_UART_Init	8	static
main.c:439:13:MX_DMA_Init	16	static
main.c:467:13:MX_FMC_Init	64	static
main.c:554:13:MX_GPIO_Init	64	static
main.c:629:6:StartDefaultTask	16	static
main.c:648:6:HAL_TIM_PeriodElapsedCallback	16	static
main.c:665:6:Error_Handler	4	static,ignoring_inline_asm
