new:173:33:void* operator new(std::size_t, void*)	16	static
stl_deque.h:93:3:constexpr std::size_t std::__deque_buf_size(std::size_t)	16	static
gthr-default.h:229:1:int __gthread_key_delete(__gthread_key_t)	16	static
SparkboxAudioManager.h:78:3:SparkboxAudioManager::AudioStreamTracker::AudioStreamTracker(uint32_t)	16	static
SparkboxAudioManager.h:82:3:SparkboxAudioManager::AudioStreamTracker::~AudioStreamTracker()	16	static
SparkboxAudioManager.cpp:4:6:void cb_dmaComplete()	4	static
SparkboxAudioManager.cpp:8:6:void cb_audioTimerIT()	4	static
stl_vector.h:125:14:std::_Vector_base<SparkboxAudioManager::AudioStreamTracker, std::allocator<SparkboxAudioManager::AudioStreamTracker> >::_Vector_impl::~_Vector_impl()	16	static
stl_vector.h:285:7:std::_Vector_base<_Tp, _Alloc>::_Vector_base() [with _Tp = SparkboxAudioManager::AudioStreamTracker; _Alloc = std::allocator<SparkboxAudioManager::AudioStreamTracker>]	16	static
stl_vector.h:484:7:std::vector<_Tp, _Alloc>::vector() [with _Tp = SparkboxAudioManager::AudioStreamTracker; _Alloc = std::allocator<SparkboxAudioManager::AudioStreamTracker>]	16	static
stl_vector.h:125:14:std::_Vector_base<SparkboxAudioManager::ImportedAudioFile, std::allocator<SparkboxAudioManager::ImportedAudioFile> >::_Vector_impl::~_Vector_impl()	16	static
stl_vector.h:285:7:std::_Vector_base<_Tp, _Alloc>::_Vector_base() [with _Tp = SparkboxAudioManager::ImportedAudioFile; _Alloc = std::allocator<SparkboxAudioManager::ImportedAudioFile>]	16	static
stl_vector.h:484:7:std::vector<_Tp, _Alloc>::vector() [with _Tp = SparkboxAudioManager::ImportedAudioFile; _Alloc = std::allocator<SparkboxAudioManager::ImportedAudioFile>]	16	static
stl_queue.h:96:11:std::queue<SparkboxAudioManager::AudioDmaRequest>::~queue()	16	static
SparkboxAudioManager.cpp:13:1:SparkboxAudioManager::SparkboxAudioManager()	56	static
SparkboxAudioManager.cpp:31:1:SparkboxAudioManager::~SparkboxAudioManager()	16	static
SparkboxAudioManager.cpp:38:6:void SparkboxAudioManager::callback_DMATransferComplete()	40	static
SparkboxAudioManager.h:61:8:SparkboxAudioManager::ImportedAudioFile::ImportedAudioFile(const SparkboxAudioManager::ImportedAudioFile&)	16	static
SparkboxAudioManager.h:61:8:SparkboxAudioManager::ImportedAudioFile::~ImportedAudioFile()	16	static
SparkboxAudioManager.cpp:52:6:void SparkboxAudioManager::callback_AudioTimerIT()	144	static
stl_vector.h:128:2:std::_Vector_base<_Tp, _Alloc>::_Vector_impl::_Vector_impl() [with _Tp = SparkboxAudioManager::AudioStreamTracker; _Alloc = std::allocator<SparkboxAudioManager::AudioStreamTracker>]	16	static
allocator.h:153:7:std::allocator< <template-parameter-1-1> >::~allocator() [with _Tp = SparkboxAudioManager::AudioStreamTracker]	16	static
stl_vector.h:330:7:std::_Vector_base<_Tp, _Alloc>::~_Vector_base() [with _Tp = SparkboxAudioManager::AudioStreamTracker; _Alloc = std::allocator<SparkboxAudioManager::AudioStreamTracker>]	16	static
stl_vector.h:675:7:std::vector<_Tp, _Alloc>::~vector() [with _Tp = SparkboxAudioManager::AudioStreamTracker; _Alloc = std::allocator<SparkboxAudioManager::AudioStreamTracker>]	24	static
stl_vector.h:128:2:std::_Vector_base<_Tp, _Alloc>::_Vector_impl::_Vector_impl() [with _Tp = SparkboxAudioManager::ImportedAudioFile; _Alloc = std::allocator<SparkboxAudioManager::ImportedAudioFile>]	16	static
allocator.h:153:7:std::allocator< <template-parameter-1-1> >::~allocator() [with _Tp = SparkboxAudioManager::ImportedAudioFile]	16	static
stl_vector.h:330:7:std::_Vector_base<_Tp, _Alloc>::~_Vector_base() [with _Tp = SparkboxAudioManager::ImportedAudioFile; _Alloc = std::allocator<SparkboxAudioManager::ImportedAudioFile>]	16	static
stl_vector.h:675:7:std::vector<_Tp, _Alloc>::~vector() [with _Tp = SparkboxAudioManager::ImportedAudioFile; _Alloc = std::allocator<SparkboxAudioManager::ImportedAudioFile>]	24	static
stl_queue.h:160:2:std::queue<_Tp, _Sequence>::queue() [with _Seq = std::deque<SparkboxAudioManager::AudioDmaRequest, std::allocator<SparkboxAudioManager::AudioDmaRequest> >; _Requires = void; _Tp = SparkboxAudioManager::AudioDmaRequest; _Sequence = std::deque<SparkboxAudioManager::AudioDmaRequest, std::allocator<SparkboxAudioManager::AudioDmaRequest> >]	16	static
stl_deque.h:1071:7:std::deque<_Tp, _Alloc>::~deque() [with _Tp = SparkboxAudioManager::AudioDmaRequest; _Alloc = std::allocator<SparkboxAudioManager::AudioDmaRequest>]	48	static
stl_vector.h:1200:7:void std::vector<_Tp, _Alloc>::push_back(std::vector<_Tp, _Alloc>::value_type&&) [with _Tp = SparkboxAudioManager::AudioStreamTracker; _Alloc = std::allocator<SparkboxAudioManager::AudioStreamTracker>]	16	static
stl_queue.h:292:7:void std::queue<_Tp, _Sequence>::pop() [with _Tp = SparkboxAudioManager::AudioDmaRequest; _Sequence = std::deque<SparkboxAudioManager::AudioDmaRequest, std::allocator<SparkboxAudioManager::AudioDmaRequest> >]	16	static
stl_queue.h:197:7:bool std::queue<_Tp, _Sequence>::empty() const [with _Tp = SparkboxAudioManager::AudioDmaRequest; _Sequence = std::deque<SparkboxAudioManager::AudioDmaRequest, std::allocator<SparkboxAudioManager::AudioDmaRequest> >]	16	static
stl_queue.h:210:7:std::queue<_Tp, _Sequence>::reference std::queue<_Tp, _Sequence>::front() [with _Tp = SparkboxAudioManager::AudioDmaRequest; _Sequence = std::deque<SparkboxAudioManager::AudioDmaRequest, std::allocator<SparkboxAudioManager::AudioDmaRequest> >]	16	static
stl_vector.h:808:7:std::vector<_Tp, _Alloc>::iterator std::vector<_Tp, _Alloc>::begin() [with _Tp = SparkboxAudioManager::AudioStreamTracker; _Alloc = std::allocator<SparkboxAudioManager::AudioStreamTracker>]	24	static
stl_vector.h:826:7:std::vector<_Tp, _Alloc>::iterator std::vector<_Tp, _Alloc>::end() [with _Tp = SparkboxAudioManager::AudioStreamTracker; _Alloc = std::allocator<SparkboxAudioManager::AudioStreamTracker>]	24	static
stl_iterator.h:907:5:bool __gnu_cxx::operator!=(const __gnu_cxx::__normal_iterator<_Iterator, _Container>&, const __gnu_cxx::__normal_iterator<_Iterator, _Container>&) [with _Iterator = SparkboxAudioManager::AudioStreamTracker*; _Container = std::vector<SparkboxAudioManager::AudioStreamTracker>]	24	static
stl_iterator.h:827:7:__gnu_cxx::__normal_iterator<_Iterator, _Container>& __gnu_cxx::__normal_iterator<_Iterator, _Container>::operator++() [with _Iterator = SparkboxAudioManager::AudioStreamTracker*; _Container = std::vector<SparkboxAudioManager::AudioStreamTracker>]	16	static
stl_iterator.h:819:7:__gnu_cxx::__normal_iterator<_Iterator, _Container>::reference __gnu_cxx::__normal_iterator<_Iterator, _Container>::operator*() const [with _Iterator = SparkboxAudioManager::AudioStreamTracker*; _Container = std::vector<SparkboxAudioManager::AudioStreamTracker>]	16	static
stl_vector.h:1089:7:std::vector<_Tp, _Alloc>::reference std::vector<_Tp, _Alloc>::at(std::vector<_Tp, _Alloc>::size_type) [with _Tp = SparkboxAudioManager::ImportedAudioFile; _Alloc = std::allocator<SparkboxAudioManager::ImportedAudioFile>]	16	static
stl_queue.h:259:7:void std::queue<_Tp, _Sequence>::push(const value_type&) [with _Tp = SparkboxAudioManager::AudioDmaRequest; _Sequence = std::deque<SparkboxAudioManager::AudioDmaRequest, std::allocator<SparkboxAudioManager::AudioDmaRequest> >]	16	static
allocator.h:138:7:std::allocator< <template-parameter-1-1> >::allocator() [with _Tp = SparkboxAudioManager::AudioStreamTracker]	16	static
stl_vector.h:94:2:std::_Vector_base<_Tp, _Alloc>::_Vector_impl_data::_Vector_impl_data() [with _Tp = SparkboxAudioManager::AudioStreamTracker; _Alloc = std::allocator<SparkboxAudioManager::AudioStreamTracker>]	16	static
new_allocator.h:89:7:__gnu_cxx::new_allocator<_Tp>::~new_allocator() [with _Tp = SparkboxAudioManager::AudioStreamTracker]	16	static
stl_vector.h:347:7:void std::_Vector_base<_Tp, _Alloc>::_M_deallocate(std::_Vector_base<_Tp, _Alloc>::pointer, std::size_t) [with _Tp = SparkboxAudioManager::AudioStreamTracker; _Alloc = std::allocator<SparkboxAudioManager::AudioStreamTracker>]	24	static
stl_vector.h:273:7:std::_Vector_base<_Tp, _Alloc>::_Tp_alloc_type& std::_Vector_base<_Tp, _Alloc>::_M_get_Tp_allocator() [with _Tp = SparkboxAudioManager::AudioStreamTracker; _Alloc = std::allocator<SparkboxAudioManager::AudioStreamTracker>]	16	static
stl_construct.h:203:5:void std::_Destroy(_ForwardIterator, _ForwardIterator, std::allocator<_T2>&) [with _ForwardIterator = SparkboxAudioManager::AudioStreamTracker*; _Tp = SparkboxAudioManager::AudioStreamTracker]	24	static
allocator.h:138:7:std::allocator< <template-parameter-1-1> >::allocator() [with _Tp = SparkboxAudioManager::ImportedAudioFile]	16	static
stl_vector.h:94:2:std::_Vector_base<_Tp, _Alloc>::_Vector_impl_data::_Vector_impl_data() [with _Tp = SparkboxAudioManager::ImportedAudioFile; _Alloc = std::allocator<SparkboxAudioManager::ImportedAudioFile>]	16	static
new_allocator.h:89:7:__gnu_cxx::new_allocator<_Tp>::~new_allocator() [with _Tp = SparkboxAudioManager::ImportedAudioFile]	16	static
stl_vector.h:347:7:void std::_Vector_base<_Tp, _Alloc>::_M_deallocate(std::_Vector_base<_Tp, _Alloc>::pointer, std::size_t) [with _Tp = SparkboxAudioManager::ImportedAudioFile; _Alloc = std::allocator<SparkboxAudioManager::ImportedAudioFile>]	24	static
stl_vector.h:273:7:std::_Vector_base<_Tp, _Alloc>::_Tp_alloc_type& std::_Vector_base<_Tp, _Alloc>::_M_get_Tp_allocator() [with _Tp = SparkboxAudioManager::ImportedAudioFile; _Alloc = std::allocator<SparkboxAudioManager::ImportedAudioFile>]	16	static
stl_construct.h:203:5:void std::_Destroy(_ForwardIterator, _ForwardIterator, std::allocator<_T2>&) [with _ForwardIterator = SparkboxAudioManager::ImportedAudioFile*; _Tp = SparkboxAudioManager::ImportedAudioFile]	24	static
stl_deque.h:915:7:std::deque<_Tp, _Alloc>::deque() [with _Tp = SparkboxAudioManager::AudioDmaRequest; _Alloc = std::allocator<SparkboxAudioManager::AudioDmaRequest>]	16	static
stl_deque.h:567:14:std::_Deque_base<SparkboxAudioManager::AudioDmaRequest, std::allocator<SparkboxAudioManager::AudioDmaRequest> >::_Deque_impl::~_Deque_impl()	16	static
stl_deque.h:678:5:std::_Deque_base<_Tp, _Alloc>::~_Deque_base() [with _Tp = SparkboxAudioManager::AudioDmaRequest; _Alloc = std::allocator<SparkboxAudioManager::AudioDmaRequest>]	16	static
stl_deque.h:1193:7:std::deque<_Tp, _Alloc>::iterator std::deque<_Tp, _Alloc>::begin() [with _Tp = SparkboxAudioManager::AudioDmaRequest; _Alloc = std::allocator<SparkboxAudioManager::AudioDmaRequest>]	16	static
stl_deque.h:1210:7:std::deque<_Tp, _Alloc>::iterator std::deque<_Tp, _Alloc>::end() [with _Tp = SparkboxAudioManager::AudioDmaRequest; _Alloc = std::allocator<SparkboxAudioManager::AudioDmaRequest>]	16	static
stl_deque.h:605:7:std::_Deque_base<_Tp, _Alloc>::_Tp_alloc_type& std::_Deque_base<_Tp, _Alloc>::_M_get_Tp_allocator() [with _Tp = SparkboxAudioManager::AudioDmaRequest; _Alloc = std::allocator<SparkboxAudioManager::AudioDmaRequest>]	16	static
stl_deque.h:167:7:std::_Deque_iterator<_Tp, _Ref, _Ptr>::_Deque_iterator(const std::_Deque_iterator<_Tp, _Ref, _Ptr>&) [with _Tp = SparkboxAudioManager::AudioDmaRequest; _Ref = SparkboxAudioManager::AudioDmaRequest&; _Ptr = SparkboxAudioManager::AudioDmaRequest*]	16	static
stl_deque.h:2113:7:void std::deque<_Tp, _Alloc>::_M_destroy_data(std::deque<_Tp, _Alloc>::iterator, std::deque<_Tp, _Alloc>::iterator, const std::allocator<_Tp1>&) [with _Tp = SparkboxAudioManager::AudioDmaRequest; _Alloc = std::allocator<SparkboxAudioManager::AudioDmaRequest>]	56	static
move.h:99:5:constexpr typename std::remove_reference<_Tp>::type&& std::move(_Tp&&) [with _Tp = SparkboxAudioManager::AudioStreamTracker&]	16	static
vector.tcc:109:7:) [with _Args = {SparkboxAudioManager::AudioStreamTracker}; _Tp = SparkboxAudioManager::AudioStreamTracker; _Alloc = std::allocator<SparkboxAudioManager::AudioStreamTracker>]	24	static
stl_deque.h:1605:7:void std::deque<_Tp, _Alloc>::pop_front() [with _Tp = SparkboxAudioManager::AudioDmaRequest; _Alloc = std::allocator<SparkboxAudioManager::AudioDmaRequest>]	16	static
stl_deque.h:1384:7:bool std::deque<_Tp, _Alloc>::empty() const [with _Tp = SparkboxAudioManager::AudioDmaRequest; _Alloc = std::allocator<SparkboxAudioManager::AudioDmaRequest>]	16	static
stl_deque.h:1478:7:std::deque<_Tp, _Alloc>::reference std::deque<_Tp, _Alloc>::front() [with _Tp = SparkboxAudioManager::AudioDmaRequest; _Alloc = std::allocator<SparkboxAudioManager::AudioDmaRequest>]	32	static
stl_iterator.h:806:7:__gnu_cxx::__normal_iterator<_Iterator, _Container>::__normal_iterator(const _Iterator&) [with _Iterator = SparkboxAudioManager::AudioStreamTracker*; _Container = std::vector<SparkboxAudioManager::AudioStreamTracker>]	16	static
stl_iterator.h:871:7:const _Iterator& __gnu_cxx::__normal_iterator<_Iterator, _Container>::base() const [with _Iterator = SparkboxAudioManager::AudioStreamTracker*; _Container = std::vector<SparkboxAudioManager::AudioStreamTracker>]	16	static
stl_vector.h:1067:7:void std::vector<_Tp, _Alloc>::_M_range_check(std::vector<_Tp, _Alloc>::size_type) const [with _Tp = SparkboxAudioManager::ImportedAudioFile; _Alloc = std::allocator<SparkboxAudioManager::ImportedAudioFile>]	16	static
stl_vector.h:1040:7:std::vector<_Tp, _Alloc>::reference std::vector<_Tp, _Alloc>::operator[](std::vector<_Tp, _Alloc>::size_type) [with _Tp = SparkboxAudioManager::ImportedAudioFile; _Alloc = std::allocator<SparkboxAudioManager::ImportedAudioFile>]	16	static
stl_deque.h:1569:7:void std::deque<_Tp, _Alloc>::push_back(const value_type&) [with _Tp = SparkboxAudioManager::AudioDmaRequest; _Alloc = std::allocator<SparkboxAudioManager::AudioDmaRequest>]	16	static
new_allocator.h:80:7:__gnu_cxx::new_allocator<_Tp>::new_allocator() [with _Tp = SparkboxAudioManager::AudioStreamTracker]	16	static
alloc_traits.h:469:7:static void std::allocator_traits<std::allocator<_Tp1> >::deallocate(std::allocator_traits<std::allocator<_Tp1> >::allocator_type&, std::allocator_traits<std::allocator<_Tp1> >::pointer, std::allocator_traits<std::allocator<_Tp1> >::size_type) [with _Tp = SparkboxAudioManager::AudioStreamTracker]	24	static
stl_construct.h:127:5:void std::_Destroy(_ForwardIterator, _ForwardIterator) [with _ForwardIterator = SparkboxAudioManager::AudioStreamTracker*]	16	static
new_allocator.h:80:7:__gnu_cxx::new_allocator<_Tp>::new_allocator() [with _Tp = SparkboxAudioManager::ImportedAudioFile]	16	static
alloc_traits.h:469:7:static void std::allocator_traits<std::allocator<_Tp1> >::deallocate(std::allocator_traits<std::allocator<_Tp1> >::allocator_type&, std::allocator_traits<std::allocator<_Tp1> >::pointer, std::allocator_traits<std::allocator<_Tp1> >::size_type) [with _Tp = SparkboxAudioManager::ImportedAudioFile]	24	static
stl_construct.h:127:5:void std::_Destroy(_ForwardIterator, _ForwardIterator) [with _ForwardIterator = SparkboxAudioManager::ImportedAudioFile*]	16	static
stl_deque.h:508:7:std::_Deque_base<_Tp, _Alloc>::_Deque_base() [with _Tp = SparkboxAudioManager::AudioDmaRequest; _Alloc = std::allocator<SparkboxAudioManager::AudioDmaRequest>]	16	static
allocator.h:153:7:std::allocator< <template-parameter-1-1> >::~allocator() [with _Tp = SparkboxAudioManager::AudioDmaRequest]	16	static
stl_deque.h:756:5:void std::_Deque_base<_Tp, _Alloc>::_M_destroy_nodes(std::_Deque_base<_Tp, _Alloc>::_Map_pointer, std::_Deque_base<_Tp, _Alloc>::_Map_pointer) [with _Tp = SparkboxAudioManager::AudioDmaRequest; _Alloc = std::allocator<SparkboxAudioManager::AudioDmaRequest>]	32	static
stl_deque.h:638:7:void std::_Deque_base<_Tp, _Alloc>::_M_deallocate_map(std::_Deque_base<_Tp, _Alloc>::_Map_pointer, std::size_t) [with _Tp = SparkboxAudioManager::AudioDmaRequest; _Alloc = std::allocator<SparkboxAudioManager::AudioDmaRequest>]	32	static
move.h:74:5:constexpr _Tp&& std::forward(typename std::remove_reference<_Tp>::type&) [with _Tp = SparkboxAudioManager::AudioStreamTracker]	16	static
alloc_traits.h:482:2:) [with _Up = SparkboxAudioManager::AudioStreamTracker; _Args = {SparkboxAudioManager::AudioStreamTracker}; _Tp = SparkboxAudioManager::AudioStreamTracker]	24	static
stl_vector.h:441:7:static constexpr bool std::vector<_Tp, _Alloc>::_S_use_relocate() [with _Tp = SparkboxAudioManager::AudioStreamTracker; _Alloc = std::allocator<SparkboxAudioManager::AudioStreamTracker>]	16	static
stl_vector.h:428:7:static constexpr bool std::vector<_Tp, _Alloc>::_S_nothrow_relocate(std::true_type) [with _Tp = SparkboxAudioManager::AudioStreamTracker; _Alloc = std::allocator<SparkboxAudioManager::AudioStreamTracker>]	16	static
vector.tcc:426:7:) [with _Args = {SparkboxAudioManager::AudioStreamTracker}; _Tp = SparkboxAudioManager::AudioStreamTracker; _Alloc = std::allocator<SparkboxAudioManager::AudioStreamTracker>]	64	static
alloc_traits.h:495:2:static void std::allocator_traits<std::allocator<_Tp1> >::destroy(std::allocator_traits<std::allocator<_Tp1> >::allocator_type&, _Up*) [with _Up = SparkboxAudioManager::AudioDmaRequest; _Tp = SparkboxAudioManager::AudioDmaRequest]	16	static
deque.tcc:571:10:void std::deque<_Tp, _Alloc>::_M_pop_front_aux() [with _Tp = SparkboxAudioManager::AudioDmaRequest; _Alloc = std::allocator<SparkboxAudioManager::AudioDmaRequest>]	16	static
stl_deque.h:286:5:bool std::operator==(const std::_Deque_iterator<_Tp, _Ref, _Ptr>&, const std::_Deque_iterator<_Tp, _Ref, _Ptr>&) [with _Tp = SparkboxAudioManager::AudioDmaRequest; _Ref = SparkboxAudioManager::AudioDmaRequest&; _Ptr = SparkboxAudioManager::AudioDmaRequest*]	16	static
stl_deque.h:179:7:std::_Deque_iterator<_Tp, _Ref, _Ptr>::reference std::_Deque_iterator<_Tp, _Ref, _Ptr>::operator*() const [with _Tp = SparkboxAudioManager::AudioDmaRequest; _Ref = SparkboxAudioManager::AudioDmaRequest&; _Ptr = SparkboxAudioManager::AudioDmaRequest*]	16	static
stl_vector.h:915:7:std::vector<_Tp, _Alloc>::size_type std::vector<_Tp, _Alloc>::size() const [with _Tp = SparkboxAudioManager::ImportedAudioFile; _Alloc = std::allocator<SparkboxAudioManager::ImportedAudioFile>]	16	static
alloc_traits.h:482:2:) [with _Up = SparkboxAudioManager::AudioDmaRequest; _Args = {const SparkboxAudioManager::AudioDmaRequest&}; _Tp = SparkboxAudioManager::AudioDmaRequest]	24	static
deque.tcc:479:7:) [with _Args = {const SparkboxAudioManager::AudioDmaRequest&}; _Tp = SparkboxAudioManager::AudioDmaRequest; _Alloc = std::allocator<SparkboxAudioManager::AudioDmaRequest>]	24	static
new_allocator.h:119:7:void __gnu_cxx::new_allocator<_Tp>::deallocate(__gnu_cxx::new_allocator<_Tp>::pointer, __gnu_cxx::new_allocator<_Tp>::size_type) [with _Tp = SparkboxAudioManager::AudioStreamTracker]	24	static
stl_construct.h:105:9:static void std::_Destroy_aux<<anonymous> >::__destroy(_ForwardIterator, _ForwardIterator) [with _ForwardIterator = SparkboxAudioManager::AudioStreamTracker*; bool <anonymous> = false]	16	static
new_allocator.h:119:7:void __gnu_cxx::new_allocator<_Tp>::deallocate(__gnu_cxx::new_allocator<_Tp>::pointer, __gnu_cxx::new_allocator<_Tp>::size_type) [with _Tp = SparkboxAudioManager::ImportedAudioFile]	24	static
stl_construct.h:105:9:static void std::_Destroy_aux<<anonymous> >::__destroy(_ForwardIterator, _ForwardIterator) [with _ForwardIterator = SparkboxAudioManager::ImportedAudioFile*; bool <anonymous> = false]	16	static
stl_deque.h:575:2:std::_Deque_base<_Tp, _Alloc>::_Deque_impl::_Deque_impl() [with _Tp = SparkboxAudioManager::AudioDmaRequest; _Alloc = std::allocator<SparkboxAudioManager::AudioDmaRequest>]	16	static
stl_deque.h:699:5:void std::_Deque_base<_Tp, _Alloc>::_M_initialize_map(std::size_t) [with _Tp = SparkboxAudioManager::AudioDmaRequest; _Alloc = std::allocator<SparkboxAudioManager::AudioDmaRequest>]	48	static
new_allocator.h:89:7:__gnu_cxx::new_allocator<_Tp>::~new_allocator() [with _Tp = SparkboxAudioManager::AudioDmaRequest]	16	static
stl_deque.h:624:7:void std::_Deque_base<_Tp, _Alloc>::_M_deallocate_node(std::_Deque_base<_Tp, _Alloc>::_Ptr) [with _Tp = SparkboxAudioManager::AudioDmaRequest; _Alloc = std::allocator<SparkboxAudioManager::AudioDmaRequest>]	24	static
stl_deque.h:613:7:std::_Deque_base<_Tp, _Alloc>::_Map_alloc_type std::_Deque_base<_Tp, _Alloc>::_M_get_map_allocator() const [with _Tp = SparkboxAudioManager::AudioDmaRequest; _Alloc = std::allocator<SparkboxAudioManager::AudioDmaRequest>]	16	static
allocator.h:153:7:std::allocator< <template-parameter-1-1> >::~allocator() [with _Tp = SparkboxAudioManager::AudioDmaRequest*]	16	static
alloc_traits.h:469:7:static void std::allocator_traits<std::allocator<_Tp1> >::deallocate(std::allocator_traits<std::allocator<_Tp1> >::allocator_type&, std::allocator_traits<std::allocator<_Tp1> >::pointer, std::allocator_traits<std::allocator<_Tp1> >::size_type) [with _Tp = SparkboxAudioManager::AudioDmaRequest*]	24	static
new_allocator.h:144:2:) [with _Up = SparkboxAudioManager::AudioStreamTracker; _Args = {SparkboxAudioManager::AudioStreamTracker}; _Tp = SparkboxAudioManager::AudioStreamTracker]	32	static
stl_vector.h:1753:7:std::vector<_Tp, _Alloc>::size_type std::vector<_Tp, _Alloc>::_M_check_len(std::vector<_Tp, _Alloc>::size_type, const char*) const [with _Tp = SparkboxAudioManager::AudioStreamTracker; _Alloc = std::allocator<SparkboxAudioManager::AudioStreamTracker>]	40	static
stl_iterator.h:989:5:typename __gnu_cxx::__normal_iterator<_Iterator, _Container>::difference_type __gnu_cxx::operator-(const __gnu_cxx::__normal_iterator<_Iterator, _Container>&, const __gnu_cxx::__normal_iterator<_Iterator, _Container>&) [with _Iterator = SparkboxAudioManager::AudioStreamTracker*; _Container = std::vector<SparkboxAudioManager::AudioStreamTracker>]	24	static
stl_vector.h:340:7:std::_Vector_base<_Tp, _Alloc>::pointer std::_Vector_base<_Tp, _Alloc>::_M_allocate(std::size_t) [with _Tp = SparkboxAudioManager::AudioStreamTracker; _Alloc = std::allocator<SparkboxAudioManager::AudioStreamTracker>]	16	static
stl_vector.h:462:7:static std::vector<_Tp, _Alloc>::pointer std::vector<_Tp, _Alloc>::_S_relocate(std::vector<_Tp, _Alloc>::pointer, std::vector<_Tp, _Alloc>::pointer, std::vector<_Tp, _Alloc>::pointer, std::vector<_Tp, _Alloc>::_Tp_alloc_type&) [with _Tp = SparkboxAudioManager::AudioStreamTracker; _Alloc = std::allocator<SparkboxAudioManager::AudioStreamTracker>]	48	static
stl_uninitialized.h:323:5:_ForwardIterator std::__uninitialized_move_if_noexcept_a(_InputIterator, _InputIterator, _ForwardIterator, _Allocator&) [with _InputIterator = SparkboxAudioManager::AudioStreamTracker*; _ForwardIterator = SparkboxAudioManager::AudioStreamTracker*; _Allocator = std::allocator<SparkboxAudioManager::AudioStreamTracker>]	32	static
alloc_traits.h:495:2:static void std::allocator_traits<std::allocator<_Tp1> >::destroy(std::allocator_traits<std::allocator<_Tp1> >::allocator_type&, _Up*) [with _Up = SparkboxAudioManager::AudioStreamTracker; _Tp = SparkboxAudioManager::AudioStreamTracker]	16	static
new_allocator.h:151:2:void __gnu_cxx::new_allocator<_Tp>::destroy(_Up*) [with _Up = SparkboxAudioManager::AudioDmaRequest; _Tp = SparkboxAudioManager::AudioDmaRequest]	16	static
stl_deque.h:273:7:void std::_Deque_iterator<_Tp, _Ref, _Ptr>::_M_set_node(std::_Deque_iterator<_Tp, _Ref, _Ptr>::_Map_pointer) [with _Tp = SparkboxAudioManager::AudioDmaRequest; _Ref = SparkboxAudioManager::AudioDmaRequest&; _Ptr = SparkboxAudioManager::AudioDmaRequest*]	24	static
move.h:74:5:constexpr _Tp&& std::forward(typename std::remove_reference<_Tp>::type&) [with _Tp = const SparkboxAudioManager::AudioDmaRequest&]	16	static
new_allocator.h:144:2:) [with _Up = SparkboxAudioManager::AudioDmaRequest; _Args = {const SparkboxAudioManager::AudioDmaRequest&}; _Tp = SparkboxAudioManager::AudioDmaRequest]	32	static
stl_deque.h:1298:7:std::deque<_Tp, _Alloc>::size_type std::deque<_Tp, _Alloc>::size() const [with _Tp = SparkboxAudioManager::AudioDmaRequest; _Alloc = std::allocator<SparkboxAudioManager::AudioDmaRequest>]	16	static
stl_deque.h:1303:7:std::deque<_Tp, _Alloc>::size_type std::deque<_Tp, _Alloc>::max_size() const [with _Tp = SparkboxAudioManager::AudioDmaRequest; _Alloc = std::allocator<SparkboxAudioManager::AudioDmaRequest>]	16	static
stl_deque.h:2194:7:void std::deque<_Tp, _Alloc>::_M_reserve_map_at_back(std::deque<_Tp, _Alloc>::size_type) [with _Tp = SparkboxAudioManager::AudioDmaRequest; _Alloc = std::allocator<SparkboxAudioManager::AudioDmaRequest>]	16	static
stl_deque.h:617:7:std::_Deque_base<_Tp, _Alloc>::_Ptr std::_Deque_base<_Tp, _Alloc>::_M_allocate_node() [with _Tp = SparkboxAudioManager::AudioDmaRequest; _Alloc = std::allocator<SparkboxAudioManager::AudioDmaRequest>]	24	static
move.h:47:5:constexpr _Tp* std::__addressof(_Tp&) [with _Tp = SparkboxAudioManager::AudioStreamTracker]	16	static
stl_construct.h:97:5:void std::_Destroy(_Tp*) [with _Tp = SparkboxAudioManager::AudioStreamTracker]	16	static
move.h:47:5:constexpr _Tp* std::__addressof(_Tp&) [with _Tp = SparkboxAudioManager::ImportedAudioFile]	16	static
stl_construct.h:97:5:void std::_Destroy(_Tp*) [with _Tp = SparkboxAudioManager::ImportedAudioFile]	16	static
allocator.h:138:7:std::allocator< <template-parameter-1-1> >::allocator() [with _Tp = SparkboxAudioManager::AudioDmaRequest]	16	static
stl_deque.h:150:7:std::_Deque_iterator<_Tp, _Ref, _Ptr>::_Deque_iterator() [with _Tp = SparkboxAudioManager::AudioDmaRequest; _Ref = SparkboxAudioManager::AudioDmaRequest&; _Ptr = SparkboxAudioManager::AudioDmaRequest*]	16	static
stl_algobase.h:222:5:constexpr const _Tp& std::max(const _Tp&, const _Tp&) [with _Tp = unsigned int]	16	static
stl_deque.h:631:7:std::_Deque_base<_Tp, _Alloc>::_Map_pointer std::_Deque_base<_Tp, _Alloc>::_M_allocate_map(std::size_t) [with _Tp = SparkboxAudioManager::AudioDmaRequest; _Alloc = std::allocator<SparkboxAudioManager::AudioDmaRequest>]	32	static
stl_deque.h:738:5:void std::_Deque_base<_Tp, _Alloc>::_M_create_nodes(std::_Deque_base<_Tp, _Alloc>::_Map_pointer, std::_Deque_base<_Tp, _Alloc>::_Map_pointer) [with _Tp = SparkboxAudioManager::AudioDmaRequest; _Alloc = std::allocator<SparkboxAudioManager::AudioDmaRequest>]	32	static
alloc_traits.h:469:7:static void std::allocator_traits<std::allocator<_Tp1> >::deallocate(std::allocator_traits<std::allocator<_Tp1> >::allocator_type&, std::allocator_traits<std::allocator<_Tp1> >::pointer, std::allocator_traits<std::allocator<_Tp1> >::size_type) [with _Tp = SparkboxAudioManager::AudioDmaRequest]	24	static
stl_deque.h:609:7:const _Tp_alloc_type& std::_Deque_base<_Tp, _Alloc>::_M_get_Tp_allocator() const [with _Tp = SparkboxAudioManager::AudioDmaRequest; _Alloc = std::allocator<SparkboxAudioManager::AudioDmaRequest>]	16	static
allocator.h:151:2:std::allocator< <template-parameter-1-1> >::allocator(const std::allocator<_Tp1>&) [with _Tp1 = SparkboxAudioManager::AudioDmaRequest; _Tp = SparkboxAudioManager::AudioDmaRequest*]	16	static
new_allocator.h:89:7:__gnu_cxx::new_allocator<_Tp>::~new_allocator() [with _Tp = SparkboxAudioManager::AudioDmaRequest*]	16	static
new_allocator.h:119:7:void __gnu_cxx::new_allocator<_Tp>::deallocate(__gnu_cxx::new_allocator<_Tp>::pointer, __gnu_cxx::new_allocator<_Tp>::size_type) [with _Tp = SparkboxAudioManager::AudioDmaRequest*]	24	static
stl_vector.h:920:7:std::vector<_Tp, _Alloc>::size_type std::vector<_Tp, _Alloc>::max_size() const [with _Tp = SparkboxAudioManager::AudioStreamTracker; _Alloc = std::allocator<SparkboxAudioManager::AudioStreamTracker>]	16	static
stl_vector.h:915:7:std::vector<_Tp, _Alloc>::size_type std::vector<_Tp, _Alloc>::size() const [with _Tp = SparkboxAudioManager::AudioStreamTracker; _Alloc = std::allocator<SparkboxAudioManager::AudioStreamTracker>]	16	static
alloc_traits.h:443:7:static _Tp* std::allocator_traits<std::allocator<_Tp1> >::allocate(std::allocator_traits<std::allocator<_Tp1> >::allocator_type&, std::allocator_traits<std::allocator<_Tp1> >::size_type) [with _Tp = SparkboxAudioManager::AudioStreamTracker]	16	static
stl_vector.h:450:7:static std::vector<_Tp, _Alloc>::pointer std::vector<_Tp, _Alloc>::_S_do_relocate(std::vector<_Tp, _Alloc>::pointer, std::vector<_Tp, _Alloc>::pointer, std::vector<_Tp, _Alloc>::pointer, std::vector<_Tp, _Alloc>::_Tp_alloc_type&, std::true_type) [with _Tp = SparkboxAudioManager::AudioStreamTracker; _Alloc = std::allocator<SparkboxAudioManager::AudioStreamTracker>]	24	static
stl_iterator.h:1242:5:_ReturnType std::__make_move_if_noexcept_iterator(_Tp*) [with _Tp = SparkboxAudioManager::AudioStreamTracker; _ReturnType = std::move_iterator<SparkboxAudioManager::AudioStreamTracker*>]	24	static
stl_uninitialized.h:305:5:_ForwardIterator std::__uninitialized_copy_a(_InputIterator, _InputIterator, _ForwardIterator, std::allocator<_Tp>&) [with _InputIterator = std::move_iterator<SparkboxAudioManager::AudioStreamTracker*>; _ForwardIterator = SparkboxAudioManager::AudioStreamTracker*; _Tp = SparkboxAudioManager::AudioStreamTracker]	24	static
new_allocator.h:151:2:void __gnu_cxx::new_allocator<_Tp>::destroy(_Up*) [with _Up = SparkboxAudioManager::AudioStreamTracker; _Tp = SparkboxAudioManager::AudioStreamTracker]	16	static
stl_deque.h:130:21:static std::size_t std::_Deque_iterator<_Tp, _Ref, _Ptr>::_S_buffer_size() [with _Tp = SparkboxAudioManager::AudioDmaRequest; _Ref = SparkboxAudioManager::AudioDmaRequest&; _Ptr = SparkboxAudioManager::AudioDmaRequest*]	8	static
stl_deque.h:370:5:typename std::_Deque_iterator<_Tp, _Ref, _Ptr>::difference_type std::operator-(const std::_Deque_iterator<_Tp, _Ref, _Ptr>&, const std::_Deque_iterator<_Tp, _Ref, _Ptr>&) [with _Tp = SparkboxAudioManager::AudioDmaRequest; _Ref = SparkboxAudioManager::AudioDmaRequest&; _Ptr = SparkboxAudioManager::AudioDmaRequest*]	16	static
stl_deque.h:1896:7:static std::deque<_Tp, _Alloc>::size_type std::deque<_Tp, _Alloc>::_S_max_size(const _Tp_alloc_type&) [with _Tp = SparkboxAudioManager::AudioDmaRequest; _Alloc = std::allocator<SparkboxAudioManager::AudioDmaRequest>]	24	static
deque.tcc:926:5:void std::deque<_Tp, _Alloc>::_M_reallocate_map(std::deque<_Tp, _Alloc>::size_type, bool) [with _Tp = SparkboxAudioManager::AudioDmaRequest; _Alloc = std::allocator<SparkboxAudioManager::AudioDmaRequest>]	56	static
alloc_traits.h:443:7:static _Tp* std::allocator_traits<std::allocator<_Tp1> >::allocate(std::allocator_traits<std::allocator<_Tp1> >::allocator_type&, std::allocator_traits<std::allocator<_Tp1> >::size_type) [with _Tp = SparkboxAudioManager::AudioDmaRequest]	16	static
new_allocator.h:80:7:__gnu_cxx::new_allocator<_Tp>::new_allocator() [with _Tp = SparkboxAudioManager::AudioDmaRequest]	16	static
alloc_traits.h:443:7:static _Tp* std::allocator_traits<std::allocator<_Tp1> >::allocate(std::allocator_traits<std::allocator<_Tp1> >::allocator_type&, std::allocator_traits<std::allocator<_Tp1> >::size_type) [with _Tp = SparkboxAudioManager::AudioDmaRequest*]	16	static
new_allocator.h:119:7:void __gnu_cxx::new_allocator<_Tp>::deallocate(__gnu_cxx::new_allocator<_Tp>::pointer, __gnu_cxx::new_allocator<_Tp>::size_type) [with _Tp = SparkboxAudioManager::AudioDmaRequest]	24	static
new_allocator.h:80:7:__gnu_cxx::new_allocator<_Tp>::new_allocator() [with _Tp = SparkboxAudioManager::AudioDmaRequest*]	16	static
stl_vector.h:1773:7:static std::vector<_Tp, _Alloc>::size_type std::vector<_Tp, _Alloc>::_S_max_size(const _Tp_alloc_type&) [with _Tp = SparkboxAudioManager::AudioStreamTracker; _Alloc = std::allocator<SparkboxAudioManager::AudioStreamTracker>]	24	static
stl_vector.h:277:7:const _Tp_alloc_type& std::_Vector_base<_Tp, _Alloc>::_M_get_Tp_allocator() const [with _Tp = SparkboxAudioManager::AudioStreamTracker; _Alloc = std::allocator<SparkboxAudioManager::AudioStreamTracker>]	16	static
new_allocator.h:102:7:_Tp* __gnu_cxx::new_allocator<_Tp>::allocate(__gnu_cxx::new_allocator<_Tp>::size_type, const void*) [with _Tp = SparkboxAudioManager::AudioStreamTracker]	24	static
stl_uninitialized.h:958:5:_ForwardIterator std::__relocate_a(_InputIterator, _InputIterator, _ForwardIterator, _Allocator&) [with _InputIterator = SparkboxAudioManager::AudioStreamTracker*; _ForwardIterator = SparkboxAudioManager::AudioStreamTracker*; _Allocator = std::allocator<SparkboxAudioManager::AudioStreamTracker>]	32	static
stl_iterator.h:1057:7:std::move_iterator<_Iterator>::move_iterator(std::move_iterator<_Iterator>::iterator_type) [with _Iterator = SparkboxAudioManager::AudioStreamTracker*]	16	static
stl_uninitialized.h:115:5:_ForwardIterator std::uninitialized_copy(_InputIterator, _InputIterator, _ForwardIterator) [with _InputIterator = std::move_iterator<SparkboxAudioManager::AudioStreamTracker*>; _ForwardIterator = SparkboxAudioManager::AudioStreamTracker*]	32	static
alloc_traits.h:505:7:static std::allocator_traits<std::allocator<_Tp1> >::size_type std::allocator_traits<std::allocator<_Tp1> >::max_size(const allocator_type&) [with _Tp = SparkboxAudioManager::AudioDmaRequest]	16	static
stl_algobase.h:198:5:constexpr const _Tp& std::min(const _Tp&, const _Tp&) [with _Tp = unsigned int]	16	static
stl_algobase.h:465:5:_OI std::copy(_II, _II, _OI) [with _II = SparkboxAudioManager::AudioDmaRequest**; _OI = SparkboxAudioManager::AudioDmaRequest**]	32	static
stl_algobase.h:641:5:_BI2 std::copy_backward(_BI1, _BI1, _BI2) [with _BI1 = SparkboxAudioManager::AudioDmaRequest**; _BI2 = SparkboxAudioManager::AudioDmaRequest**]	32	static
new_allocator.h:102:7:_Tp* __gnu_cxx::new_allocator<_Tp>::allocate(__gnu_cxx::new_allocator<_Tp>::size_type, const void*) [with _Tp = SparkboxAudioManager::AudioDmaRequest]	24	static
new_allocator.h:102:7:_Tp* __gnu_cxx::new_allocator<_Tp>::allocate(__gnu_cxx::new_allocator<_Tp>::size_type, const void*) [with _Tp = SparkboxAudioManager::AudioDmaRequest*]	24	static
alloc_traits.h:505:7:static std::allocator_traits<std::allocator<_Tp1> >::size_type std::allocator_traits<std::allocator<_Tp1> >::max_size(const allocator_type&) [with _Tp = SparkboxAudioManager::AudioStreamTracker]	16	static
new_allocator.h:132:7:__gnu_cxx::new_allocator<_Tp>::size_type __gnu_cxx::new_allocator<_Tp>::max_size() const [with _Tp = SparkboxAudioManager::AudioStreamTracker]	16	static
stl_algobase.h:280:5:_Iterator std::__niter_base(_Iterator) [with _Iterator = SparkboxAudioManager::AudioStreamTracker*]	16	static
stl_uninitialized.h:936:5:_ForwardIterator std::__relocate_a_1(_InputIterator, _InputIterator, _ForwardIterator, _Allocator&) [with _InputIterator = SparkboxAudioManager::AudioStreamTracker*; _ForwardIterator = SparkboxAudioManager::AudioStreamTracker*; _Allocator = std::allocator<SparkboxAudioManager::AudioStreamTracker>]	40	static
stl_uninitialized.h:76:9:static _ForwardIterator std::__uninitialized_copy<_TrivialValueTypes>::__uninit_copy(_InputIterator, _InputIterator, _ForwardIterator) [with _InputIterator = std::move_iterator<SparkboxAudioManager::AudioStreamTracker*>; _ForwardIterator = SparkboxAudioManager::AudioStreamTracker*; bool _TrivialValueTypes = false]	40	static
new_allocator.h:132:7:__gnu_cxx::new_allocator<_Tp>::size_type __gnu_cxx::new_allocator<_Tp>::max_size() const [with _Tp = SparkboxAudioManager::AudioDmaRequest]	16	static
cpp_type_traits.h:428:5:_Iterator std::__miter_base(_Iterator) [with _Iterator = SparkboxAudioManager::AudioDmaRequest**]	16	static
stl_algobase.h:438:5:_OI std::__copy_move_a2(_II, _II, _OI) [with bool _IsMove = false; _II = SparkboxAudioManager::AudioDmaRequest**; _OI = SparkboxAudioManager::AudioDmaRequest**]	32	static
stl_algobase.h:613:5:_BI2 std::__copy_move_backward_a2(_BI1, _BI1, _BI2) [with bool _IsMove = false; _BI1 = SparkboxAudioManager::AudioDmaRequest**; _BI2 = SparkboxAudioManager::AudioDmaRequest**]	32	static
new_allocator.h:132:7:__gnu_cxx::new_allocator<_Tp>::size_type __gnu_cxx::new_allocator<_Tp>::max_size() const [with _Tp = SparkboxAudioManager::AudioDmaRequest*]	16	static
stl_uninitialized.h:905:5:void std::__relocate_object_a(_Tp*, _Up*, _Allocator&) [with _Tp = SparkboxAudioManager::AudioStreamTracker; _Up = SparkboxAudioManager::AudioStreamTracker; _Allocator = std::allocator<SparkboxAudioManager::AudioStreamTracker>]	24	static
stl_iterator.h:1157:5:bool std::operator!=(const std::move_iterator<_IteratorL>&, const std::move_iterator<_IteratorL>&) [with _Iterator = SparkboxAudioManager::AudioStreamTracker*]	16	static
stl_iterator.h:1078:7:std::move_iterator<_Iterator>& std::move_iterator<_Iterator>::operator++() [with _Iterator = SparkboxAudioManager::AudioStreamTracker*]	16	static
stl_iterator.h:1070:7:std::move_iterator<_Iterator>::reference std::move_iterator<_Iterator>::operator*() const [with _Iterator = SparkboxAudioManager::AudioStreamTracker*]	16	static
stl_construct.h:74:5:) [with _T1 = SparkboxAudioManager::AudioStreamTracker; _Args = {SparkboxAudioManager::AudioStreamTracker}]	24	static
stl_algobase.h:280:5:_Iterator std::__niter_base(_Iterator) [with _Iterator = SparkboxAudioManager::AudioDmaRequest**]	16	static
stl_algobase.h:393:5:_OI std::__copy_move_a(_II, _II, _OI) [with bool _IsMove = false; _II = SparkboxAudioManager::AudioDmaRequest**; _OI = SparkboxAudioManager::AudioDmaRequest**]	32	static
stl_algobase.h:295:5:_Iterator std::__niter_wrap(const _Iterator&, _Iterator) [with _Iterator = SparkboxAudioManager::AudioDmaRequest**]	16	static
stl_algobase.h:595:5:_BI2 std::__copy_move_backward_a(_BI1, _BI1, _BI2) [with bool _IsMove = false; _BI1 = SparkboxAudioManager::AudioDmaRequest**; _BI2 = SparkboxAudioManager::AudioDmaRequest**]	32	static
stl_iterator.h:1145:5:bool std::operator==(const std::move_iterator<_IteratorL>&, const std::move_iterator<_IteratorL>&) [with _Iterator = SparkboxAudioManager::AudioStreamTracker*]	24	static
stl_algobase.h:375:2:static _Tp* std::__copy_move<_IsMove, true, std::random_access_iterator_tag>::__copy_m(const _Tp*, const _Tp*, _Tp*) [with _Tp = SparkboxAudioManager::AudioDmaRequest*; bool _IsMove = false]	32	static
stl_algobase.h:577:2:static _Tp* std::__copy_move_backward<_IsMove, true, std::random_access_iterator_tag>::__copy_move_b(const _Tp*, const _Tp*, _Tp*) [with _Tp = SparkboxAudioManager::AudioDmaRequest*; bool _IsMove = false]	32	static
stl_iterator.h:1066:7:std::move_iterator<_Iterator>::iterator_type std::move_iterator<_Iterator>::base() const [with _Iterator = SparkboxAudioManager::AudioStreamTracker*]	16	static
