stm32h7xx_hal_msp.c:64:6:HAL_MspInit	16	static
stm32h7xx_hal_msp.c:87:6:HAL_DAC_MspInit	48	static
stm32h7xx_hal_msp.c:121:6:HAL_DAC_MspDeInit	16	static
stm32h7xx_hal_msp.c:150:6:HAL_RNG_MspInit	208	static
stm32h7xx_hal_msp.c:182:6:HAL_RNG_MspDeInit	16	static
stm32h7xx_hal_msp.c:204:6:HAL_SD_MspInit	240	static
stm32h7xx_hal_msp.c:263:6:HAL_SD_MspDeInit	16	static
stm32h7xx_hal_msp.c:299:6:HAL_SPI_MspInit	240	static
stm32h7xx_hal_msp.c:354:6:HAL_SPI_MspDeInit	16	static
stm32h7xx_hal_msp.c:386:6:HAL_UART_MspInit	232	static
stm32h7xx_hal_msp.c:440:6:HAL_UART_MspDeInit	16	static
stm32h7xx_hal_msp.c:465:13:HAL_FMC_MspInit	224	static
stm32h7xx_hal_msp.c:572:6:HAL_SRAM_MspInit	16	static
stm32h7xx_hal_msp.c:582:6:HAL_SDRAM_MspInit	16	static
stm32h7xx_hal_msp.c:594:13:HAL_FMC_MspDeInit	8	static
stm32h7xx_hal_msp.c:657:6:HAL_SRAM_MspDeInit	16	static
stm32h7xx_hal_msp.c:667:6:HAL_SDRAM_MspDeInit	16	static
